<?xml version="1.0" encoding="ISO-8859-1" ?>
<link_info>
   <banner>TI ARM Linker Unix v20.2.5.LTS</banner>
   <copyright>Copyright (c) 1996-2018 Texas Instruments Incorporated</copyright>
   <link_time>0x62700c23</link_time>
   <link_errors>0x0</link_errors>
   <output_file>Project.out</output_file>
   <entry_point>
      <name>_c_int00_noargs</name>
      <address>0x9309</address>
   </entry_point>
   <input_file_list>
      <input_file id="fl-1">
         <path>./</path>
         <kind>object</kind>
         <file>Project_Khaled_Ahmed.obj</file>
         <name>Project_Khaled_Ahmed.obj</name>
      </input_file>
      <input_file id="fl-2">
         <path>./</path>
         <kind>object</kind>
         <file>adc0.obj</file>
         <name>adc0.obj</name>
      </input_file>
      <input_file id="fl-3">
         <path>./</path>
         <kind>object</kind>
         <file>adc1.obj</file>
         <name>adc1.obj</name>
      </input_file>
      <input_file id="fl-4">
         <path>./</path>
         <kind>object</kind>
         <file>clock.obj</file>
         <name>clock.obj</name>
      </input_file>
      <input_file id="fl-5">
         <path>./</path>
         <kind>object</kind>
         <file>gpio.obj</file>
         <name>gpio.obj</name>
      </input_file>
      <input_file id="fl-6">
         <path>./</path>
         <kind>object</kind>
         <file>nvic.obj</file>
         <name>nvic.obj</name>
      </input_file>
      <input_file id="fl-7">
         <path>./</path>
         <kind>object</kind>
         <file>project.obj</file>
         <name>project.obj</name>
      </input_file>
      <input_file id="fl-8">
         <path>./</path>
         <kind>object</kind>
         <file>spi1.obj</file>
         <name>spi1.obj</name>
      </input_file>
      <input_file id="fl-9">
         <path>./</path>
         <kind>object</kind>
         <file>tm4c123gh6pm_startup_ccs.obj</file>
         <name>tm4c123gh6pm_startup_ccs.obj</name>
      </input_file>
      <input_file id="fl-a">
         <path>./</path>
         <kind>object</kind>
         <file>uart0.obj</file>
         <name>uart0.obj</name>
      </input_file>
      <input_file id="fl-b">
         <path>./</path>
         <kind>object</kind>
         <file>wait.obj</file>
         <name>wait.obj</name>
      </input_file>
      <input_file id="fl-f">
         <kind>object</kind>
         <file>&lt;internal&gt;</file>
         <name>&lt;internal&gt;</name>
      </input_file>
      <input_file id="fl-c5">
         <path>/Applications/ti/ccs1040/ccs/tools/compiler/ti-cgt-arm_20.2.5.LTS/lib/</path>
         <kind>archive</kind>
         <file>rtsv7M4_T_le_v4SPD16_eabi.lib</file>
         <name>sprintf.c.obj</name>
      </input_file>
      <input_file id="fl-c6">
         <path>/Applications/ti/ccs1040/ccs/tools/compiler/ti-cgt-arm_20.2.5.LTS/lib/</path>
         <kind>archive</kind>
         <file>rtsv7M4_T_le_v4SPD16_eabi.lib</file>
         <name>fflush.c.obj</name>
      </input_file>
      <input_file id="fl-c7">
         <path>/Applications/ti/ccs1040/ccs/tools/compiler/ti-cgt-arm_20.2.5.LTS/lib/</path>
         <kind>archive</kind>
         <file>rtsv7M4_T_le_v4SPD16_eabi.lib</file>
         <name>e_asin.c.obj</name>
      </input_file>
      <input_file id="fl-c8">
         <path>/Applications/ti/ccs1040/ccs/tools/compiler/ti-cgt-arm_20.2.5.LTS/lib/</path>
         <kind>archive</kind>
         <file>rtsv7M4_T_le_v4SPD16_eabi.lib</file>
         <name>e_fmod.c.obj</name>
      </input_file>
      <input_file id="fl-c9">
         <path>/Applications/ti/ccs1040/ccs/tools/compiler/ti-cgt-arm_20.2.5.LTS/lib/</path>
         <kind>archive</kind>
         <file>rtsv7M4_T_le_v4SPD16_eabi.lib</file>
         <name>e_log10.c.obj</name>
      </input_file>
      <input_file id="fl-ca">
         <path>/Applications/ti/ccs1040/ccs/tools/compiler/ti-cgt-arm_20.2.5.LTS/lib/</path>
         <kind>archive</kind>
         <file>rtsv7M4_T_le_v4SPD16_eabi.lib</file>
         <name>e_pow.c.obj</name>
      </input_file>
      <input_file id="fl-cb">
         <path>/Applications/ti/ccs1040/ccs/tools/compiler/ti-cgt-arm_20.2.5.LTS/lib/</path>
         <kind>archive</kind>
         <file>rtsv7M4_T_le_v4SPD16_eabi.lib</file>
         <name>e_sqrt.c.obj</name>
      </input_file>
      <input_file id="fl-cc">
         <path>/Applications/ti/ccs1040/ccs/tools/compiler/ti-cgt-arm_20.2.5.LTS/lib/</path>
         <kind>archive</kind>
         <file>rtsv7M4_T_le_v4SPD16_eabi.lib</file>
         <name>s_atan.c.obj</name>
      </input_file>
      <input_file id="fl-cd">
         <path>/Applications/ti/ccs1040/ccs/tools/compiler/ti-cgt-arm_20.2.5.LTS/lib/</path>
         <kind>archive</kind>
         <file>rtsv7M4_T_le_v4SPD16_eabi.lib</file>
         <name>s_scalbn.c.obj</name>
      </input_file>
      <input_file id="fl-ce">
         <path>/Applications/ti/ccs1040/ccs/tools/compiler/ti-cgt-arm_20.2.5.LTS/lib/</path>
         <kind>archive</kind>
         <file>rtsv7M4_T_le_v4SPD16_eabi.lib</file>
         <name>s_sin.c.obj</name>
      </input_file>
      <input_file id="fl-cf">
         <path>/Applications/ti/ccs1040/ccs/tools/compiler/ti-cgt-arm_20.2.5.LTS/lib/</path>
         <kind>archive</kind>
         <file>rtsv7M4_T_le_v4SPD16_eabi.lib</file>
         <name>s_tan.c.obj</name>
      </input_file>
      <input_file id="fl-d0">
         <path>/Applications/ti/ccs1040/ccs/tools/compiler/ti-cgt-arm_20.2.5.LTS/lib/</path>
         <kind>archive</kind>
         <file>rtsv7M4_T_le_v4SPD16_eabi.lib</file>
         <name>fd_add_t2.asm.obj</name>
      </input_file>
      <input_file id="fl-d1">
         <path>/Applications/ti/ccs1040/ccs/tools/compiler/ti-cgt-arm_20.2.5.LTS/lib/</path>
         <kind>archive</kind>
         <file>rtsv7M4_T_le_v4SPD16_eabi.lib</file>
         <name>fd_cmp_t2.asm.obj</name>
      </input_file>
      <input_file id="fl-d2">
         <path>/Applications/ti/ccs1040/ccs/tools/compiler/ti-cgt-arm_20.2.5.LTS/lib/</path>
         <kind>archive</kind>
         <file>rtsv7M4_T_le_v4SPD16_eabi.lib</file>
         <name>fd_div_t2.asm.obj</name>
      </input_file>
      <input_file id="fl-d3">
         <path>/Applications/ti/ccs1040/ccs/tools/compiler/ti-cgt-arm_20.2.5.LTS/lib/</path>
         <kind>archive</kind>
         <file>rtsv7M4_T_le_v4SPD16_eabi.lib</file>
         <name>fd_mul_t2.asm.obj</name>
      </input_file>
      <input_file id="fl-d4">
         <path>/Applications/ti/ccs1040/ccs/tools/compiler/ti-cgt-arm_20.2.5.LTS/lib/</path>
         <kind>archive</kind>
         <file>rtsv7M4_T_le_v4SPD16_eabi.lib</file>
         <name>fd_toi_t2.asm.obj</name>
      </input_file>
      <input_file id="fl-d5">
         <path>/Applications/ti/ccs1040/ccs/tools/compiler/ti-cgt-arm_20.2.5.LTS/lib/</path>
         <kind>archive</kind>
         <file>rtsv7M4_T_le_v4SPD16_eabi.lib</file>
         <name>fd_tos_t2.asm.obj</name>
      </input_file>
      <input_file id="fl-d6">
         <path>/Applications/ti/ccs1040/ccs/tools/compiler/ti-cgt-arm_20.2.5.LTS/lib/</path>
         <kind>archive</kind>
         <file>rtsv7M4_T_le_v4SPD16_eabi.lib</file>
         <name>fs_tod_t2.asm.obj</name>
      </input_file>
      <input_file id="fl-d7">
         <path>/Applications/ti/ccs1040/ccs/tools/compiler/ti-cgt-arm_20.2.5.LTS/lib/</path>
         <kind>archive</kind>
         <file>rtsv7M4_T_le_v4SPD16_eabi.lib</file>
         <name>i_tofd_t2.asm.obj</name>
      </input_file>
      <input_file id="fl-d8">
         <path>/Applications/ti/ccs1040/ccs/tools/compiler/ti-cgt-arm_20.2.5.LTS/lib/</path>
         <kind>archive</kind>
         <file>rtsv7M4_T_le_v4SPD16_eabi.lib</file>
         <name>memcpy_t2.asm.obj</name>
      </input_file>
      <input_file id="fl-d9">
         <path>/Applications/ti/ccs1040/ccs/tools/compiler/ti-cgt-arm_20.2.5.LTS/lib/</path>
         <kind>archive</kind>
         <file>rtsv7M4_T_le_v4SPD16_eabi.lib</file>
         <name>u_tofd_t2.asm.obj</name>
      </input_file>
      <input_file id="fl-da">
         <path>/Applications/ti/ccs1040/ccs/tools/compiler/ti-cgt-arm_20.2.5.LTS/lib/</path>
         <kind>archive</kind>
         <file>rtsv7M4_T_le_v4SPD16_eabi.lib</file>
         <name>copy_zero_init.c.obj</name>
      </input_file>
      <input_file id="fl-db">
         <path>/Applications/ti/ccs1040/ccs/tools/compiler/ti-cgt-arm_20.2.5.LTS/lib/</path>
         <kind>archive</kind>
         <file>rtsv7M4_T_le_v4SPD16_eabi.lib</file>
         <name>copy_decompress_none.c.obj</name>
      </input_file>
      <input_file id="fl-dc">
         <path>/Applications/ti/ccs1040/ccs/tools/compiler/ti-cgt-arm_20.2.5.LTS/lib/</path>
         <kind>archive</kind>
         <file>rtsv7M4_T_le_v4SPD16_eabi.lib</file>
         <name>copy_decompress_lzss.c.obj</name>
      </input_file>
      <input_file id="fl-dd">
         <path>/Applications/ti/ccs1040/ccs/tools/compiler/ti-cgt-arm_20.2.5.LTS/lib/</path>
         <kind>archive</kind>
         <file>rtsv7M4_T_le_v4SPD16_eabi.lib</file>
         <name>_lock.c.obj</name>
      </input_file>
      <input_file id="fl-de">
         <path>/Applications/ti/ccs1040/ccs/tools/compiler/ti-cgt-arm_20.2.5.LTS/lib/</path>
         <kind>archive</kind>
         <file>rtsv7M4_T_le_v4SPD16_eabi.lib</file>
         <name>atof.c.obj</name>
      </input_file>
      <input_file id="fl-df">
         <path>/Applications/ti/ccs1040/ccs/tools/compiler/ti-cgt-arm_20.2.5.LTS/lib/</path>
         <kind>archive</kind>
         <file>rtsv7M4_T_le_v4SPD16_eabi.lib</file>
         <name>defs.c.obj</name>
      </input_file>
      <input_file id="fl-e0">
         <path>/Applications/ti/ccs1040/ccs/tools/compiler/ti-cgt-arm_20.2.5.LTS/lib/</path>
         <kind>archive</kind>
         <file>rtsv7M4_T_le_v4SPD16_eabi.lib</file>
         <name>strcmp.c.obj</name>
      </input_file>
      <input_file id="fl-e1">
         <path>/Applications/ti/ccs1040/ccs/tools/compiler/ti-cgt-arm_20.2.5.LTS/lib/</path>
         <kind>archive</kind>
         <file>rtsv7M4_T_le_v4SPD16_eabi.lib</file>
         <name>strlen.c.obj</name>
      </input_file>
      <input_file id="fl-e2">
         <path>/Applications/ti/ccs1040/ccs/tools/compiler/ti-cgt-arm_20.2.5.LTS/lib/</path>
         <kind>archive</kind>
         <file>rtsv7M4_T_le_v4SPD16_eabi.lib</file>
         <name>strtod.c.obj</name>
      </input_file>
      <input_file id="fl-e3">
         <path>/Applications/ti/ccs1040/ccs/tools/compiler/ti-cgt-arm_20.2.5.LTS/lib/</path>
         <kind>archive</kind>
         <file>rtsv7M4_T_le_v4SPD16_eabi.lib</file>
         <name>strtok.c.obj</name>
      </input_file>
      <input_file id="fl-e4">
         <path>/Applications/ti/ccs1040/ccs/tools/compiler/ti-cgt-arm_20.2.5.LTS/lib/</path>
         <kind>archive</kind>
         <file>rtsv7M4_T_le_v4SPD16_eabi.lib</file>
         <name>k_rem_pio2.c.obj</name>
      </input_file>
      <input_file id="fl-e5">
         <path>/Applications/ti/ccs1040/ccs/tools/compiler/ti-cgt-arm_20.2.5.LTS/lib/</path>
         <kind>archive</kind>
         <file>rtsv7M4_T_le_v4SPD16_eabi.lib</file>
         <name>errno.c.obj</name>
      </input_file>
      <input_file id="fl-e6">
         <path>/Applications/ti/ccs1040/ccs/tools/compiler/ti-cgt-arm_20.2.5.LTS/lib/</path>
         <kind>archive</kind>
         <file>rtsv7M4_T_le_v4SPD16_eabi.lib</file>
         <name>boot_cortex_m.c.obj</name>
      </input_file>
      <input_file id="fl-e7">
         <path>/Applications/ti/ccs1040/ccs/tools/compiler/ti-cgt-arm_20.2.5.LTS/lib/</path>
         <kind>archive</kind>
         <file>rtsv7M4_T_le_v4SPD16_eabi.lib</file>
         <name>write.c.obj</name>
      </input_file>
      <input_file id="fl-e8">
         <path>/Applications/ti/ccs1040/ccs/tools/compiler/ti-cgt-arm_20.2.5.LTS/lib/</path>
         <kind>archive</kind>
         <file>rtsv7M4_T_le_v4SPD16_eabi.lib</file>
         <name>host_device.c.obj</name>
      </input_file>
      <input_file id="fl-e9">
         <path>/Applications/ti/ccs1040/ccs/tools/compiler/ti-cgt-arm_20.2.5.LTS/lib/</path>
         <kind>archive</kind>
         <file>rtsv7M4_T_le_v4SPD16_eabi.lib</file>
         <name>_printfi.c.obj</name>
      </input_file>
      <input_file id="fl-ea">
         <path>/Applications/ti/ccs1040/ccs/tools/compiler/ti-cgt-arm_20.2.5.LTS/lib/</path>
         <kind>archive</kind>
         <file>rtsv7M4_T_le_v4SPD16_eabi.lib</file>
         <name>s_copysign.c.obj</name>
      </input_file>
      <input_file id="fl-eb">
         <path>/Applications/ti/ccs1040/ccs/tools/compiler/ti-cgt-arm_20.2.5.LTS/lib/</path>
         <kind>archive</kind>
         <file>rtsv7M4_T_le_v4SPD16_eabi.lib</file>
         <name>k_cos.c.obj</name>
      </input_file>
      <input_file id="fl-ec">
         <path>/Applications/ti/ccs1040/ccs/tools/compiler/ti-cgt-arm_20.2.5.LTS/lib/</path>
         <kind>archive</kind>
         <file>rtsv7M4_T_le_v4SPD16_eabi.lib</file>
         <name>k_sin.c.obj</name>
      </input_file>
      <input_file id="fl-ed">
         <path>/Applications/ti/ccs1040/ccs/tools/compiler/ti-cgt-arm_20.2.5.LTS/lib/</path>
         <kind>archive</kind>
         <file>rtsv7M4_T_le_v4SPD16_eabi.lib</file>
         <name>k_tan.c.obj</name>
      </input_file>
      <input_file id="fl-ee">
         <path>/Applications/ti/ccs1040/ccs/tools/compiler/ti-cgt-arm_20.2.5.LTS/lib/</path>
         <kind>archive</kind>
         <file>rtsv7M4_T_le_v4SPD16_eabi.lib</file>
         <name>s_floor.c.obj</name>
      </input_file>
      <input_file id="fl-ef">
         <path>/Applications/ti/ccs1040/ccs/tools/compiler/ti-cgt-arm_20.2.5.LTS/lib/</path>
         <kind>archive</kind>
         <file>rtsv7M4_T_le_v4SPD16_eabi.lib</file>
         <name>s_frexp.c.obj</name>
      </input_file>
      <input_file id="fl-f0">
         <path>/Applications/ti/ccs1040/ccs/tools/compiler/ti-cgt-arm_20.2.5.LTS/lib/</path>
         <kind>archive</kind>
         <file>rtsv7M4_T_le_v4SPD16_eabi.lib</file>
         <name>wcslen.c.obj</name>
      </input_file>
      <input_file id="fl-f1">
         <path>/Applications/ti/ccs1040/ccs/tools/compiler/ti-cgt-arm_20.2.5.LTS/lib/</path>
         <kind>archive</kind>
         <file>rtsv7M4_T_le_v4SPD16_eabi.lib</file>
         <name>ull_div_t2.asm.obj</name>
      </input_file>
      <input_file id="fl-f2">
         <path>/Applications/ti/ccs1040/ccs/tools/compiler/ti-cgt-arm_20.2.5.LTS/lib/</path>
         <kind>archive</kind>
         <file>rtsv7M4_T_le_v4SPD16_eabi.lib</file>
         <name>memset_t2.asm.obj</name>
      </input_file>
      <input_file id="fl-f3">
         <path>/Applications/ti/ccs1040/ccs/tools/compiler/ti-cgt-arm_20.2.5.LTS/lib/</path>
         <kind>archive</kind>
         <file>rtsv7M4_T_le_v4SPD16_eabi.lib</file>
         <name>autoinit.c.obj</name>
      </input_file>
      <input_file id="fl-f4">
         <path>/Applications/ti/ccs1040/ccs/tools/compiler/ti-cgt-arm_20.2.5.LTS/lib/</path>
         <kind>archive</kind>
         <file>rtsv7M4_T_le_v4SPD16_eabi.lib</file>
         <name>pre_init.c.obj</name>
      </input_file>
      <input_file id="fl-f5">
         <path>/Applications/ti/ccs1040/ccs/tools/compiler/ti-cgt-arm_20.2.5.LTS/lib/</path>
         <kind>archive</kind>
         <file>rtsv7M4_T_le_v4SPD16_eabi.lib</file>
         <name>cpy_tbl.c.obj</name>
      </input_file>
      <input_file id="fl-f6">
         <path>/Applications/ti/ccs1040/ccs/tools/compiler/ti-cgt-arm_20.2.5.LTS/lib/</path>
         <kind>archive</kind>
         <file>rtsv7M4_T_le_v4SPD16_eabi.lib</file>
         <name>exit.c.obj</name>
      </input_file>
      <input_file id="fl-f7">
         <path>/Applications/ti/ccs1040/ccs/tools/compiler/ti-cgt-arm_20.2.5.LTS/lib/</path>
         <kind>archive</kind>
         <file>rtsv7M4_T_le_v4SPD16_eabi.lib</file>
         <name>_ltoa.c.obj</name>
      </input_file>
      <input_file id="fl-f8">
         <path>/Applications/ti/ccs1040/ccs/tools/compiler/ti-cgt-arm_20.2.5.LTS/lib/</path>
         <kind>archive</kind>
         <file>rtsv7M4_T_le_v4SPD16_eabi.lib</file>
         <name>args_main.c.obj</name>
      </input_file>
      <input_file id="fl-f9">
         <path>/Applications/ti/ccs1040/ccs/tools/compiler/ti-cgt-arm_20.2.5.LTS/lib/</path>
         <kind>archive</kind>
         <file>rtsv7M4_T_le_v4SPD16_eabi.lib</file>
         <name>atoi.c.obj</name>
      </input_file>
      <input_file id="fl-fa">
         <path>/Applications/ti/ccs1040/ccs/tools/compiler/ti-cgt-arm_20.2.5.LTS/lib/</path>
         <kind>archive</kind>
         <file>rtsv7M4_T_le_v4SPD16_eabi.lib</file>
         <name>ctype.c.obj</name>
      </input_file>
      <input_file id="fl-fb">
         <path>/Applications/ti/ccs1040/ccs/tools/compiler/ti-cgt-arm_20.2.5.LTS/lib/</path>
         <kind>archive</kind>
         <file>rtsv7M4_T_le_v4SPD16_eabi.lib</file>
         <name>memccpy.c.obj</name>
      </input_file>
      <input_file id="fl-fc">
         <path>/Applications/ti/ccs1040/ccs/tools/compiler/ti-cgt-arm_20.2.5.LTS/lib/</path>
         <kind>archive</kind>
         <file>rtsv7M4_T_le_v4SPD16_eabi.lib</file>
         <name>strchr.c.obj</name>
      </input_file>
      <input_file id="fl-fd">
         <path>/Applications/ti/ccs1040/ccs/tools/compiler/ti-cgt-arm_20.2.5.LTS/lib/</path>
         <kind>archive</kind>
         <file>rtsv7M4_T_le_v4SPD16_eabi.lib</file>
         <name>strcspn.c.obj</name>
      </input_file>
      <input_file id="fl-fe">
         <path>/Applications/ti/ccs1040/ccs/tools/compiler/ti-cgt-arm_20.2.5.LTS/lib/</path>
         <kind>archive</kind>
         <file>rtsv7M4_T_le_v4SPD16_eabi.lib</file>
         <name>strspn.c.obj</name>
      </input_file>
      <input_file id="fl-ff">
         <path>/Applications/ti/ccs1040/ccs/tools/compiler/ti-cgt-arm_20.2.5.LTS/lib/</path>
         <kind>archive</kind>
         <file>rtsv7M4_T_le_v4SPD16_eabi.lib</file>
         <name>hostclose.c.obj</name>
      </input_file>
      <input_file id="fl-100">
         <path>/Applications/ti/ccs1040/ccs/tools/compiler/ti-cgt-arm_20.2.5.LTS/lib/</path>
         <kind>archive</kind>
         <file>rtsv7M4_T_le_v4SPD16_eabi.lib</file>
         <name>hostlseek.c.obj</name>
      </input_file>
      <input_file id="fl-101">
         <path>/Applications/ti/ccs1040/ccs/tools/compiler/ti-cgt-arm_20.2.5.LTS/lib/</path>
         <kind>archive</kind>
         <file>rtsv7M4_T_le_v4SPD16_eabi.lib</file>
         <name>hostopen.c.obj</name>
      </input_file>
      <input_file id="fl-102">
         <path>/Applications/ti/ccs1040/ccs/tools/compiler/ti-cgt-arm_20.2.5.LTS/lib/</path>
         <kind>archive</kind>
         <file>rtsv7M4_T_le_v4SPD16_eabi.lib</file>
         <name>hostread.c.obj</name>
      </input_file>
      <input_file id="fl-103">
         <path>/Applications/ti/ccs1040/ccs/tools/compiler/ti-cgt-arm_20.2.5.LTS/lib/</path>
         <kind>archive</kind>
         <file>rtsv7M4_T_le_v4SPD16_eabi.lib</file>
         <name>hostrename.c.obj</name>
      </input_file>
      <input_file id="fl-104">
         <path>/Applications/ti/ccs1040/ccs/tools/compiler/ti-cgt-arm_20.2.5.LTS/lib/</path>
         <kind>archive</kind>
         <file>rtsv7M4_T_le_v4SPD16_eabi.lib</file>
         <name>hostunlink.c.obj</name>
      </input_file>
      <input_file id="fl-105">
         <path>/Applications/ti/ccs1040/ccs/tools/compiler/ti-cgt-arm_20.2.5.LTS/lib/</path>
         <kind>archive</kind>
         <file>rtsv7M4_T_le_v4SPD16_eabi.lib</file>
         <name>hostwrite.c.obj</name>
      </input_file>
      <input_file id="fl-106">
         <path>/Applications/ti/ccs1040/ccs/tools/compiler/ti-cgt-arm_20.2.5.LTS/lib/</path>
         <kind>archive</kind>
         <file>rtsv7M4_T_le_v4SPD16_eabi.lib</file>
         <name>trgmsg.c.obj</name>
      </input_file>
      <input_file id="fl-107">
         <path>/Applications/ti/ccs1040/ccs/tools/compiler/ti-cgt-arm_20.2.5.LTS/lib/</path>
         <kind>archive</kind>
         <file>rtsv7M4_T_le_v4SPD16_eabi.lib</file>
         <name>div0.asm.obj</name>
      </input_file>
      <input_file id="fl-108">
         <path>/Applications/ti/ccs1040/ccs/tools/compiler/ti-cgt-arm_20.2.5.LTS/lib/</path>
         <kind>archive</kind>
         <file>rtsv7M4_T_le_v4SPD16_eabi.lib</file>
         <name>strcpy.c.obj</name>
      </input_file>
   </input_file_list>
   <object_component_list>
      <object_component id="oc-12">
         <name>.intvecs</name>
         <load_address>0x0</load_address>
         <run_address>0x0</run_address>
         <size>0x26c</size>
         <input_file_ref idref="fl-9"/>
      </object_component>
      <object_component id="oc-2d">
         <name>.text</name>
         <load_address>0x26c</load_address>
         <run_address>0x26c</run_address>
         <size>0x29dc</size>
         <input_file_ref idref="fl-1"/>
      </object_component>
      <object_component id="oc-1c5">
         <name>.text:__TI_printfi</name>
         <load_address>0x2c48</load_address>
         <run_address>0x2c48</run_address>
         <size>0xa4e</size>
         <input_file_ref idref="fl-e9"/>
      </object_component>
      <object_component id="oc-31b">
         <name>.text:_nop</name>
         <load_address>0x3696</load_address>
         <run_address>0x3696</run_address>
         <size>0x2</size>
         <input_file_ref idref="fl-dd"/>
      </object_component>
      <object_component id="oc-dd">
         <name>.text:pow</name>
         <load_address>0x3698</load_address>
         <run_address>0x3698</run_address>
         <size>0x9d0</size>
         <input_file_ref idref="fl-ca"/>
      </object_component>
      <object_component id="oc-80">
         <name>.text</name>
         <load_address>0x4068</load_address>
         <run_address>0x4068</run_address>
         <size>0x7e4</size>
         <input_file_ref idref="fl-5"/>
      </object_component>
      <object_component id="oc-19b">
         <name>.text:__kernel_rem_pio2</name>
         <load_address>0x484c</load_address>
         <run_address>0x484c</run_address>
         <size>0x738</size>
         <input_file_ref idref="fl-e4"/>
      </object_component>
      <object_component id="oc-ad">
         <name>.text:sin</name>
         <load_address>0x4f84</load_address>
         <run_address>0x4f84</run_address>
         <size>0x5e0</size>
         <input_file_ref idref="fl-ce"/>
      </object_component>
      <object_component id="oc-d7">
         <name>.text</name>
         <load_address>0x5564</load_address>
         <run_address>0x5564</run_address>
         <size>0x5a4</size>
         <input_file_ref idref="fl-a"/>
      </object_component>
      <object_component id="oc-bb">
         <name>.text:tan</name>
         <load_address>0x5b08</load_address>
         <run_address>0x5b08</run_address>
         <size>0x508</size>
         <input_file_ref idref="fl-cf"/>
      </object_component>
      <object_component id="oc-201">
         <name>.text:strtod</name>
         <load_address>0x6010</load_address>
         <run_address>0x6010</run_address>
         <size>0x460</size>
         <input_file_ref idref="fl-e2"/>
      </object_component>
      <object_component id="oc-b5">
         <name>.text:asin</name>
         <load_address>0x6470</load_address>
         <run_address>0x6470</run_address>
         <size>0x3d4</size>
         <input_file_ref idref="fl-c7"/>
      </object_component>
      <object_component id="oc-1b7">
         <name>.text:__kernel_tan</name>
         <load_address>0x6844</load_address>
         <run_address>0x6844</run_address>
         <size>0x31c</size>
         <input_file_ref idref="fl-ed"/>
      </object_component>
      <object_component id="oc-108">
         <name>.text:log10</name>
         <load_address>0x6b60</load_address>
         <run_address>0x6b60</run_address>
         <size>0x2f4</size>
         <input_file_ref idref="fl-c9"/>
      </object_component>
      <object_component id="oc-c1">
         <name>.text:atan</name>
         <load_address>0x6e54</load_address>
         <run_address>0x6e54</run_address>
         <size>0x2ec</size>
         <input_file_ref idref="fl-cc"/>
      </object_component>
      <object_component id="oc-2c8">
         <name>.text:_pconv_a</name>
         <load_address>0x7140</load_address>
         <run_address>0x7140</run_address>
         <size>0x270</size>
         <input_file_ref idref="fl-e9"/>
      </object_component>
      <object_component id="oc-8b">
         <name>.text:fmod</name>
         <load_address>0x73b0</load_address>
         <run_address>0x73b0</run_address>
         <size>0x234</size>
         <input_file_ref idref="fl-c8"/>
      </object_component>
      <object_component id="oc-2b6">
         <name>.text:_pconv_g</name>
         <load_address>0x75e4</load_address>
         <run_address>0x75e4</run_address>
         <size>0x1d0</size>
         <input_file_ref idref="fl-e9"/>
      </object_component>
      <object_component id="oc-a8">
         <name>.text</name>
         <load_address>0x77b4</load_address>
         <run_address>0x77b4</run_address>
         <size>0x1b6</size>
         <input_file_ref idref="fl-d0"/>
      </object_component>
      <object_component id="oc-3e9">
         <name>.text</name>
         <load_address>0x796a</load_address>
         <run_address>0x796a</run_address>
         <size>0x2</size>
         <input_file_ref idref="fl-107"/>
      </object_component>
      <object_component id="oc-18b">
         <name>.text:__kernel_sin</name>
         <load_address>0x796c</load_address>
         <run_address>0x796c</run_address>
         <size>0x174</size>
         <input_file_ref idref="fl-ec"/>
      </object_component>
      <object_component id="oc-1a1">
         <name>.text:__kernel_cos</name>
         <load_address>0x7ae0</load_address>
         <run_address>0x7ae0</run_address>
         <size>0x170</size>
         <input_file_ref idref="fl-eb"/>
      </object_component>
      <object_component id="oc-1a9">
         <name>.text:sqrt</name>
         <load_address>0x7c50</load_address>
         <run_address>0x7c50</run_address>
         <size>0x158</size>
         <input_file_ref idref="fl-cb"/>
      </object_component>
      <object_component id="oc-2c2">
         <name>.text:_pconv_e</name>
         <load_address>0x7da8</load_address>
         <run_address>0x7da8</run_address>
         <size>0x13c</size>
         <input_file_ref idref="fl-e9"/>
      </object_component>
      <object_component id="oc-7a">
         <name>.text</name>
         <load_address>0x7ee4</load_address>
         <run_address>0x7ee4</run_address>
         <size>0x13c</size>
         <input_file_ref idref="fl-8"/>
      </object_component>
      <object_component id="oc-a3">
         <name>.text</name>
         <load_address>0x8020</load_address>
         <run_address>0x8020</run_address>
         <size>0x136</size>
         <input_file_ref idref="fl-d2"/>
      </object_component>
      <object_component id="oc-383">
         <name>.text:fcvt</name>
         <load_address>0x8158</load_address>
         <run_address>0x8158</run_address>
         <size>0x124</size>
         <input_file_ref idref="fl-e9"/>
      </object_component>
      <object_component id="oc-1e3">
         <name>.text:scalbn</name>
         <load_address>0x827c</load_address>
         <run_address>0x827c</run_address>
         <size>0x110</size>
         <input_file_ref idref="fl-cd"/>
      </object_component>
      <object_component id="oc-e3">
         <name>.text</name>
         <load_address>0x838c</load_address>
         <run_address>0x838c</run_address>
         <size>0x104</size>
         <input_file_ref idref="fl-2"/>
      </object_component>
      <object_component id="oc-e9">
         <name>.text</name>
         <load_address>0x8490</load_address>
         <run_address>0x8490</run_address>
         <size>0x104</size>
         <input_file_ref idref="fl-3"/>
      </object_component>
      <object_component id="oc-9e">
         <name>.text</name>
         <load_address>0x8594</load_address>
         <run_address>0x8594</run_address>
         <size>0xfc</size>
         <input_file_ref idref="fl-d3"/>
      </object_component>
      <object_component id="oc-281">
         <name>.text:floor</name>
         <load_address>0x8690</load_address>
         <run_address>0x8690</run_address>
         <size>0xf8</size>
         <input_file_ref idref="fl-ee"/>
      </object_component>
      <object_component id="oc-2b0">
         <name>.text:_ltostr</name>
         <load_address>0x8788</load_address>
         <run_address>0x8788</run_address>
         <size>0xb1</size>
         <input_file_ref idref="fl-e9"/>
      </object_component>
      <object_component id="oc-41">
         <name>.text</name>
         <load_address>0x883a</load_address>
         <run_address>0x883a</run_address>
         <size>0x9c</size>
         <input_file_ref idref="fl-d8"/>
      </object_component>
      <object_component id="oc-36a">
         <name>.text</name>
         <load_address>0x88d6</load_address>
         <run_address>0x88d6</run_address>
         <size>0x96</size>
         <input_file_ref idref="fl-f1"/>
      </object_component>
      <object_component id="oc-196">
         <name>.text:__aeabi_cdcmple</name>
         <load_address>0x896c</load_address>
         <run_address>0x896c</run_address>
         <size>0x86</size>
         <input_file_ref idref="fl-d1"/>
      </object_component>
      <object_component id="oc-c7">
         <name>.text:__aeabi_cdrcmple</name>
         <load_address>0x89f2</load_address>
         <run_address>0x89f2</run_address>
         <size>0x86</size>
         <input_file_ref idref="fl-d1"/>
      </object_component>
      <object_component id="oc-113">
         <name>.text:fflush</name>
         <load_address>0x8a78</load_address>
         <run_address>0x8a78</run_address>
         <size>0x7c</size>
         <input_file_ref idref="fl-c6"/>
      </object_component>
      <object_component id="oc-148">
         <name>.text</name>
         <load_address>0x8af4</load_address>
         <run_address>0x8af4</run_address>
         <size>0x7a</size>
         <input_file_ref idref="fl-f2"/>
      </object_component>
      <object_component id="oc-37c">
         <name>.text:_mcpy</name>
         <load_address>0x8b6e</load_address>
         <run_address>0x8b6e</run_address>
         <size>0x6e</size>
         <input_file_ref idref="fl-e9"/>
      </object_component>
      <object_component id="oc-91">
         <name>.text</name>
         <load_address>0x8bdc</load_address>
         <run_address>0x8bdc</run_address>
         <size>0x6e</size>
         <input_file_ref idref="fl-d5"/>
      </object_component>
      <object_component id="oc-452">
         <name>.text:HOSTrename</name>
         <load_address>0x8c4c</load_address>
         <run_address>0x8c4c</run_address>
         <size>0x6c</size>
         <input_file_ref idref="fl-103"/>
      </object_component>
      <object_component id="oc-446">
         <name>.text:HOSTlseek</name>
         <load_address>0x8cb8</load_address>
         <run_address>0x8cb8</run_address>
         <size>0x68</size>
         <input_file_ref idref="fl-100"/>
      </object_component>
      <object_component id="oc-15">
         <name>.text:decompress:lzss:__TI_decompress_lzss</name>
         <load_address>0x8d20</load_address>
         <run_address>0x8d20</run_address>
         <size>0x68</size>
         <input_file_ref idref="fl-dc"/>
      </object_component>
      <object_component id="oc-391">
         <name>.text:frexp</name>
         <load_address>0x8d88</load_address>
         <run_address>0x8d88</run_address>
         <size>0x64</size>
         <input_file_ref idref="fl-ef"/>
      </object_component>
      <object_component id="oc-42e">
         <name>.text:HOSTopen</name>
         <load_address>0x8dec</load_address>
         <run_address>0x8dec</run_address>
         <size>0x60</size>
         <input_file_ref idref="fl-101"/>
      </object_component>
      <object_component id="oc-43a">
         <name>.text:HOSTread</name>
         <load_address>0x8e4c</load_address>
         <run_address>0x8e4c</run_address>
         <size>0x58</size>
         <input_file_ref idref="fl-102"/>
      </object_component>
      <object_component id="oc-440">
         <name>.text:HOSTwrite</name>
         <load_address>0x8ea4</load_address>
         <run_address>0x8ea4</run_address>
         <size>0x58</size>
         <input_file_ref idref="fl-105"/>
      </object_component>
      <object_component id="oc-2bc">
         <name>.text:_pconv_f</name>
         <load_address>0x8efc</load_address>
         <run_address>0x8efc</run_address>
         <size>0x56</size>
         <input_file_ref idref="fl-e9"/>
      </object_component>
      <object_component id="oc-370">
         <name>.text:__TI_ltoa</name>
         <load_address>0x8f52</load_address>
         <run_address>0x8f52</run_address>
         <size>0x54</size>
         <input_file_ref idref="fl-f7"/>
      </object_component>
      <object_component id="oc-376">
         <name>.text:_ecpy</name>
         <load_address>0x8fa6</load_address>
         <run_address>0x8fa6</run_address>
         <size>0x52</size>
         <input_file_ref idref="fl-e9"/>
      </object_component>
      <object_component id="oc-212">
         <name>.text:__TI_doflush</name>
         <load_address>0x8ff8</load_address>
         <run_address>0x8ff8</run_address>
         <size>0x4c</size>
         <input_file_ref idref="fl-c6"/>
      </object_component>
      <object_component id="oc-2aa">
         <name>.text:atoi</name>
         <load_address>0x9044</load_address>
         <run_address>0x9044</run_address>
         <size>0x4c</size>
         <input_file_ref idref="fl-f9"/>
      </object_component>
      <object_component id="oc-cc">
         <name>.text</name>
         <load_address>0x9090</load_address>
         <run_address>0x9090</run_address>
         <size>0x48</size>
         <input_file_ref idref="fl-d4"/>
      </object_component>
      <object_component id="oc-434">
         <name>.text:HOSTclose</name>
         <load_address>0x90d8</load_address>
         <run_address>0x90d8</run_address>
         <size>0x44</size>
         <input_file_ref idref="fl-ff"/>
      </object_component>
      <object_component id="oc-44c">
         <name>.text:HOSTunlink</name>
         <load_address>0x911c</load_address>
         <run_address>0x911c</run_address>
         <size>0x44</size>
         <input_file_ref idref="fl-104"/>
      </object_component>
      <object_component id="oc-240">
         <name>.text:__TI_auto_init_nobinit_nopinit:__TI_auto_init_nobinit_nopinit</name>
         <load_address>0x9160</load_address>
         <run_address>0x9160</run_address>
         <size>0x44</size>
         <input_file_ref idref="fl-f3"/>
      </object_component>
      <object_component id="oc-d1">
         <name>.text:sprintf</name>
         <load_address>0x91a4</load_address>
         <run_address>0x91a4</run_address>
         <size>0x40</size>
         <input_file_ref idref="fl-c5"/>
      </object_component>
      <object_component id="oc-ef">
         <name>.text:strtok</name>
         <load_address>0x91e4</load_address>
         <run_address>0x91e4</run_address>
         <size>0x40</size>
         <input_file_ref idref="fl-e3"/>
      </object_component>
      <object_component id="oc-389">
         <name>.text:_fcpy</name>
         <load_address>0x9224</load_address>
         <run_address>0x9224</run_address>
         <size>0x3e</size>
         <input_file_ref idref="fl-e9"/>
      </object_component>
      <object_component id="oc-45c">
         <name>.text:__TI_writemsg</name>
         <load_address>0x9264</load_address>
         <run_address>0x9264</run_address>
         <size>0x38</size>
         <input_file_ref idref="fl-106"/>
      </object_component>
      <object_component id="oc-86">
         <name>.text</name>
         <load_address>0x929c</load_address>
         <run_address>0x929c</run_address>
         <size>0x38</size>
         <input_file_ref idref="fl-d6"/>
      </object_component>
      <object_component id="oc-462">
         <name>.text:__TI_readmsg</name>
         <load_address>0x92d4</load_address>
         <run_address>0x92d4</run_address>
         <size>0x34</size>
         <input_file_ref idref="fl-106"/>
      </object_component>
      <object_component id="oc-5f">
         <name>.text:_c_int00_noargs:_c_int00_noargs</name>
         <load_address>0x9308</load_address>
         <run_address>0x9308</run_address>
         <size>0x34</size>
         <input_file_ref idref="fl-e6"/>
      </object_component>
      <object_component id="oc-191">
         <name>.text</name>
         <load_address>0x933c</load_address>
         <run_address>0x933c</run_address>
         <size>0x2e</size>
         <input_file_ref idref="fl-d7"/>
      </object_component>
      <object_component id="oc-1ee">
         <name>.text:strspn</name>
         <load_address>0x936a</load_address>
         <run_address>0x936a</run_address>
         <size>0x2a</size>
         <input_file_ref idref="fl-fe"/>
      </object_component>
      <object_component id="oc-314">
         <name>.text:write</name>
         <load_address>0x9394</load_address>
         <run_address>0x9394</run_address>
         <size>0x28</size>
         <input_file_ref idref="fl-e7"/>
      </object_component>
      <object_component id="oc-1f4">
         <name>.text:strcspn</name>
         <load_address>0x93bc</load_address>
         <run_address>0x93bc</run_address>
         <size>0x24</size>
         <input_file_ref idref="fl-fd"/>
      </object_component>
      <object_component id="oc-10e">
         <name>.text</name>
         <load_address>0x93e0</load_address>
         <run_address>0x93e0</run_address>
         <size>0x20</size>
         <input_file_ref idref="fl-d9"/>
      </object_component>
      <object_component id="oc-2ce">
         <name>.text:memccpy</name>
         <load_address>0x9400</load_address>
         <run_address>0x9400</run_address>
         <size>0x1c</size>
         <input_file_ref idref="fl-fb"/>
      </object_component>
      <object_component id="oc-2f3">
         <name>.text:copysign</name>
         <load_address>0x941c</load_address>
         <run_address>0x941c</run_address>
         <size>0x1a</size>
         <input_file_ref idref="fl-ea"/>
      </object_component>
      <object_component id="oc-1cb">
         <name>.text:_outs</name>
         <load_address>0x9436</load_address>
         <run_address>0x9436</run_address>
         <size>0x18</size>
         <input_file_ref idref="fl-c5"/>
      </object_component>
      <object_component id="oc-f5">
         <name>.text:strcmp</name>
         <load_address>0x944e</load_address>
         <run_address>0x944e</run_address>
         <size>0x18</size>
         <input_file_ref idref="fl-e0"/>
      </object_component>
      <object_component id="oc-397">
         <name>.text:strchr</name>
         <load_address>0x9466</load_address>
         <run_address>0x9466</run_address>
         <size>0x16</size>
         <input_file_ref idref="fl-fc"/>
      </object_component>
      <object_component id="oc-476">
         <name>.text:strcpy</name>
         <load_address>0x947c</load_address>
         <run_address>0x947c</run_address>
         <size>0x14</size>
         <input_file_ref idref="fl-108"/>
      </object_component>
      <object_component id="oc-102">
         <name>.text:strlen</name>
         <load_address>0x9490</load_address>
         <run_address>0x9490</run_address>
         <size>0x14</size>
         <input_file_ref idref="fl-e1"/>
      </object_component>
      <object_component id="oc-fb">
         <name>.text:atof</name>
         <load_address>0x94a4</load_address>
         <run_address>0x94a4</run_address>
         <size>0x12</size>
         <input_file_ref idref="fl-de"/>
      </object_component>
      <object_component id="oc-2d4">
         <name>.text:wcslen</name>
         <load_address>0x94b6</load_address>
         <run_address>0x94b6</run_address>
         <size>0x12</size>
         <input_file_ref idref="fl-f0"/>
      </object_component>
      <object_component id="oc-74">
         <name>.text</name>
         <load_address>0x94c8</load_address>
         <run_address>0x94c8</run_address>
         <size>0x10</size>
         <input_file_ref idref="fl-4"/>
      </object_component>
      <object_component id="oc-1b">
         <name>.text:decompress:none:__TI_decompress_none</name>
         <load_address>0x94d8</load_address>
         <run_address>0x94d8</run_address>
         <size>0xe</size>
         <input_file_ref idref="fl-db"/>
      </object_component>
      <object_component id="oc-53">
         <name>.text:decompress:ZI:__TI_zero_init</name>
         <load_address>0x94e6</load_address>
         <run_address>0x94e6</run_address>
         <size>0xc</size>
         <input_file_ref idref="fl-da"/>
      </object_component>
      <object_component id="oc-27">
         <name>.text</name>
         <load_address>0x94f2</load_address>
         <run_address>0x94f2</run_address>
         <size>0xc</size>
         <input_file_ref idref="fl-9"/>
      </object_component>
      <object_component id="oc-1d1">
         <name>.text:_outc</name>
         <load_address>0x94fe</load_address>
         <run_address>0x94fe</run_address>
         <size>0xa</size>
         <input_file_ref idref="fl-c5"/>
      </object_component>
      <object_component id="oc-1af">
         <name>.text:__aeabi_errno_addr</name>
         <load_address>0x9508</load_address>
         <run_address>0x9508</run_address>
         <size>0x8</size>
         <input_file_ref idref="fl-e5"/>
      </object_component>
      <object_component id="oc-14e">
         <name>.text:_system_pre_init</name>
         <load_address>0x9510</load_address>
         <run_address>0x9510</run_address>
         <size>0x4</size>
         <input_file_ref idref="fl-f4"/>
      </object_component>
      <object_component id="oc-234">
         <name>.text:abort:abort</name>
         <load_address>0x9514</load_address>
         <run_address>0x9514</run_address>
         <size>0x4</size>
         <input_file_ref idref="fl-f6"/>
      </object_component>
      <object_component id="oc-287">
         <name>.const:$O1$$</name>
         <load_address>0x9518</load_address>
         <run_address>0x9518</run_address>
         <size>0x158</size>
         <input_file_ref idref="fl-e4"/>
      </object_component>
      <object_component id="oc-307">
         <name>.const:.string:_ctypes_</name>
         <load_address>0x9670</load_address>
         <run_address>0x9670</run_address>
         <size>0x101</size>
         <input_file_ref idref="fl-fa"/>
      </object_component>
      <object_component id="oc-30a">
         <name>.const:$O1$$</name>
         <load_address>0x9778</load_address>
         <run_address>0x9778</run_address>
         <size>0xc8</size>
         <input_file_ref idref="fl-e2"/>
      </object_component>
      <object_component id="oc-1bf">
         <name>.const:$O1$$</name>
         <load_address>0x9840</load_address>
         <run_address>0x9840</run_address>
         <size>0x98</size>
         <input_file_ref idref="fl-cc"/>
      </object_component>
      <object_component id="oc-29f">
         <name>.const:xxx</name>
         <load_address>0x98d8</load_address>
         <run_address>0x98d8</run_address>
         <size>0x80</size>
         <input_file_ref idref="fl-ed"/>
      </object_component>
      <object_component id="oc-1e0">
         <name>.const:$O1$$</name>
         <load_address>0x9958</load_address>
         <run_address>0x9958</run_address>
         <size>0x30</size>
         <input_file_ref idref="fl-ca"/>
      </object_component>
      <object_component id="oc-16a">
         <name>.const:Zero</name>
         <load_address>0x9988</load_address>
         <run_address>0x9988</run_address>
         <size>0x10</size>
         <input_file_ref idref="fl-c8"/>
      </object_component>
      <object_component id="oc-4c5">
         <name>.cinit..data.load</name>
         <load_address>0x9998</load_address>
         <run_address>0x9998</run_address>
         <size>0x68</size>
      </object_component>
      <object_component id="oc-4c3">
         <name>__TI_handler_table</name>
         <load_address>0x9a00</load_address>
         <run_address>0x9a00</run_address>
         <size>0xc</size>
      </object_component>
      <object_component id="oc-4c6">
         <name>.cinit..bss.load</name>
         <load_address>0x9a10</load_address>
         <run_address>0x9a10</run_address>
         <size>0x8</size>
      </object_component>
      <object_component id="oc-4c4">
         <name>__TI_cinit_table</name>
         <load_address>0x9a18</load_address>
         <run_address>0x9a18</run_address>
         <size>0x10</size>
      </object_component>
      <object_component id="oc-96">
         <name>.data</name>
         <load_address>0x200042f0</load_address>
         <run_address>0x200042f0</run_address>
         <size>0x12</size>
         <input_file_ref idref="fl-1"/>
      </object_component>
      <object_component id="oc-218">
         <name>.data:$O1$$</name>
         <load_address>0x20004314</load_address>
         <run_address>0x20004314</run_address>
         <size>0x8</size>
         <input_file_ref idref="fl-dd"/>
      </object_component>
      <object_component id="oc-119">
         <name>.data:_ftable</name>
         <load_address>0x20004138</load_address>
         <run_address>0x20004138</run_address>
         <size>0xf0</size>
         <input_file_ref idref="fl-df"/>
      </object_component>
      <object_component id="oc-21b">
         <name>.data</name>
         <load_address>0x20004304</load_address>
         <run_address>0x20004304</run_address>
         <size>0x10</size>
         <input_file_ref idref="fl-df"/>
      </object_component>
      <object_component id="oc-1fa">
         <name>.data</name>
         <load_address>0x20004320</load_address>
         <run_address>0x20004320</run_address>
         <size>0x4</size>
         <input_file_ref idref="fl-e3"/>
      </object_component>
      <object_component id="oc-298">
         <name>.data</name>
         <load_address>0x2000431c</load_address>
         <run_address>0x2000431c</run_address>
         <size>0x4</size>
         <input_file_ref idref="fl-e5"/>
      </object_component>
      <object_component id="oc-409">
         <name>.data:_device</name>
         <load_address>0x20004228</load_address>
         <run_address>0x20004228</run_address>
         <size>0x78</size>
         <input_file_ref idref="fl-e8"/>
      </object_component>
      <object_component id="oc-3c6">
         <name>.data:_stream</name>
         <load_address>0x200042a0</load_address>
         <run_address>0x200042a0</run_address>
         <size>0x50</size>
         <input_file_ref idref="fl-e8"/>
      </object_component>
      <object_component id="oc-47e">
         <name>.bss:_CIOBUF_</name>
         <uninitialized>true</uninitialized>
         <run_address>0x20003000</run_address>
         <size>0x120</size>
         <input_file_ref idref="fl-106"/>
      </object_component>
      <object_component id="oc-99">
         <name>.common:LUT_DATA_A</name>
         <uninitialized>true</uninitialized>
         <run_address>0x20000000</run_address>
         <size>0x1000</size>
      </object_component>
      <object_component id="oc-b3">
         <name>.common:LUT_DATA_B</name>
         <uninitialized>true</uninitialized>
         <run_address>0x20001000</run_address>
         <size>0x1000</size>
      </object_component>
      <object_component id="oc-9c">
         <name>.common:LUT_DATA_C</name>
         <uninitialized>true</uninitialized>
         <run_address>0x20002000</run_address>
         <size>0x1000</size>
      </object_component>
      <object_component id="oc-9d">
         <name>.common:Step_Size_A</name>
         <uninitialized>true</uninitialized>
         <run_address>0x20003128</run_address>
         <size>0x4</size>
      </object_component>
      <object_component id="oc-b4">
         <name>.common:Step_Size_B</name>
         <uninitialized>true</uninitialized>
         <run_address>0x2000312c</run_address>
         <size>0x4</size>
      </object_component>
      <object_component id="oc-101">
         <name>.common:DAC_SELECT_C</name>
         <uninitialized>true</uninitialized>
         <run_address>0x20003130</run_address>
         <size>0x1</size>
      </object_component>
      <object_component id="oc-468">
         <name>.common:parmbuf</name>
         <uninitialized>true</uninitialized>
         <run_address>0x20003120</run_address>
         <size>0x8</size>
      </object_component>
      <object_component id="oc-24">
         <name>.stack</name>
         <uninitialized>true</uninitialized>
         <run_address>0x20003138</run_address>
         <size>0x4</size>
         <input_file_ref idref="fl-e6"/>
      </object_component>
      <object_component id="oc-4c8">
         <name>.stack</name>
         <uninitialized>true</uninitialized>
         <run_address>0x20003138</run_address>
         <size>0x0</size>
      </object_component>
      <object_component id="oc-9a">
         <name>.debug_info</name>
         <load_address>0x0</load_address>
         <run_address>0x0</run_address>
         <size>0xa19</size>
         <input_file_ref idref="fl-1"/>
      </object_component>
      <object_component id="oc-97">
         <name>.debug_info</name>
         <load_address>0xa19</load_address>
         <run_address>0xa19</run_address>
         <size>0x1a2</size>
         <input_file_ref idref="fl-1"/>
      </object_component>
      <object_component id="oc-2e">
         <name>.debug_info</name>
         <load_address>0xbbb</load_address>
         <run_address>0xbbb</run_address>
         <size>0x2e2c</size>
         <input_file_ref idref="fl-1"/>
      </object_component>
      <object_component id="oc-12e">
         <name>.debug_info</name>
         <load_address>0x39e7</load_address>
         <run_address>0x39e7</run_address>
         <size>0x26b</size>
         <input_file_ref idref="fl-1"/>
      </object_component>
      <object_component id="oc-183">
         <name>.debug_info</name>
         <load_address>0x3c52</load_address>
         <run_address>0x3c52</run_address>
         <size>0x110</size>
         <input_file_ref idref="fl-1"/>
      </object_component>
      <object_component id="oc-127">
         <name>.debug_info</name>
         <load_address>0x3d62</load_address>
         <run_address>0x3d62</run_address>
         <size>0xa6</size>
         <input_file_ref idref="fl-1"/>
      </object_component>
      <object_component id="oc-163">
         <name>.debug_info</name>
         <load_address>0x3e08</load_address>
         <run_address>0x3e08</run_address>
         <size>0x88</size>
         <input_file_ref idref="fl-1"/>
      </object_component>
      <object_component id="oc-2ec">
         <name>.debug_info</name>
         <load_address>0x3e90</load_address>
         <run_address>0x3e90</run_address>
         <size>0x8e</size>
         <input_file_ref idref="fl-1"/>
      </object_component>
      <object_component id="oc-11d">
         <name>.debug_info</name>
         <load_address>0x3f1e</load_address>
         <run_address>0x3f1e</run_address>
         <size>0x8b</size>
         <input_file_ref idref="fl-1"/>
      </object_component>
      <object_component id="oc-224">
         <name>.debug_info</name>
         <load_address>0x3fa9</load_address>
         <run_address>0x3fa9</run_address>
         <size>0x2a4</size>
         <input_file_ref idref="fl-1"/>
      </object_component>
      <object_component id="oc-122">
         <name>.debug_info</name>
         <load_address>0x424d</load_address>
         <run_address>0x424d</run_address>
         <size>0xbb</size>
         <input_file_ref idref="fl-1"/>
      </object_component>
      <object_component id="oc-179">
         <name>.debug_info</name>
         <load_address>0x4308</load_address>
         <run_address>0x4308</run_address>
         <size>0xbf</size>
         <input_file_ref idref="fl-1"/>
      </object_component>
      <object_component id="oc-1d9">
         <name>.debug_info</name>
         <load_address>0x43c7</load_address>
         <run_address>0x43c7</run_address>
         <size>0x2c</size>
         <input_file_ref idref="fl-1"/>
      </object_component>
      <object_component id="oc-17e">
         <name>.debug_info</name>
         <load_address>0x43f3</load_address>
         <run_address>0x43f3</run_address>
         <size>0x35</size>
         <input_file_ref idref="fl-1"/>
      </object_component>
      <object_component id="oc-e4">
         <name>.debug_info</name>
         <load_address>0x4428</load_address>
         <run_address>0x4428</run_address>
         <size>0x296</size>
         <input_file_ref idref="fl-2"/>
      </object_component>
      <object_component id="oc-3c">
         <name>.debug_info</name>
         <load_address>0x46be</load_address>
         <run_address>0x46be</run_address>
         <size>0x84</size>
         <input_file_ref idref="fl-2"/>
      </object_component>
      <object_component id="oc-ea">
         <name>.debug_info</name>
         <load_address>0x4742</load_address>
         <run_address>0x4742</run_address>
         <size>0x296</size>
         <input_file_ref idref="fl-3"/>
      </object_component>
      <object_component id="oc-75">
         <name>.debug_info</name>
         <load_address>0x49d8</load_address>
         <run_address>0x49d8</run_address>
         <size>0x134</size>
         <input_file_ref idref="fl-4"/>
      </object_component>
      <object_component id="oc-168">
         <name>.debug_info</name>
         <load_address>0x4b0c</load_address>
         <run_address>0x4b0c</run_address>
         <size>0x27c</size>
         <input_file_ref idref="fl-5"/>
      </object_component>
      <object_component id="oc-81">
         <name>.debug_info</name>
         <load_address>0x4d88</load_address>
         <run_address>0x4d88</run_address>
         <size>0x1061</size>
         <input_file_ref idref="fl-5"/>
      </object_component>
      <object_component id="oc-7b">
         <name>.debug_info</name>
         <load_address>0x5de9</load_address>
         <run_address>0x5de9</run_address>
         <size>0x43a</size>
         <input_file_ref idref="fl-8"/>
      </object_component>
      <object_component id="oc-35">
         <name>.debug_info</name>
         <load_address>0x6223</load_address>
         <run_address>0x6223</run_address>
         <size>0x2e2</size>
         <input_file_ref idref="fl-9"/>
      </object_component>
      <object_component id="oc-13">
         <name>.debug_info</name>
         <load_address>0x6505</load_address>
         <run_address>0x6505</run_address>
         <size>0x107</size>
         <input_file_ref idref="fl-9"/>
      </object_component>
      <object_component id="oc-28">
         <name>.debug_info</name>
         <load_address>0x660c</load_address>
         <run_address>0x660c</run_address>
         <size>0x283</size>
         <input_file_ref idref="fl-9"/>
      </object_component>
      <object_component id="oc-1df">
         <name>.debug_info</name>
         <load_address>0x688f</load_address>
         <run_address>0x688f</run_address>
         <size>0x2b8</size>
         <input_file_ref idref="fl-a"/>
      </object_component>
      <object_component id="oc-d8">
         <name>.debug_info</name>
         <load_address>0x6b47</load_address>
         <run_address>0x6b47</run_address>
         <size>0x88d</size>
         <input_file_ref idref="fl-a"/>
      </object_component>
      <object_component id="oc-1d8">
         <name>.debug_info</name>
         <load_address>0x73d4</load_address>
         <run_address>0x73d4</run_address>
         <size>0x333</size>
         <input_file_ref idref="fl-c5"/>
      </object_component>
      <object_component id="oc-d2">
         <name>.debug_info</name>
         <load_address>0x7707</load_address>
         <run_address>0x7707</run_address>
         <size>0x1d1</size>
         <input_file_ref idref="fl-c5"/>
      </object_component>
      <object_component id="oc-1cc">
         <name>.debug_info</name>
         <load_address>0x78d8</load_address>
         <run_address>0x78d8</run_address>
         <size>0x18d</size>
         <input_file_ref idref="fl-c5"/>
      </object_component>
      <object_component id="oc-1d2">
         <name>.debug_info</name>
         <load_address>0x7a65</load_address>
         <run_address>0x7a65</run_address>
         <size>0x16d</size>
         <input_file_ref idref="fl-c5"/>
      </object_component>
      <object_component id="oc-3a9">
         <name>.debug_info</name>
         <load_address>0x7bd2</load_address>
         <run_address>0x7bd2</run_address>
         <size>0x2c</size>
         <input_file_ref idref="fl-c5"/>
      </object_component>
      <object_component id="oc-21f">
         <name>.debug_info</name>
         <load_address>0x7bfe</load_address>
         <run_address>0x7bfe</run_address>
         <size>0x347</size>
         <input_file_ref idref="fl-c6"/>
      </object_component>
      <object_component id="oc-213">
         <name>.debug_info</name>
         <load_address>0x7f45</load_address>
         <run_address>0x7f45</run_address>
         <size>0x18a</size>
         <input_file_ref idref="fl-c6"/>
      </object_component>
      <object_component id="oc-114">
         <name>.debug_info</name>
         <load_address>0x80cf</load_address>
         <run_address>0x80cf</run_address>
         <size>0x1c8</size>
         <input_file_ref idref="fl-c6"/>
      </object_component>
      <object_component id="oc-329">
         <name>.debug_info</name>
         <load_address>0x8297</load_address>
         <run_address>0x8297</run_address>
         <size>0xb2</size>
         <input_file_ref idref="fl-c6"/>
      </object_component>
      <object_component id="oc-1b6">
         <name>.debug_info</name>
         <load_address>0x8349</load_address>
         <run_address>0x8349</run_address>
         <size>0x2e4</size>
         <input_file_ref idref="fl-c7"/>
      </object_component>
      <object_component id="oc-b6">
         <name>.debug_info</name>
         <load_address>0x862d</load_address>
         <run_address>0x862d</run_address>
         <size>0x6a4</size>
         <input_file_ref idref="fl-c7"/>
      </object_component>
      <object_component id="oc-278">
         <name>.debug_info</name>
         <load_address>0x8cd1</load_address>
         <run_address>0x8cd1</run_address>
         <size>0x46</size>
         <input_file_ref idref="fl-c7"/>
      </object_component>
      <object_component id="oc-16f">
         <name>.debug_info</name>
         <load_address>0x8d17</load_address>
         <run_address>0x8d17</run_address>
         <size>0x39</size>
         <input_file_ref idref="fl-c7"/>
      </object_component>
      <object_component id="oc-16e">
         <name>.debug_info</name>
         <load_address>0x8d50</load_address>
         <run_address>0x8d50</run_address>
         <size>0x297</size>
         <input_file_ref idref="fl-c8"/>
      </object_component>
      <object_component id="oc-16b">
         <name>.debug_info</name>
         <load_address>0x8fe7</load_address>
         <run_address>0x8fe7</run_address>
         <size>0xfd</size>
         <input_file_ref idref="fl-c8"/>
      </object_component>
      <object_component id="oc-8e">
         <name>.debug_info</name>
         <load_address>0x90e4</load_address>
         <run_address>0x90e4</run_address>
         <size>0x288</size>
         <input_file_ref idref="fl-c8"/>
      </object_component>
      <object_component id="oc-109">
         <name>.debug_info</name>
         <load_address>0x936c</load_address>
         <run_address>0x936c</run_address>
         <size>0x4b1</size>
         <input_file_ref idref="fl-c9"/>
      </object_component>
      <object_component id="oc-1ea">
         <name>.debug_info</name>
         <load_address>0x981d</load_address>
         <run_address>0x981d</run_address>
         <size>0x35e</size>
         <input_file_ref idref="fl-ca"/>
      </object_component>
      <object_component id="oc-1e1">
         <name>.debug_info</name>
         <load_address>0x9b7b</load_address>
         <run_address>0x9b7b</run_address>
         <size>0x128</size>
         <input_file_ref idref="fl-ca"/>
      </object_component>
      <object_component id="oc-de">
         <name>.debug_info</name>
         <load_address>0x9ca3</load_address>
         <run_address>0x9ca3</run_address>
         <size>0xbf2</size>
         <input_file_ref idref="fl-ca"/>
      </object_component>
      <object_component id="oc-297">
         <name>.debug_info</name>
         <load_address>0xa895</load_address>
         <run_address>0xa895</run_address>
         <size>0x2c5</size>
         <input_file_ref idref="fl-cb"/>
      </object_component>
      <object_component id="oc-1aa">
         <name>.debug_info</name>
         <load_address>0xab5a</load_address>
         <run_address>0xab5a</run_address>
         <size>0x24e</size>
         <input_file_ref idref="fl-cb"/>
      </object_component>
      <object_component id="oc-2a8">
         <name>.debug_info</name>
         <load_address>0xada8</load_address>
         <run_address>0xada8</run_address>
         <size>0x2f2</size>
         <input_file_ref idref="fl-cc"/>
      </object_component>
      <object_component id="oc-1c0">
         <name>.debug_info</name>
         <load_address>0xb09a</load_address>
         <run_address>0xb09a</run_address>
         <size>0x131</size>
         <input_file_ref idref="fl-cc"/>
      </object_component>
      <object_component id="oc-c2">
         <name>.debug_info</name>
         <load_address>0xb1cb</load_address>
         <run_address>0xb1cb</run_address>
         <size>0x4ac</size>
         <input_file_ref idref="fl-cc"/>
      </object_component>
      <object_component id="oc-2fa">
         <name>.debug_info</name>
         <load_address>0xb677</load_address>
         <run_address>0xb677</run_address>
         <size>0x2f8</size>
         <input_file_ref idref="fl-cd"/>
      </object_component>
      <object_component id="oc-1e6">
         <name>.debug_info</name>
         <load_address>0xb96f</load_address>
         <run_address>0xb96f</run_address>
         <size>0x225</size>
         <input_file_ref idref="fl-cd"/>
      </object_component>
      <object_component id="oc-355">
         <name>.debug_info</name>
         <load_address>0xbb94</load_address>
         <run_address>0xbb94</run_address>
         <size>0x39</size>
         <input_file_ref idref="fl-cd"/>
      </object_component>
      <object_component id="oc-28d">
         <name>.debug_info</name>
         <load_address>0xbbcd</load_address>
         <run_address>0xbbcd</run_address>
         <size>0x2c</size>
         <input_file_ref idref="fl-cd"/>
      </object_component>
      <object_component id="oc-1a8">
         <name>.debug_info</name>
         <load_address>0xbbf9</load_address>
         <run_address>0xbbf9</run_address>
         <size>0x361</size>
         <input_file_ref idref="fl-ce"/>
      </object_component>
      <object_component id="oc-b1">
         <name>.debug_info</name>
         <load_address>0xbf5a</load_address>
         <run_address>0xbf5a</run_address>
         <size>0x7ae</size>
         <input_file_ref idref="fl-ce"/>
      </object_component>
      <object_component id="oc-1be">
         <name>.debug_info</name>
         <load_address>0xc708</load_address>
         <run_address>0xc708</run_address>
         <size>0x36a</size>
         <input_file_ref idref="fl-cf"/>
      </object_component>
      <object_component id="oc-bf">
         <name>.debug_info</name>
         <load_address>0xca72</load_address>
         <run_address>0xca72</run_address>
         <size>0x5d4</size>
         <input_file_ref idref="fl-cf"/>
      </object_component>
      <object_component id="oc-aa">
         <name>.debug_info</name>
         <load_address>0xd046</load_address>
         <run_address>0xd046</run_address>
         <size>0x14c</size>
         <input_file_ref idref="fl-d0"/>
      </object_component>
      <object_component id="oc-197">
         <name>.debug_info</name>
         <load_address>0xd192</load_address>
         <run_address>0xd192</run_address>
         <size>0x128</size>
         <input_file_ref idref="fl-d1"/>
      </object_component>
      <object_component id="oc-c8">
         <name>.debug_info</name>
         <load_address>0xd2ba</load_address>
         <run_address>0xd2ba</run_address>
         <size>0x12a</size>
         <input_file_ref idref="fl-d1"/>
      </object_component>
      <object_component id="oc-a5">
         <name>.debug_info</name>
         <load_address>0xd3e4</load_address>
         <run_address>0xd3e4</run_address>
         <size>0x13a</size>
         <input_file_ref idref="fl-d2"/>
      </object_component>
      <object_component id="oc-9f">
         <name>.debug_info</name>
         <load_address>0xd51e</load_address>
         <run_address>0xd51e</run_address>
         <size>0x13a</size>
         <input_file_ref idref="fl-d3"/>
      </object_component>
      <object_component id="oc-cd">
         <name>.debug_info</name>
         <load_address>0xd658</load_address>
         <run_address>0xd658</run_address>
         <size>0x12e</size>
         <input_file_ref idref="fl-d4"/>
      </object_component>
      <object_component id="oc-92">
         <name>.debug_info</name>
         <load_address>0xd786</load_address>
         <run_address>0xd786</run_address>
         <size>0x13e</size>
         <input_file_ref idref="fl-d5"/>
      </object_component>
      <object_component id="oc-87">
         <name>.debug_info</name>
         <load_address>0xd8c4</load_address>
         <run_address>0xd8c4</run_address>
         <size>0x12c</size>
         <input_file_ref idref="fl-d6"/>
      </object_component>
      <object_component id="oc-192">
         <name>.debug_info</name>
         <load_address>0xd9f0</load_address>
         <run_address>0xd9f0</run_address>
         <size>0x12c</size>
         <input_file_ref idref="fl-d7"/>
      </object_component>
      <object_component id="oc-42">
         <name>.debug_info</name>
         <load_address>0xdb1c</load_address>
         <run_address>0xdb1c</run_address>
         <size>0x119</size>
         <input_file_ref idref="fl-d8"/>
      </object_component>
      <object_component id="oc-10f">
         <name>.debug_info</name>
         <load_address>0xdc35</load_address>
         <run_address>0xdc35</run_address>
         <size>0x12e</size>
         <input_file_ref idref="fl-d9"/>
      </object_component>
      <object_component id="oc-147">
         <name>.debug_info</name>
         <load_address>0xdd63</load_address>
         <run_address>0xdd63</run_address>
         <size>0x2d4</size>
         <input_file_ref idref="fl-da"/>
      </object_component>
      <object_component id="oc-54">
         <name>.debug_info</name>
         <load_address>0xe037</load_address>
         <run_address>0xe037</run_address>
         <size>0x1b5</size>
         <input_file_ref idref="fl-da"/>
      </object_component>
      <object_component id="oc-142">
         <name>.debug_info</name>
         <load_address>0xe1ec</load_address>
         <run_address>0xe1ec</run_address>
         <size>0x46</size>
         <input_file_ref idref="fl-da"/>
      </object_component>
      <object_component id="oc-20a">
         <name>.debug_info</name>
         <load_address>0xe232</load_address>
         <run_address>0xe232</run_address>
         <size>0x2c</size>
         <input_file_ref idref="fl-da"/>
      </object_component>
      <object_component id="oc-4c">
         <name>.debug_info</name>
         <load_address>0xe25e</load_address>
         <run_address>0xe25e</run_address>
         <size>0x2a8</size>
         <input_file_ref idref="fl-db"/>
      </object_component>
      <object_component id="oc-1c">
         <name>.debug_info</name>
         <load_address>0xe506</load_address>
         <run_address>0xe506</run_address>
         <size>0x1ea</size>
         <input_file_ref idref="fl-db"/>
      </object_component>
      <object_component id="oc-47">
         <name>.debug_info</name>
         <load_address>0xe6f0</load_address>
         <run_address>0xe6f0</run_address>
         <size>0x46</size>
         <input_file_ref idref="fl-db"/>
      </object_component>
      <object_component id="oc-13a">
         <name>.debug_info</name>
         <load_address>0xe736</load_address>
         <run_address>0xe736</run_address>
         <size>0x2c</size>
         <input_file_ref idref="fl-db"/>
      </object_component>
      <object_component id="oc-138">
         <name>.debug_info</name>
         <load_address>0xe762</load_address>
         <run_address>0xe762</run_address>
         <size>0x29e</size>
         <input_file_ref idref="fl-dc"/>
      </object_component>
      <object_component id="oc-16">
         <name>.debug_info</name>
         <load_address>0xea00</load_address>
         <run_address>0xea00</run_address>
         <size>0x250</size>
         <input_file_ref idref="fl-dc"/>
      </object_component>
      <object_component id="oc-37">
         <name>.debug_info</name>
         <load_address>0xec50</load_address>
         <run_address>0xec50</run_address>
         <size>0x60</size>
         <input_file_ref idref="fl-dc"/>
      </object_component>
      <object_component id="oc-229">
         <name>.debug_info</name>
         <load_address>0xecb0</load_address>
         <run_address>0xecb0</run_address>
         <size>0x46</size>
         <input_file_ref idref="fl-dc"/>
      </object_component>
      <object_component id="oc-133">
         <name>.debug_info</name>
         <load_address>0xecf6</load_address>
         <run_address>0xecf6</run_address>
         <size>0x39</size>
         <input_file_ref idref="fl-dc"/>
      </object_component>
      <object_component id="oc-323">
         <name>.debug_info</name>
         <load_address>0xed2f</load_address>
         <run_address>0xed2f</run_address>
         <size>0x2c9</size>
         <input_file_ref idref="fl-dd"/>
      </object_component>
      <object_component id="oc-219">
         <name>.debug_info</name>
         <load_address>0xeff8</load_address>
         <run_address>0xeff8</run_address>
         <size>0x11e</size>
         <input_file_ref idref="fl-dd"/>
      </object_component>
      <object_component id="oc-31c">
         <name>.debug_info</name>
         <load_address>0xf116</load_address>
         <run_address>0xf116</run_address>
         <size>0x12e</size>
         <input_file_ref idref="fl-dd"/>
      </object_component>
      <object_component id="oc-208">
         <name>.debug_info</name>
         <load_address>0xf244</load_address>
         <run_address>0xf244</run_address>
         <size>0x2c5</size>
         <input_file_ref idref="fl-de"/>
      </object_component>
      <object_component id="oc-fc">
         <name>.debug_info</name>
         <load_address>0xf509</load_address>
         <run_address>0xf509</run_address>
         <size>0x149</size>
         <input_file_ref idref="fl-de"/>
      </object_component>
      <object_component id="oc-222">
         <name>.debug_info</name>
         <load_address>0xf652</load_address>
         <run_address>0xf652</run_address>
         <size>0x144</size>
         <input_file_ref idref="fl-df"/>
      </object_component>
      <object_component id="oc-11a">
         <name>.debug_info</name>
         <load_address>0xf796</load_address>
         <run_address>0xf796</run_address>
         <size>0x102</size>
         <input_file_ref idref="fl-df"/>
      </object_component>
      <object_component id="oc-21c">
         <name>.debug_info</name>
         <load_address>0xf898</load_address>
         <run_address>0xf898</run_address>
         <size>0x18f</size>
         <input_file_ref idref="fl-df"/>
      </object_component>
      <object_component id="oc-200">
         <name>.debug_info</name>
         <load_address>0xfa27</load_address>
         <run_address>0xfa27</run_address>
         <size>0x28a</size>
         <input_file_ref idref="fl-e0"/>
      </object_component>
      <object_component id="oc-f6">
         <name>.debug_info</name>
         <load_address>0xfcb1</load_address>
         <run_address>0xfcb1</run_address>
         <size>0x273</size>
         <input_file_ref idref="fl-e0"/>
      </object_component>
      <object_component id="oc-20f">
         <name>.debug_info</name>
         <load_address>0xff24</load_address>
         <run_address>0xff24</run_address>
         <size>0x28f</size>
         <input_file_ref idref="fl-e1"/>
      </object_component>
      <object_component id="oc-103">
         <name>.debug_info</name>
         <load_address>0x101b3</load_address>
         <run_address>0x101b3</run_address>
         <size>0x245</size>
         <input_file_ref idref="fl-e1"/>
      </object_component>
      <object_component id="oc-30e">
         <name>.debug_info</name>
         <load_address>0x103f8</load_address>
         <run_address>0x103f8</run_address>
         <size>0x3b1</size>
         <input_file_ref idref="fl-e2"/>
      </object_component>
      <object_component id="oc-30b">
         <name>.debug_info</name>
         <load_address>0x107a9</load_address>
         <run_address>0x107a9</run_address>
         <size>0x123</size>
         <input_file_ref idref="fl-e2"/>
      </object_component>
      <object_component id="oc-202">
         <name>.debug_info</name>
         <load_address>0x108cc</load_address>
         <run_address>0x108cc</run_address>
         <size>0x4e0</size>
         <input_file_ref idref="fl-e2"/>
      </object_component>
      <object_component id="oc-1fe">
         <name>.debug_info</name>
         <load_address>0x10dac</load_address>
         <run_address>0x10dac</run_address>
         <size>0x2fe</size>
         <input_file_ref idref="fl-e3"/>
      </object_component>
      <object_component id="oc-1fb">
         <name>.debug_info</name>
         <load_address>0x110aa</load_address>
         <run_address>0x110aa</run_address>
         <size>0x105</size>
         <input_file_ref idref="fl-e3"/>
      </object_component>
      <object_component id="oc-f1">
         <name>.debug_info</name>
         <load_address>0x111af</load_address>
         <run_address>0x111af</run_address>
         <size>0x1ab</size>
         <input_file_ref idref="fl-e3"/>
      </object_component>
      <object_component id="oc-28b">
         <name>.debug_info</name>
         <load_address>0x1135a</load_address>
         <run_address>0x1135a</run_address>
         <size>0x3aa</size>
         <input_file_ref idref="fl-e4"/>
      </object_component>
      <object_component id="oc-288">
         <name>.debug_info</name>
         <load_address>0x11704</load_address>
         <run_address>0x11704</run_address>
         <size>0x13a</size>
         <input_file_ref idref="fl-e4"/>
      </object_component>
      <object_component id="oc-19d">
         <name>.debug_info</name>
         <load_address>0x1183e</load_address>
         <run_address>0x1183e</run_address>
         <size>0x72f</size>
         <input_file_ref idref="fl-e4"/>
      </object_component>
      <object_component id="oc-29c">
         <name>.debug_info</name>
         <load_address>0x11f6d</load_address>
         <run_address>0x11f6d</run_address>
         <size>0x289</size>
         <input_file_ref idref="fl-e5"/>
      </object_component>
      <object_component id="oc-299">
         <name>.debug_info</name>
         <load_address>0x121f6</load_address>
         <run_address>0x121f6</run_address>
         <size>0x10e</size>
         <input_file_ref idref="fl-e5"/>
      </object_component>
      <object_component id="oc-1b0">
         <name>.debug_info</name>
         <load_address>0x12304</load_address>
         <run_address>0x12304</run_address>
         <size>0x14e</size>
         <input_file_ref idref="fl-e5"/>
      </object_component>
      <object_component id="oc-25">
         <name>.debug_info</name>
         <load_address>0x12452</load_address>
         <run_address>0x12452</run_address>
         <size>0x10b</size>
         <input_file_ref idref="fl-e6"/>
      </object_component>
      <object_component id="oc-60">
         <name>.debug_info</name>
         <load_address>0x1255d</load_address>
         <run_address>0x1255d</run_address>
         <size>0x1a9</size>
         <input_file_ref idref="fl-e6"/>
      </object_component>
      <object_component id="oc-3ca">
         <name>.debug_info</name>
         <load_address>0x12706</load_address>
         <run_address>0x12706</run_address>
         <size>0x397</size>
         <input_file_ref idref="fl-e7"/>
      </object_component>
      <object_component id="oc-318">
         <name>.debug_info</name>
         <load_address>0x12a9d</load_address>
         <run_address>0x12a9d</run_address>
         <size>0x18f</size>
         <input_file_ref idref="fl-e7"/>
      </object_component>
      <object_component id="oc-411">
         <name>.debug_info</name>
         <load_address>0x12c2c</load_address>
         <run_address>0x12c2c</run_address>
         <size>0x120</size>
         <input_file_ref idref="fl-e7"/>
      </object_component>
      <object_component id="oc-416">
         <name>.debug_info</name>
         <load_address>0x12d4c</load_address>
         <run_address>0x12d4c</run_address>
         <size>0x2c</size>
         <input_file_ref idref="fl-e7"/>
      </object_component>
      <object_component id="oc-40e">
         <name>.debug_info</name>
         <load_address>0x12d78</load_address>
         <run_address>0x12d78</run_address>
         <size>0x337</size>
         <input_file_ref idref="fl-e8"/>
      </object_component>
      <object_component id="oc-40a">
         <name>.debug_info</name>
         <load_address>0x130af</load_address>
         <run_address>0x130af</run_address>
         <size>0x109</size>
         <input_file_ref idref="fl-e8"/>
      </object_component>
      <object_component id="oc-3c7">
         <name>.debug_info</name>
         <load_address>0x131b8</load_address>
         <run_address>0x131b8</run_address>
         <size>0x109</size>
         <input_file_ref idref="fl-e8"/>
      </object_component>
      <object_component id="oc-2db">
         <name>.debug_info</name>
         <load_address>0x132c1</load_address>
         <run_address>0x132c1</run_address>
         <size>0x590</size>
         <input_file_ref idref="fl-e9"/>
      </object_component>
      <object_component id="oc-2b1">
         <name>.debug_info</name>
         <load_address>0x13851</load_address>
         <run_address>0x13851</run_address>
         <size>0x21e</size>
         <input_file_ref idref="fl-e9"/>
      </object_component>
      <object_component id="oc-377">
         <name>.debug_info</name>
         <load_address>0x13a6f</load_address>
         <run_address>0x13a6f</run_address>
         <size>0x1b3</size>
         <input_file_ref idref="fl-e9"/>
      </object_component>
      <object_component id="oc-37d">
         <name>.debug_info</name>
         <load_address>0x13c22</load_address>
         <run_address>0x13c22</run_address>
         <size>0x21b</size>
         <input_file_ref idref="fl-e9"/>
      </object_component>
      <object_component id="oc-2b7">
         <name>.debug_info</name>
         <load_address>0x13e3d</load_address>
         <run_address>0x13e3d</run_address>
         <size>0x3c0</size>
         <input_file_ref idref="fl-e9"/>
      </object_component>
[...]
      </symbol>
      <symbol id="sm-41f">
         <name>readSpi1Data</name>
         <value>0x7ff9</value>
         <object_component_ref idref="oc-7a"/>
      </symbol>
      <symbol id="sm-420">
         <name>setSpi1BaudRate</name>
         <value>0x7f5d</value>
         <object_component_ref idref="oc-7a"/>
      </symbol>
      <symbol id="sm-421">
         <name>writeSpi1Data</name>
         <value>0x7fe1</value>
         <object_component_ref idref="oc-7a"/>
      </symbol>
      <symbol id="sm-422">
         <name>initSpi1</name>
         <value>0x7ee5</value>
         <object_component_ref idref="oc-7a"/>
      </symbol>
      <symbol id="sm-43e">
         <name>ResetISR</name>
         <value>0x94f3</value>
         <object_component_ref idref="oc-27"/>
      </symbol>
      <symbol id="sm-43f">
         <name>g_pfnVectors</name>
         <value>0x0</value>
         <object_component_ref idref="oc-12"/>
      </symbol>
      <symbol id="sm-498">
         <name>getcUart0</name>
         <value>0x5ad1</value>
         <object_component_ref idref="oc-d7"/>
      </symbol>
      <symbol id="sm-499">
         <name>isCommand</name>
         <value>0x5a65</value>
         <object_component_ref idref="oc-d7"/>
      </symbol>
      <symbol id="sm-49a">
         <name>getFieldString</name>
         <value>0x586d</value>
         <object_component_ref idref="oc-d7"/>
      </symbol>
      <symbol id="sm-49b">
         <name>parseFields</name>
         <value>0x56f3</value>
         <object_component_ref idref="oc-d7"/>
      </symbol>
      <symbol id="sm-49c">
         <name>kbhitUart0</name>
         <value>0x5ae5</value>
         <object_component_ref idref="oc-d7"/>
      </symbol>
      <symbol id="sm-49d">
         <name>getFieldInteger</name>
         <value>0x58e1</value>
         <object_component_ref idref="oc-d7"/>
      </symbol>
      <symbol id="sm-49e">
         <name>setUart0BaudRate</name>
         <value>0x55f9</value>
         <object_component_ref idref="oc-d7"/>
      </symbol>
      <symbol id="sm-49f">
         <name>strcompare</name>
         <value>0x59a5</value>
         <object_component_ref idref="oc-d7"/>
      </symbol>
      <symbol id="sm-4a0">
         <name>putsUart0</name>
         <value>0x5aa5</value>
         <object_component_ref idref="oc-d7"/>
      </symbol>
      <symbol id="sm-4a1">
         <name>initUart0</name>
         <value>0x5565</value>
         <object_component_ref idref="oc-d7"/>
      </symbol>
      <symbol id="sm-4a2">
         <name>putcUart0</name>
         <value>0x5639</value>
         <object_component_ref idref="oc-d7"/>
      </symbol>
      <symbol id="sm-4a3">
         <name>getsUart0</name>
         <value>0x5655</value>
         <object_component_ref idref="oc-d7"/>
      </symbol>
      <symbol id="sm-4cb">
         <name>sprintf</name>
         <value>0x91a5</value>
         <object_component_ref idref="oc-d1"/>
      </symbol>
      <symbol id="sm-4f1">
         <name>__TI_doflush</name>
         <value>0x8ff9</value>
         <object_component_ref idref="oc-212"/>
      </symbol>
      <symbol id="sm-4f2">
         <name>fflush</name>
         <value>0x8a79</value>
         <object_component_ref idref="oc-113"/>
      </symbol>
      <symbol id="sm-52a">
         <name>asinl</name>
         <value>0x6471</value>
         <object_component_ref idref="oc-b5"/>
      </symbol>
      <symbol id="sm-52b">
         <name>asin</name>
         <value>0x6471</value>
         <object_component_ref idref="oc-b5"/>
      </symbol>
      <symbol id="sm-56a">
         <name>fmod</name>
         <value>0x73b1</value>
         <object_component_ref idref="oc-8b"/>
      </symbol>
      <symbol id="sm-56b">
         <name>fmodl</name>
         <value>0x73b1</value>
         <object_component_ref idref="oc-8b"/>
      </symbol>
      <symbol id="sm-594">
         <name>log10</name>
         <value>0x6b61</value>
         <object_component_ref idref="oc-108"/>
      </symbol>
      <symbol id="sm-595">
         <name>log10l</name>
         <value>0x6b61</value>
         <object_component_ref idref="oc-108"/>
      </symbol>
      <symbol id="sm-621">
         <name>pow</name>
         <value>0x3699</value>
         <object_component_ref idref="oc-dd"/>
      </symbol>
      <symbol id="sm-622">
         <name>powl</name>
         <value>0x3699</value>
         <object_component_ref idref="oc-dd"/>
      </symbol>
      <symbol id="sm-644">
         <name>sqrtl</name>
         <value>0x7c51</value>
         <object_component_ref idref="oc-1a9"/>
      </symbol>
      <symbol id="sm-645">
         <name>sqrt</name>
         <value>0x7c51</value>
         <object_component_ref idref="oc-1a9"/>
      </symbol>
      <symbol id="sm-67b">
         <name>atanl</name>
         <value>0x6e55</value>
         <object_component_ref idref="oc-c1"/>
      </symbol>
      <symbol id="sm-67c">
         <name>atan</name>
         <value>0x6e55</value>
         <object_component_ref idref="oc-c1"/>
      </symbol>
      <symbol id="sm-6a3">
         <name>scalbn</name>
         <value>0x827d</value>
         <object_component_ref idref="oc-1e3"/>
      </symbol>
      <symbol id="sm-6a4">
         <name>scalbnl</name>
         <value>0x827d</value>
         <object_component_ref idref="oc-1e3"/>
      </symbol>
      <symbol id="sm-6a5">
         <name>ldexpl</name>
         <value>0x827d</value>
         <object_component_ref idref="oc-1e3"/>
      </symbol>
      <symbol id="sm-6a6">
         <name>ldexp</name>
         <value>0x827d</value>
         <object_component_ref idref="oc-1e3"/>
      </symbol>
      <symbol id="sm-6f6">
         <name>sin</name>
         <value>0x4f85</value>
         <object_component_ref idref="oc-ad"/>
      </symbol>
      <symbol id="sm-6f7">
         <name>sinl</name>
         <value>0x4f85</value>
         <object_component_ref idref="oc-ad"/>
      </symbol>
      <symbol id="sm-748">
         <name>tanl</name>
         <value>0x5b09</value>
         <object_component_ref idref="oc-bb"/>
      </symbol>
      <symbol id="sm-749">
         <name>tan</name>
         <value>0x5b09</value>
         <object_component_ref idref="oc-bb"/>
      </symbol>
      <symbol id="sm-760">
         <name>__aeabi_dsub</name>
         <value>0x77b5</value>
         <object_component_ref idref="oc-a8"/>
      </symbol>
      <symbol id="sm-761">
         <name>__aeabi_dadd</name>
         <value>0x77bf</value>
         <object_component_ref idref="oc-a8"/>
      </symbol>
      <symbol id="sm-783">
         <name>__aeabi_cdcmpeq</name>
         <value>0x896d</value>
         <object_component_ref idref="oc-196"/>
      </symbol>
      <symbol id="sm-784">
         <name>__aeabi_cdcmple</name>
         <value>0x896d</value>
         <object_component_ref idref="oc-196"/>
      </symbol>
      <symbol id="sm-785">
         <name>__aeabi_cdrcmple</name>
         <value>0x89f3</value>
         <object_component_ref idref="oc-c7"/>
      </symbol>
      <symbol id="sm-799">
         <name>__aeabi_ddiv</name>
         <value>0x8021</value>
         <object_component_ref idref="oc-a3"/>
      </symbol>
      <symbol id="sm-7a4">
         <name>__aeabi_dmul</name>
         <value>0x8595</value>
         <object_component_ref idref="oc-9e"/>
      </symbol>
      <symbol id="sm-7ae">
         <name>__aeabi_d2iz</name>
         <value>0x9091</value>
         <object_component_ref idref="oc-cc"/>
      </symbol>
      <symbol id="sm-7ba">
         <name>__aeabi_d2f</name>
         <value>0x8bdd</value>
         <object_component_ref idref="oc-91"/>
      </symbol>
      <symbol id="sm-7c5">
         <name>__aeabi_f2d</name>
         <value>0x929d</value>
         <object_component_ref idref="oc-86"/>
      </symbol>
      <symbol id="sm-7cf">
         <name>__aeabi_i2d</name>
         <value>0x933d</value>
         <object_component_ref idref="oc-191"/>
      </symbol>
      <symbol id="sm-7ea">
         <name>memcpy</name>
         <value>0x883b</value>
         <object_component_ref idref="oc-41"/>
      </symbol>
      <symbol id="sm-7eb">
         <name>__aeabi_memcpy</name>
         <value>0x883b</value>
         <object_component_ref idref="oc-41"/>
      </symbol>
      <symbol id="sm-7ec">
         <name>__aeabi_memcpy8</name>
         <value>0x883b</value>
         <object_component_ref idref="oc-41"/>
      </symbol>
      <symbol id="sm-7ed">
         <name>__aeabi_memcpy4</name>
         <value>0x883b</value>
         <object_component_ref idref="oc-41"/>
      </symbol>
      <symbol id="sm-7f7">
         <name>__aeabi_ui2d</name>
         <value>0x93e1</value>
         <object_component_ref idref="oc-10e"/>
      </symbol>
      <symbol id="sm-80e">
         <name>__TI_zero_init</name>
         <value>0x94e7</value>
         <object_component_ref idref="oc-53"/>
      </symbol>
      <symbol id="sm-825">
         <name>__TI_decompress_none</name>
         <value>0x94d9</value>
         <object_component_ref idref="oc-1b"/>
      </symbol>
      <symbol id="sm-848">
         <name>__TI_decompress_lzss</name>
         <value>0x8d21</value>
         <object_component_ref idref="oc-15"/>
      </symbol>
      <symbol id="sm-85d">
         <name>_nop</name>
         <value>0x3697</value>
         <object_component_ref idref="oc-31b"/>
      </symbol>
      <symbol id="sm-85e">
         <name>_lock</name>
         <value>0x20004314</value>
         <object_component_ref idref="oc-218"/>
      </symbol>
      <symbol id="sm-85f">
         <name>_unlock</name>
         <value>0x20004318</value>
         <object_component_ref idref="oc-218"/>
      </symbol>
      <symbol id="sm-86c">
         <name>atof</name>
         <value>0x94a5</value>
         <object_component_ref idref="oc-fb"/>
      </symbol>
      <symbol id="sm-881">
         <name>__aeabi_stdout</name>
         <value>0x2000430c</value>
         <object_component_ref idref="oc-21b"/>
      </symbol>
      <symbol id="sm-882">
         <name>__aeabi_stderr</name>
         <value>0x20004310</value>
         <object_component_ref idref="oc-21b"/>
      </symbol>
      <symbol id="sm-883">
         <name>__aeabi_stdin</name>
         <value>0x20004308</value>
         <object_component_ref idref="oc-21b"/>
      </symbol>
      <symbol id="sm-884">
         <name>_ftable</name>
         <value>0x20004138</value>
         <object_component_ref idref="oc-119"/>
      </symbol>
      <symbol id="sm-885">
         <name>__TI_ft_end</name>
         <value>0x20004304</value>
         <object_component_ref idref="oc-21b"/>
      </symbol>
      <symbol id="sm-894">
         <name>strcmp</name>
         <value>0x944f</value>
         <object_component_ref idref="oc-f5"/>
      </symbol>
      <symbol id="sm-8a2">
         <name>strlen</name>
         <value>0x9491</value>
         <object_component_ref idref="oc-102"/>
      </symbol>
      <symbol id="sm-902">
         <name>strtold</name>
         <value>0x6011</value>
         <object_component_ref idref="oc-201"/>
      </symbol>
      <symbol id="sm-903">
         <name>strtod</name>
         <value>0x6011</value>
         <object_component_ref idref="oc-201"/>
      </symbol>
      <symbol id="sm-91b">
         <name>strtok</name>
         <value>0x91e5</value>
         <object_component_ref idref="oc-ef"/>
      </symbol>
      <symbol id="sm-981">
         <name>__kernel_rem_pio2</name>
         <value>0x484d</value>
         <object_component_ref idref="oc-19b"/>
      </symbol>
      <symbol id="sm-997">
         <name>__aeabi_errno_addr</name>
         <value>0x9509</value>
         <object_component_ref idref="oc-1af"/>
      </symbol>
      <symbol id="sm-998">
         <name>errno</name>
         <value>0x2000431c</value>
         <object_component_ref idref="oc-298"/>
      </symbol>
      <symbol id="sm-9ab">
         <name>__stack</name>
         <value>0x20003138</value>
         <object_component_ref idref="oc-24"/>
      </symbol>
      <symbol id="sm-9ac">
         <name>_c_int00_noargs</name>
         <value>0x9309</value>
         <object_component_ref idref="oc-5f"/>
      </symbol>
      <symbol id="sm-9c6">
         <name>write</name>
         <value>0x9395</value>
         <object_component_ref idref="oc-314"/>
      </symbol>
      <symbol id="sm-9d7">
         <name>_stream</name>
         <value>0x200042a0</value>
         <object_component_ref idref="oc-3c6"/>
      </symbol>
      <symbol id="sm-9d8">
         <name>_device</name>
         <value>0x20004228</value>
         <object_component_ref idref="oc-409"/>
      </symbol>
      <symbol id="sm-b3d">
         <name>__TI_printfi</name>
         <value>0x2c49</value>
         <object_component_ref idref="oc-1c5"/>
      </symbol>
      <symbol id="sm-b47">
         <name>copysign</name>
         <value>0x941d</value>
         <object_component_ref idref="oc-2f3"/>
      </symbol>
      <symbol id="sm-b48">
         <name>copysignl</name>
         <value>0x941d</value>
         <object_component_ref idref="oc-2f3"/>
      </symbol>
      <symbol id="sm-b5e">
         <name>__kernel_cos</name>
         <value>0x7ae1</value>
         <object_component_ref idref="oc-1a1"/>
      </symbol>
      <symbol id="sm-b75">
         <name>__kernel_sin</name>
         <value>0x796d</value>
         <object_component_ref idref="oc-18b"/>
      </symbol>
      <symbol id="sm-b94">
         <name>__kernel_tan</name>
         <value>0x6845</value>
         <object_component_ref idref="oc-1b7"/>
      </symbol>
      <symbol id="sm-bb1">
         <name>floorl</name>
         <value>0x8691</value>
         <object_component_ref idref="oc-281"/>
      </symbol>
      <symbol id="sm-bb2">
         <name>floor</name>
         <value>0x8691</value>
         <object_component_ref idref="oc-281"/>
      </symbol>
      <symbol id="sm-bc8">
         <name>frexpl</name>
         <value>0x8d89</value>
         <object_component_ref idref="oc-391"/>
      </symbol>
      <symbol id="sm-bc9">
         <name>frexp</name>
         <value>0x8d89</value>
         <object_component_ref idref="oc-391"/>
      </symbol>
      <symbol id="sm-be2">
         <name>wcslen</name>
         <value>0x94b7</value>
         <object_component_ref idref="oc-2d4"/>
      </symbol>
      <symbol id="sm-bef">
         <name>__aeabi_uldivmod</name>
         <value>0x88d7</value>
         <object_component_ref idref="oc-36a"/>
      </symbol>
      <symbol id="sm-bfe">
         <name>__aeabi_memset</name>
         <value>0x8af7</value>
         <object_component_ref idref="oc-148"/>
      </symbol>
      <symbol id="sm-bff">
         <name>memset</name>
         <value>0x8afd</value>
         <object_component_ref idref="oc-148"/>
      </symbol>
      <symbol id="sm-c00">
         <name>__aeabi_memset8</name>
         <value>0x8af7</value>
         <object_component_ref idref="oc-148"/>
      </symbol>
      <symbol id="sm-c01">
         <name>__aeabi_memset4</name>
         <value>0x8af7</value>
         <object_component_ref idref="oc-148"/>
      </symbol>
      <symbol id="sm-c02">
         <name>__aeabi_memclr8</name>
         <value>0x8af5</value>
         <object_component_ref idref="oc-148"/>
      </symbol>
      <symbol id="sm-c03">
         <name>__aeabi_memclr4</name>
         <value>0x8af5</value>
         <object_component_ref idref="oc-148"/>
      </symbol>
      <symbol id="sm-c04">
         <name>__aeabi_memclr</name>
         <value>0x8af5</value>
         <object_component_ref idref="oc-148"/>
      </symbol>
      <symbol id="sm-c2c">
         <name>__TI_auto_init_nobinit_nopinit</name>
         <value>0x9161</value>
         <object_component_ref idref="oc-240"/>
      </symbol>
      <symbol id="sm-c36">
         <name>_system_pre_init</name>
         <value>0x9511</value>
         <object_component_ref idref="oc-14e"/>
      </symbol>
      <symbol id="sm-c42">
         <name>C$$EXIT</name>
         <value>0x9515</value>
         <object_component_ref idref="oc-234"/>
      </symbol>
      <symbol id="sm-c43">
         <name>abort</name>
         <value>0x9515</value>
         <object_component_ref idref="oc-234"/>
      </symbol>
      <symbol id="sm-c52">
         <name>__TI_ltoa</name>
         <value>0x8f53</value>
         <object_component_ref idref="oc-370"/>
      </symbol>
      <symbol id="sm-c69">
         <name>atoi</name>
         <value>0x9045</value>
         <object_component_ref idref="oc-2aa"/>
      </symbol>
      <symbol id="sm-c74">
         <name>_ctypes_</name>
         <value>0x9670</value>
         <object_component_ref idref="oc-307"/>
      </symbol>
      <symbol id="sm-c84">
         <name>memccpy</name>
         <value>0x9401</value>
         <object_component_ref idref="oc-2ce"/>
      </symbol>
      <symbol id="sm-c94">
         <name>strchr</name>
         <value>0x9467</value>
         <object_component_ref idref="oc-397"/>
      </symbol>
      <symbol id="sm-ca5">
         <name>strcspn</name>
         <value>0x93bd</value>
         <object_component_ref idref="oc-1f4"/>
      </symbol>
      <symbol id="sm-cb7">
         <name>strspn</name>
         <value>0x936b</value>
         <object_component_ref idref="oc-1ee"/>
      </symbol>
      <symbol id="sm-cc8">
         <name>HOSTclose</name>
         <value>0x90d9</value>
         <object_component_ref idref="oc-434"/>
      </symbol>
      <symbol id="sm-cd9">
         <name>HOSTlseek</name>
         <value>0x8cb9</value>
         <object_component_ref idref="oc-446"/>
      </symbol>
      <symbol id="sm-ceb">
         <name>parmbuf</name>
         <value>0x20003120</value>
      </symbol>
      <symbol id="sm-cec">
         <name>HOSTopen</name>
         <value>0x8ded</value>
         <object_component_ref idref="oc-42e"/>
      </symbol>
      <symbol id="sm-cfd">
         <name>HOSTread</name>
         <value>0x8e4d</value>
         <object_component_ref idref="oc-43a"/>
      </symbol>
      <symbol id="sm-d0e">
         <name>HOSTrename</name>
         <value>0x8c4d</value>
         <object_component_ref idref="oc-452"/>
      </symbol>
      <symbol id="sm-d1f">
         <name>HOSTunlink</name>
         <value>0x911d</value>
         <object_component_ref idref="oc-44c"/>
      </symbol>
      <symbol id="sm-d30">
         <name>HOSTwrite</name>
         <value>0x8ea5</value>
         <object_component_ref idref="oc-440"/>
      </symbol>
      <symbol id="sm-d54">
         <name>__TI_readmsg</name>
         <value>0x92d5</value>
         <object_component_ref idref="oc-462"/>
      </symbol>
      <symbol id="sm-d55">
         <name>C$$IO$$</name>
         <value>0x9293</value>
         <object_component_ref idref="oc-45c"/>
      </symbol>
      <symbol id="sm-d56">
         <name>__CIOBUF_</name>
         <value>0x20003000</value>
         <object_component_ref idref="oc-47e"/>
      </symbol>
      <symbol id="sm-d57">
         <name>__TI_writemsg</name>
         <value>0x9265</value>
         <object_component_ref idref="oc-45c"/>
      </symbol>
      <symbol id="sm-d61">
         <name>__aeabi_idiv0</name>
         <value>0x796b</value>
         <object_component_ref idref="oc-3e9"/>
      </symbol>
      <symbol id="sm-d62">
         <name>__aeabi_ldiv0</name>
         <value>0x796b</value>
         <object_component_ref idref="oc-3e9"/>
      </symbol>
      <symbol id="sm-d70">
         <name>strcpy</name>
         <value>0x947d</value>
         <object_component_ref idref="oc-476"/>
      </symbol>
      <symbol id="sm-d71">
         <name>__TI_static_base__</name>
         <value>0x0</value>
      </symbol>
      <symbol id="sm-d74">
         <name>__mpu_init</name>
         <value>0x0</value>
      </symbol>
      <symbol id="sm-d75">
         <name>_system_post_cinit</name>
         <value>0x0</value>
      </symbol>
   </symbol_table>
   <title>Link successful</title>
</link_info>
