******************************************************************************
                  TI ARM Linker Unix v20.2.5                   
******************************************************************************
>> Linked Wed Mar 30 10:15:40 2022

OUTPUT FILE NAME:   <Project.out>
ENTRY POINT SYMBOL: "_c_int00_noargs"  address: 000046e9


MEMORY CONFIGURATION

         name            origin    length      used     unused   attr    fill
----------------------  --------  ---------  --------  --------  ----  --------
  FLASH                 00000000   00040000  00004ad5  0003b52b  R  X
  SRAM                  20000000   00008000  00004804  000037fc  RW X


SEGMENT ALLOCATION MAP

run origin  load origin   length   init length attrs members
----------  ----------- ---------- ----------- ----- -------
00000000    00000000    00004ae0   00004ae0    r-x
  00000000    00000000    0000026c   0000026c    r-- .intvecs
  00000270    00000270    000045e0   000045e0    r-x .text
  00004850    00004850    00000259   00000259    r-- .const
  00004ab0    00004ab0    00000030   00000030    r-- .cinit
20000000    20000000    00004804   00000000    rw-
  20000000    20000000    00004000   00000000    rw- .bss
  20004000    20004000    00000800   00000000    rw- .stack
  20004800    20004800    00000004   00000000    rw- .data


SECTION ALLOCATION MAP

 output                                  attributes/
section   page    origin      length       input sections
--------  ----  ----------  ----------   ----------------
.intvecs   0    00000000    0000026c     
                  00000000    0000026c     tm4c123gh6pm_startup_ccs.obj (.intvecs)

.text      0    00000270    000045e0     
                  00000270    00000a4e     rtsv7M4_T_le_v4SPD16_eabi.lib : _printfi.c.obj (.text:__TI_printfi)
                  00000cbe    00000002                                   : div0.asm.obj (.text)
                  00000cc0    000009ac     gpio.obj (.text)
                  0000166c    00000738     rtsv7M4_T_le_v4SPD16_eabi.lib : k_rem_pio2.c.obj (.text:__kernel_rem_pio2)
                  00001da4    000005e0                                   : s_sin.c.obj (.text:sin)
                  00002384    00000004                                   : pre_init.c.obj (.text:_system_pre_init)
                  00002388    000005b0     Project_Khaled_Ahmed.obj (.text)
                  00002938    00000270     rtsv7M4_T_le_v4SPD16_eabi.lib : _printfi.c.obj (.text:_pconv_a)
                  00002ba8    000001e8     uart0.obj (.text)
                  00002d90    000001d0     rtsv7M4_T_le_v4SPD16_eabi.lib : _printfi.c.obj (.text:_pconv_g)
                  00002f60    000001c4     spi1.obj (.text)
                  00003124    000001b6     rtsv7M4_T_le_v4SPD16_eabi.lib : fd_add_t2.asm.obj (.text)
                  000032da    00000002     --HOLE-- [fill = 0]
                  000032dc    00000174                                   : k_sin.c.obj (.text:__kernel_sin)
                  00003450    00000174     adc0.obj (.text)
                  000035c4    00000004     rtsv7M4_T_le_v4SPD16_eabi.lib : exit.c.obj (.text:abort:abort)
                  000035c8    00000174     adc1.obj (.text)
                  0000373c    00000170     rtsv7M4_T_le_v4SPD16_eabi.lib : k_cos.c.obj (.text:__kernel_cos)
                  000038ac    0000013c                                   : _printfi.c.obj (.text:_pconv_e)
                  000039e8    00000136                                   : fd_div_t2.asm.obj (.text)
                  00003b1e    00000002     --HOLE-- [fill = 0]
                  00003b20    00000124                                   : _printfi.c.obj (.text:fcvt)
                  00003c44    00000110                                   : s_scalbn.c.obj (.text:scalbn)
                  00003d54    000000fc                                   : fd_mul_t2.asm.obj (.text)
                  00003e50    000000f8                                   : s_floor.c.obj (.text:floor)
                  00003f48    000000b1                                   : _printfi.c.obj (.text:_ltostr)
                  00003ff9    00000001     --HOLE-- [fill = 0]
                  00003ffa    0000009c                                   : memcpy_t2.asm.obj (.text)
                  00004096    00000096                                   : ull_div_t2.asm.obj (.text)
                  0000412c    00000086                                   : fd_cmp_t2.asm.obj (.text:__aeabi_cdcmple)
                  000041b2    00000086                                   : fd_cmp_t2.asm.obj (.text:__aeabi_cdrcmple)
                  00004238    0000007a                                   : memset_t2.asm.obj (.text)
                  000042b2    0000006e                                   : _printfi.c.obj (.text:_mcpy)
                  00004320    0000006e                                   : fd_tos_t2.asm.obj (.text)
                  0000438e    00000068                                   : copy_decompress_lzss.c.obj (.text:decompress:lzss:__TI_decompress_lzss)
                  000043f6    00000002     --HOLE-- [fill = 0]
                  000043f8    00000064                                   : s_frexp.c.obj (.text:frexp)
                  0000445c    00000056                                   : _printfi.c.obj (.text:_pconv_f)
                  000044b2    00000054                                   : _ltoa.c.obj (.text:__TI_ltoa)
                  00004506    00000052                                   : _printfi.c.obj (.text:_ecpy)
                  00004558    0000004c                                   : atoi.c.obj (.text:atoi)
                  000045a4    00000048                                   : fd_toi_t2.asm.obj (.text)
                  000045ec    00000044                                   : autoinit.c.obj (.text:__TI_auto_init_nobinit_nopinit:__TI_auto_init_nobinit_nopinit)
                  00004630    00000040                                   : sprintf.c.obj (.text:sprintf)
                  00004670    0000003e                                   : _printfi.c.obj (.text:_fcpy)
                  000046ae    00000038                                   : fs_tod_t2.asm.obj (.text)
                  000046e6    00000002     --HOLE-- [fill = 0]
                  000046e8    00000034                                   : boot_cortex_m.c.obj (.text:_c_int00_noargs:_c_int00_noargs)
                  0000471c    0000002e                                   : i_tofd_t2.asm.obj (.text)
                  0000474a    00000020                                   : u_tofd_t2.asm.obj (.text)
                  0000476a    0000001c                                   : memccpy.c.obj (.text:memccpy)
                  00004786    0000001a                                   : s_copysign.c.obj (.text:copysign)
                  000047a0    0000001a     tm4c123gh6pm_startup_ccs.obj (.text)
                  000047ba    00000018     rtsv7M4_T_le_v4SPD16_eabi.lib : sprintf.c.obj (.text:_outs)
                  000047d2    00000016                                   : strchr.c.obj (.text:strchr)
                  000047e8    00000014     clock.obj (.text)
                  000047fc    00000014     rtsv7M4_T_le_v4SPD16_eabi.lib : strlen.c.obj (.text:strlen)
                  00004810    00000012                                   : wcslen.c.obj (.text:wcslen)
                  00004822    0000000e                                   : copy_decompress_none.c.obj (.text:decompress:none:__TI_decompress_none)
                  00004830    0000000c                                   : copy_zero_init.c.obj (.text:decompress:ZI:__TI_zero_init)
                  0000483c    0000000a                                   : sprintf.c.obj (.text:_outc)
                  00004846    00000002     --HOLE-- [fill = 0]
                  00004848    00000008                                   : errno.c.obj (.text:__aeabi_errno_addr)

.const     0    00004850    00000259     
                  00004850    00000158     rtsv7M4_T_le_v4SPD16_eabi.lib : k_rem_pio2.c.obj (.const:$O1$$)
                  000049a8    00000101                                   : ctype.c.obj (.const:.string:_ctypes_)

.cinit     0    00004ab0    00000030     
                  00004ab0    0000000c     (__TI_handler_table)
                  00004abc    00000004     --HOLE-- [fill = 0]
                  00004ac0    00000008     (.cinit..bss.load) [load image, compression = zero_init]
                  00004ac8    00000007     (.cinit..data.load) [load image, compression = lzss]
                  00004acf    00000001     --HOLE-- [fill = 0]
                  00004ad0    00000010     (__TI_cinit_table)

.init_array 
*          0    00000000    00000000     UNINITIALIZED

.bss       0    20000000    00004000     UNINITIALIZED
                  20000000    00002000     (.common:LUT_DATA_A)
                  20002000    00002000     (.common:LUT_DATA_B)

.data      0    20004800    00000004     UNINITIALIZED
                  20004800    00000004     rtsv7M4_T_le_v4SPD16_eabi.lib : errno.c.obj (.data)

.stack     0    20004000    00000800     UNINITIALIZED
                  20004000    00000004     rtsv7M4_T_le_v4SPD16_eabi.lib : boot_cortex_m.c.obj (.stack)
                  20004004    000007fc     --HOLE--

__llvm_prf_cnts 
*          0    20000000    00000000     UNINITIALIZED

MODULE SUMMARY

       Module                         code    ro data   rw data
       ------                         ----    -------   -------
    ./
       Project_Khaled_Ahmed.obj       1456    0         16384  
       gpio.obj                       2476    0         0      
       tm4c123gh6pm_startup_ccs.obj   26      620       0      
       uart0.obj                      488     0         0      
       spi1.obj                       452     0         0      
       adc0.obj                       372     0         0      
       adc1.obj                       372     0         0      
       clock.obj                      20      0         0      
    +--+------------------------------+-------+---------+---------+
       Total:                         5662    620       16384  
                                                               
    /Applications/ti/ccs1040/ccs/tools/compiler/ti-cgt-arm_20.2.5.LTS/lib/rtsv7M4_T_le_v4SPD16_eabi.lib
       _printfi.c.obj                 4851    0         0      
       k_rem_pio2.c.obj               1848    344       0      
       s_sin.c.obj                    1504    0         0      
       fd_add_t2.asm.obj              438     0         0      
       k_sin.c.obj                    372     0         0      
       k_cos.c.obj                    368     0         0      
       fd_div_t2.asm.obj              310     0         0      
       s_scalbn.c.obj                 272     0         0      
       fd_cmp_t2.asm.obj              268     0         0      
       ctype.c.obj                    0       257       0      
       fd_mul_t2.asm.obj              252     0         0      
       s_floor.c.obj                  248     0         0      
       memcpy_t2.asm.obj              156     0         0      
       ull_div_t2.asm.obj             150     0         0      
       memset_t2.asm.obj              122     0         0      
       fd_tos_t2.asm.obj              110     0         0      
       copy_decompress_lzss.c.obj     104     0         0      
       s_frexp.c.obj                  100     0         0      
       sprintf.c.obj                  98      0         0      
       _ltoa.c.obj                    84      0         0      
       atoi.c.obj                     76      0         0      
       fd_toi_t2.asm.obj              72      0         0      
       autoinit.c.obj                 68      0         0      
       fs_tod_t2.asm.obj              56      0         0      
       boot_cortex_m.c.obj            52      0         0      
       i_tofd_t2.asm.obj              46      0         0      
       u_tofd_t2.asm.obj              32      0         0      
       memccpy.c.obj                  28      0         0      
       s_copysign.c.obj               26      0         0      
       strchr.c.obj                   22      0         0      
       strlen.c.obj                   20      0         0      
       wcslen.c.obj                   18      0         0      
       copy_decompress_none.c.obj     14      0         0      
       copy_zero_init.c.obj           12      0         0      
       errno.c.obj                    8       0         4      
       exit.c.obj                     4       0         0      
       pre_init.c.obj                 4       0         0      
       div0.asm.obj                   2       0         0      
    +--+------------------------------+-------+---------+---------+
       Total:                         12215   601       4      
                                                               
       Stack:                         0       0         2048   
       Linker Generated:              0       43        0      
    +--+------------------------------+-------+---------+---------+
       Grand Total:                   17877   1264      18436  


LINKER GENERATED COPY TABLES

__TI_cinit_table @ 00004ad0 records: 2, size/record: 8, table size: 16
	.bss: load addr=00004ac0, load size=00000008 bytes, run addr=20000000, run size=00004000 bytes, compression=zero_init
	.data: load addr=00004ac8, load size=00000007 bytes, run addr=20004800, run size=00000004 bytes, compression=lzss


LINKER GENERATED HANDLER TABLE

__TI_handler_table @ 00004ab0 records: 3, size/record: 4, table size: 12
	index: 0, handler: __TI_decompress_lzss
	index: 1, handler: __TI_decompress_none
	index: 2, handler: __TI_zero_init


GLOBAL SYMBOLS: SORTED ALPHABETICALLY BY Name 

address   name                          
-------   ----                          
000035c5  C$$EXIT                       
20000000  LUT_DATA_A                    
20002000  LUT_DATA_B                    
000047a1  ResetISR                      
20004800  __STACK_END                   
00000800  __STACK_SIZE                  
20004200  __STACK_TOP                   
00004ad0  __TI_CINIT_Base               
00004ae0  __TI_CINIT_Limit              
00004ab0  __TI_Handler_Table_Base       
00004abc  __TI_Handler_Table_Limit      
000045ed  __TI_auto_init_nobinit_nopinit
0000438f  __TI_decompress_lzss          
00004823  __TI_decompress_none          
000044b3  __TI_ltoa                     
ffffffff  __TI_pprof_out_hndl           
00000271  __TI_printfi                  
ffffffff  __TI_prof_data_size           
ffffffff  __TI_prof_data_start          
00000000  __TI_static_base__            
00004831  __TI_zero_init                
0000412d  __aeabi_cdcmpeq               
0000412d  __aeabi_cdcmple               
000041b3  __aeabi_cdrcmple              
00004321  __aeabi_d2f                   
000045a5  __aeabi_d2iz                  
0000312f  __aeabi_dadd                  
000039e9  __aeabi_ddiv                  
00003d55  __aeabi_dmul                  
00003125  __aeabi_dsub                  
00004849  __aeabi_errno_addr            
000046af  __aeabi_f2d                   
0000471d  __aeabi_i2d                   
00000cbf  __aeabi_idiv0                 
00000cbf  __aeabi_ldiv0                 
00004239  __aeabi_memclr                
00004239  __aeabi_memclr4               
00004239  __aeabi_memclr8               
00003ffb  __aeabi_memcpy                
00003ffb  __aeabi_memcpy4               
00003ffb  __aeabi_memcpy8               
0000423b  __aeabi_memset                
0000423b  __aeabi_memset4               
0000423b  __aeabi_memset8               
0000474b  __aeabi_ui2d                  
00004097  __aeabi_uldivmod              
ffffffff  __binit__                     
ffffffff  __c_args__                    
0000373d  __kernel_cos                  
0000166d  __kernel_rem_pio2             
000032dd  __kernel_sin                  
UNDEFED   __mpu_init                    
20004000  __stack                       
20000000  __start___llvm_prf_cnts       
20000000  __stop___llvm_prf_cnts        
000046e9  _c_int00_noargs               
000049a8  _ctypes_                      
UNDEFED   _system_post_cinit            
00002385  _system_pre_init              
000035c5  abort                         
00004559  atoi                          
ffffffff  binit                         
000014b1  clearPinInterrupt             
00004787  copysign                      
00004787  copysignl                     
00001489  disablePinInterrupt           
00001161  disablePinPulldown            
00001111  disablePinPullup              
00000df1  disablePort                   
00001461  enablePinInterrupt            
00001139  enablePinPulldown             
000010e9  enablePinPullup               
00000cc1  enablePort                    
20004800  errno                         
00003e51  floor                         
00003e51  floorl                        
000043f9  frexp                         
000043f9  frexpl                        
00000000  g_pfnVectors                  
00001501  getPinValue                   
000015d1  getPortValue                  
00002d41  getcUart0                     
00003451  initAdc0Ss3                   
000035c9  initAdc1Ss2                   
00002389  initHw                        
00002f61  initSpi1                      
000047e9  initSystemClockTo40Mhz        
00002421  initTimer                     
00002ba9  initUart0                     
00002d71  kbhitUart0                    
00003c45  ldexp                         
00003c45  ldexpl                        
00002869  main                          
0000476b  memccpy                       
00003ffb  memcpy                        
00004241  memset                        
00002cc9  putcUart0                     
00002d01  putsUart0                     
00003569  readAdc0Ss3                   
000036e1  readAdc1Ss2                   
00003119  readSpi1Data                  
00003c45  scalbn                        
00003c45  scalbnl                       
00000fb1  selectPinAnalogInput          
00000f61  selectPinDigitalInput         
000013a1  selectPinInterruptBothEdges   
00001351  selectPinInterruptFallingEdge 
000013e1  selectPinInterruptHighLevel   
00001421  selectPinInterruptLowLevel    
00001301  selectPinInterruptRisingEdge  
00000f11  selectPinOpenDrainOutput      
00000ec1  selectPinPushPullOutput       
00002659  sendData                      
000034c1  setAdc0Ss3Log2AverageCount    
00003529  setAdc0Ss3Mux                 
00003639  setAdc1Ss2Log2AverageCount    
000036a1  setAdc1Ss2Mux                 
000026a1  setDacVoltage                 
000027b1  setOpampVoltageOut            
00001189  setPinAuxFunction             
00001001  setPinCommitControl           
000014d9  setPinValue                   
00001529  setPortValue                  
00003029  setSpi1BaudRate               
00003071  setSpi1Mode                   
00002c91  setUart0BaudRate              
00001da5  sin                           
00001da5  sinl                          
000024e1  sinusoidalFunction            
00004631  sprintf                       
000047d3  strchr                        
000047fd  strlen                        
000024a1  timer1Isr                     
00004811  wcslen                        
000030e1  writeSpi1Data                 


GLOBAL SYMBOLS: SORTED BY Symbol Address 

address   name                          
-------   ----                          
00000000  __TI_static_base__            
00000000  g_pfnVectors                  
00000271  __TI_printfi                  
00000800  __STACK_SIZE                  
00000cbf  __aeabi_idiv0                 
00000cbf  __aeabi_ldiv0                 
00000cc1  enablePort                    
00000df1  disablePort                   
00000ec1  selectPinPushPullOutput       
00000f11  selectPinOpenDrainOutput      
00000f61  selectPinDigitalInput         
00000fb1  selectPinAnalogInput          
00001001  setPinCommitControl           
000010e9  enablePinPullup               
00001111  disablePinPullup              
00001139  enablePinPulldown             
00001161  disablePinPulldown            
00001189  setPinAuxFunction             
00001301  selectPinInterruptRisingEdge  
00001351  selectPinInterruptFallingEdge 
000013a1  selectPinInterruptBothEdges   
000013e1  selectPinInterruptHighLevel   
00001421  selectPinInterruptLowLevel    
00001461  enablePinInterrupt            
00001489  disablePinInterrupt           
000014b1  clearPinInterrupt             
000014d9  setPinValue                   
00001501  getPinValue                   
00001529  setPortValue                  
000015d1  getPortValue                  
0000166d  __kernel_rem_pio2             
00001da5  sin                           
00001da5  sinl                          
00002385  _system_pre_init              
00002389  initHw                        
00002421  initTimer                     
000024a1  timer1Isr                     
000024e1  sinusoidalFunction            
00002659  sendData                      
000026a1  setDacVoltage                 
000027b1  setOpampVoltageOut            
00002869  main                          
00002ba9  initUart0                     
00002c91  setUart0BaudRate              
00002cc9  putcUart0                     
00002d01  putsUart0                     
00002d41  getcUart0                     
00002d71  kbhitUart0                    
00002f61  initSpi1                      
00003029  setSpi1BaudRate               
00003071  setSpi1Mode                   
000030e1  writeSpi1Data                 
00003119  readSpi1Data                  
00003125  __aeabi_dsub                  
0000312f  __aeabi_dadd                  
000032dd  __kernel_sin                  
00003451  initAdc0Ss3                   
000034c1  setAdc0Ss3Log2AverageCount    
00003529  setAdc0Ss3Mux                 
00003569  readAdc0Ss3                   
000035c5  C$$EXIT                       
000035c5  abort                         
000035c9  initAdc1Ss2                   
00003639  setAdc1Ss2Log2AverageCount    
000036a1  setAdc1Ss2Mux                 
000036e1  readAdc1Ss2                   
0000373d  __kernel_cos                  
000039e9  __aeabi_ddiv                  
00003c45  ldexp                         
00003c45  ldexpl                        
00003c45  scalbn                        
00003c45  scalbnl                       
00003d55  __aeabi_dmul                  
00003e51  floor                         
00003e51  floorl                        
00003ffb  __aeabi_memcpy                
00003ffb  __aeabi_memcpy4               
00003ffb  __aeabi_memcpy8               
00003ffb  memcpy                        
00004097  __aeabi_uldivmod              
0000412d  __aeabi_cdcmpeq               
0000412d  __aeabi_cdcmple               
000041b3  __aeabi_cdrcmple              
00004239  __aeabi_memclr                
00004239  __aeabi_memclr4               
00004239  __aeabi_memclr8               
0000423b  __aeabi_memset                
0000423b  __aeabi_memset4               
0000423b  __aeabi_memset8               
00004241  memset                        
00004321  __aeabi_d2f                   
0000438f  __TI_decompress_lzss          
000043f9  frexp                         
000043f9  frexpl                        
000044b3  __TI_ltoa                     
00004559  atoi                          
000045a5  __aeabi_d2iz                  
000045ed  __TI_auto_init_nobinit_nopinit
00004631  sprintf                       
000046af  __aeabi_f2d                   
000046e9  _c_int00_noargs               
0000471d  __aeabi_i2d                   
0000474b  __aeabi_ui2d                  
0000476b  memccpy                       
00004787  copysign                      
00004787  copysignl                     
000047a1  ResetISR                      
000047d3  strchr                        
000047e9  initSystemClockTo40Mhz        
000047fd  strlen                        
00004811  wcslen                        
00004823  __TI_decompress_none          
00004831  __TI_zero_init                
00004849  __aeabi_errno_addr            
000049a8  _ctypes_                      
00004ab0  __TI_Handler_Table_Base       
00004abc  __TI_Handler_Table_Limit      
00004ad0  __TI_CINIT_Base               
00004ae0  __TI_CINIT_Limit              
20000000  LUT_DATA_A                    
20000000  __start___llvm_prf_cnts       
20000000  __stop___llvm_prf_cnts        
20002000  LUT_DATA_B                    
20004000  __stack                       
20004200  __STACK_TOP                   
20004800  __STACK_END                   
20004800  errno                         
ffffffff  __TI_pprof_out_hndl           
ffffffff  __TI_prof_data_size           
ffffffff  __TI_prof_data_start          
ffffffff  __binit__                     
ffffffff  __c_args__                    
ffffffff  binit                         
UNDEFED   __mpu_init                    
UNDEFED   _system_post_cinit            

[135 symbols]
