******************************************************************************
                  TI ARM Linker Unix v20.2.5                   
******************************************************************************
>> Linked Wed Mar 30 10:15:37 2022

OUTPUT FILE NAME:   <Project.out>
ENTRY POINT SYMBOL: "_c_int00_noargs"  address: 0000429d


MEMORY CONFIGURATION

         name            origin    length      used     unused   attr    fill
----------------------  --------  ---------  --------  --------  ----  --------
  FLASH                 00000000   00040000  00004681  0003b97f  R  X
  SRAM                  20000000   00008000  00004804  000037fc  RW X


SEGMENT ALLOCATION MAP

run origin  load origin   length   init length attrs members
----------  ----------- ---------- ----------- ----- -------
00000000    00000000    00004688   00004688    r-x
  00000000    00000000    0000026c   0000026c    r-- .intvecs
  0000026c    0000026c    0000418c   0000418c    r-x .text
  000043f8    000043f8    00000259   00000259    r-- .const
  00004658    00004658    00000030   00000030    r-- .cinit
20000000    20000000    00004804   00000000    rw-
  20000000    20000000    00004000   00000000    rw- .bss
  20004000    20004000    00000800   00000000    rw- .stack
  20004800    20004800    00000004   00000000    rw- .data


SECTION ALLOCATION MAP

 output                                  attributes/
section   page    origin      length       input sections
--------  ----  ----------  ----------   ----------------
.intvecs   0    00000000    0000026c     
                  00000000    0000026c     tm4c123gh6pm_startup_ccs.obj (.intvecs)

.text      0    0000026c    0000418c     
                  0000026c    00000a4e     rtsv7M4_T_le_v4SPD16_eabi.lib : _printfi.c.obj (.text:__TI_printfi)
                  00000cba    00000002                                   : div0.asm.obj (.text)
                  00000cbc    000007e4     gpio.obj (.text)
                  000014a0    00000738     rtsv7M4_T_le_v4SPD16_eabi.lib : k_rem_pio2.c.obj (.text:__kernel_rem_pio2)
                  00001bd8    000005e0                                   : s_sin.c.obj (.text:sin)
                  000021b8    00000524     Project_Khaled_Ahmed.obj (.text)
                  000026dc    00000270     rtsv7M4_T_le_v4SPD16_eabi.lib : _printfi.c.obj (.text:_pconv_a)
                  0000294c    000001d0                                   : _printfi.c.obj (.text:_pconv_g)
                  00002b1c    000001b6                                   : fd_add_t2.asm.obj (.text)
                  00002cd2    00000002     --HOLE-- [fill = 0]
                  00002cd4    00000174                                   : k_sin.c.obj (.text:__kernel_sin)
                  00002e48    00000170                                   : k_cos.c.obj (.text:__kernel_cos)
                  00002fb8    00000164     uart0.obj (.text)
                  0000311c    0000013c     rtsv7M4_T_le_v4SPD16_eabi.lib : _printfi.c.obj (.text:_pconv_e)
                  00003258    0000013c     spi1.obj (.text)
                  00003394    00000136     rtsv7M4_T_le_v4SPD16_eabi.lib : fd_div_t2.asm.obj (.text)
                  000034ca    00000002     --HOLE-- [fill = 0]
                  000034cc    00000124                                   : _printfi.c.obj (.text:fcvt)
                  000035f0    00000110                                   : s_scalbn.c.obj (.text:scalbn)
                  00003700    00000104     adc0.obj (.text)
                  00003804    00000104     adc1.obj (.text)
                  00003908    000000fc     rtsv7M4_T_le_v4SPD16_eabi.lib : fd_mul_t2.asm.obj (.text)
                  00003a04    000000f8                                   : s_floor.c.obj (.text:floor)
                  00003afc    000000b1                                   : _printfi.c.obj (.text:_ltostr)
                  00003bad    00000001     --HOLE-- [fill = 0]
                  00003bae    0000009c                                   : memcpy_t2.asm.obj (.text)
                  00003c4a    00000096                                   : ull_div_t2.asm.obj (.text)
                  00003ce0    00000086                                   : fd_cmp_t2.asm.obj (.text:__aeabi_cdcmple)
                  00003d66    00000086                                   : fd_cmp_t2.asm.obj (.text:__aeabi_cdrcmple)
                  00003dec    0000007a                                   : memset_t2.asm.obj (.text)
                  00003e66    0000006e                                   : _printfi.c.obj (.text:_mcpy)
                  00003ed4    0000006e                                   : fd_tos_t2.asm.obj (.text)
                  00003f42    00000068                                   : copy_decompress_lzss.c.obj (.text:decompress:lzss:__TI_decompress_lzss)
                  00003faa    00000002     --HOLE-- [fill = 0]
                  00003fac    00000064                                   : s_frexp.c.obj (.text:frexp)
                  00004010    00000056                                   : _printfi.c.obj (.text:_pconv_f)
                  00004066    00000054                                   : _ltoa.c.obj (.text:__TI_ltoa)
                  000040ba    00000052                                   : _printfi.c.obj (.text:_ecpy)
                  0000410c    0000004c                                   : atoi.c.obj (.text:atoi)
                  00004158    00000048                                   : fd_toi_t2.asm.obj (.text)
                  000041a0    00000044                                   : autoinit.c.obj (.text:__TI_auto_init_nobinit_nopinit:__TI_auto_init_nobinit_nopinit)
                  000041e4    00000040                                   : sprintf.c.obj (.text:sprintf)
                  00004224    0000003e                                   : _printfi.c.obj (.text:_fcpy)
                  00004262    00000038                                   : fs_tod_t2.asm.obj (.text)
                  0000429a    00000002     --HOLE-- [fill = 0]
                  0000429c    00000034                                   : boot_cortex_m.c.obj (.text:_c_int00_noargs:_c_int00_noargs)
                  000042d0    0000002e                                   : i_tofd_t2.asm.obj (.text)
                  000042fe    00000020                                   : u_tofd_t2.asm.obj (.text)
                  0000431e    0000001c                                   : memccpy.c.obj (.text:memccpy)
                  0000433a    0000001a                                   : s_copysign.c.obj (.text:copysign)
                  00004354    00000018                                   : sprintf.c.obj (.text:_outs)
                  0000436c    00000016                                   : strchr.c.obj (.text:strchr)
                  00004382    00000014                                   : strlen.c.obj (.text:strlen)
                  00004396    00000012                                   : wcslen.c.obj (.text:wcslen)
                  000043a8    00000010     clock.obj (.text)
                  000043b8    0000000e     rtsv7M4_T_le_v4SPD16_eabi.lib : copy_decompress_none.c.obj (.text:decompress:none:__TI_decompress_none)
                  000043c6    0000000c                                   : copy_zero_init.c.obj (.text:decompress:ZI:__TI_zero_init)
                  000043d2    0000000c     tm4c123gh6pm_startup_ccs.obj (.text)
                  000043de    0000000a     rtsv7M4_T_le_v4SPD16_eabi.lib : sprintf.c.obj (.text:_outc)
                  000043e8    00000008                                   : errno.c.obj (.text:__aeabi_errno_addr)
                  000043f0    00000004                                   : pre_init.c.obj (.text:_system_pre_init)
                  000043f4    00000004                                   : exit.c.obj (.text:abort:abort)

.const     0    000043f8    00000259     
                  000043f8    00000158     rtsv7M4_T_le_v4SPD16_eabi.lib : k_rem_pio2.c.obj (.const:$O1$$)
                  00004550    00000101                                   : ctype.c.obj (.const:.string:_ctypes_)

.cinit     0    00004658    00000030     
                  00004658    0000000c     (__TI_handler_table)
                  00004664    00000004     --HOLE-- [fill = 0]
                  00004668    00000008     (.cinit..bss.load) [load image, compression = zero_init]
                  00004670    00000007     (.cinit..data.load) [load image, compression = lzss]
                  00004677    00000001     --HOLE-- [fill = 0]
                  00004678    00000010     (__TI_cinit_table)

.init_array 
*          0    00000000    00000000     UNINITIALIZED

.bss       0    20000000    00004000     UNINITIALIZED
                  20000000    00002000     (.common:LUT_DATA_A)
                  20002000    00002000     (.common:LUT_DATA_B)

.data      0    20004800    00000004     UNINITIALIZED
                  20004800    00000004     rtsv7M4_T_le_v4SPD16_eabi.lib : errno.c.obj (.data)

.stack     0    20004000    00000800     UNINITIALIZED
                  20004000    00000004     rtsv7M4_T_le_v4SPD16_eabi.lib : boot_cortex_m.c.obj (.stack)
                  20004004    000007fc     --HOLE--

__llvm_prf_cnts 
*          0    20000000    00000000     UNINITIALIZED

MODULE SUMMARY

       Module                         code    ro data   rw data
       ------                         ----    -------   -------
    ./
       Project_Khaled_Ahmed.obj       1316    0         16384  
       gpio.obj                       2020    0         0      
       tm4c123gh6pm_startup_ccs.obj   12      620       0      
       uart0.obj                      356     0         0      
       spi1.obj                       316     0         0      
       adc0.obj                       260     0         0      
       adc1.obj                       260     0         0      
       clock.obj                      16      0         0      
    +--+------------------------------+-------+---------+---------+
       Total:                         4556    620       16384  
                                                               
    /Applications/ti/ccs1040/ccs/tools/compiler/ti-cgt-arm_20.2.5.LTS/lib/rtsv7M4_T_le_v4SPD16_eabi.lib
       _printfi.c.obj                 4851    0         0      
       k_rem_pio2.c.obj               1848    344       0      
       s_sin.c.obj                    1504    0         0      
       fd_add_t2.asm.obj              438     0         0      
       k_sin.c.obj                    372     0         0      
       k_cos.c.obj                    368     0         0      
       fd_div_t2.asm.obj              310     0         0      
       s_scalbn.c.obj                 272     0         0      
       fd_cmp_t2.asm.obj              268     0         0      
       ctype.c.obj                    0       257       0      
       fd_mul_t2.asm.obj              252     0         0      
       s_floor.c.obj                  248     0         0      
       memcpy_t2.asm.obj              156     0         0      
       ull_div_t2.asm.obj             150     0         0      
       memset_t2.asm.obj              122     0         0      
       fd_tos_t2.asm.obj              110     0         0      
       copy_decompress_lzss.c.obj     104     0         0      
       s_frexp.c.obj                  100     0         0      
       sprintf.c.obj                  98      0         0      
       _ltoa.c.obj                    84      0         0      
       atoi.c.obj                     76      0         0      
       fd_toi_t2.asm.obj              72      0         0      
       autoinit.c.obj                 68      0         0      
       fs_tod_t2.asm.obj              56      0         0      
       boot_cortex_m.c.obj            52      0         0      
       i_tofd_t2.asm.obj              46      0         0      
       u_tofd_t2.asm.obj              32      0         0      
       memccpy.c.obj                  28      0         0      
       s_copysign.c.obj               26      0         0      
       strchr.c.obj                   22      0         0      
       strlen.c.obj                   20      0         0      
       wcslen.c.obj                   18      0         0      
       copy_decompress_none.c.obj     14      0         0      
       copy_zero_init.c.obj           12      0         0      
       errno.c.obj                    8       0         4      
       exit.c.obj                     4       0         0      
       pre_init.c.obj                 4       0         0      
       div0.asm.obj                   2       0         0      
    +--+------------------------------+-------+---------+---------+
       Total:                         12215   601       4      
                                                               
       Stack:                         0       0         2048   
       Linker Generated:              0       43        0      
    +--+------------------------------+-------+---------+---------+
       Grand Total:                   16771   1264      18436  


LINKER GENERATED COPY TABLES

__TI_cinit_table @ 00004678 records: 2, size/record: 8, table size: 16
	.bss: load addr=00004668, load size=00000008 bytes, run addr=20000000, run size=00004000 bytes, compression=zero_init
	.data: load addr=00004670, load size=00000007 bytes, run addr=20004800, run size=00000004 bytes, compression=lzss


LINKER GENERATED HANDLER TABLE

__TI_handler_table @ 00004658 records: 3, size/record: 4, table size: 12
	index: 0, handler: __TI_decompress_lzss
	index: 1, handler: __TI_decompress_none
	index: 2, handler: __TI_zero_init


GLOBAL SYMBOLS: SORTED ALPHABETICALLY BY Name 

address   name                          
-------   ----                          
000043f5  C$$EXIT                       
20000000  LUT_DATA_A                    
20002000  LUT_DATA_B                    
000043d3  ResetISR                      
20004800  __STACK_END                   
00000800  __STACK_SIZE                  
20004200  __STACK_TOP                   
00004678  __TI_CINIT_Base               
00004688  __TI_CINIT_Limit              
00004658  __TI_Handler_Table_Base       
00004664  __TI_Handler_Table_Limit      
000041a1  __TI_auto_init_nobinit_nopinit
00003f43  __TI_decompress_lzss          
000043b9  __TI_decompress_none          
00004067  __TI_ltoa                     
ffffffff  __TI_pprof_out_hndl           
0000026d  __TI_printfi                  
ffffffff  __TI_prof_data_size           
ffffffff  __TI_prof_data_start          
00000000  __TI_static_base__            
000043c7  __TI_zero_init                
00003ce1  __aeabi_cdcmpeq               
00003ce1  __aeabi_cdcmple               
00003d67  __aeabi_cdrcmple              
00003ed5  __aeabi_d2f                   
00004159  __aeabi_d2iz                  
00002b27  __aeabi_dadd                  
00003395  __aeabi_ddiv                  
00003909  __aeabi_dmul                  
00002b1d  __aeabi_dsub                  
000043e9  __aeabi_errno_addr            
00004263  __aeabi_f2d                   
000042d1  __aeabi_i2d                   
00000cbb  __aeabi_idiv0                 
00000cbb  __aeabi_ldiv0                 
00003ded  __aeabi_memclr                
00003ded  __aeabi_memclr4               
00003ded  __aeabi_memclr8               
00003baf  __aeabi_memcpy                
00003baf  __aeabi_memcpy4               
00003baf  __aeabi_memcpy8               
00003def  __aeabi_memset                
00003def  __aeabi_memset4               
00003def  __aeabi_memset8               
000042ff  __aeabi_ui2d                  
00003c4b  __aeabi_uldivmod              
ffffffff  __binit__                     
ffffffff  __c_args__                    
00002e49  __kernel_cos                  
000014a1  __kernel_rem_pio2             
00002cd5  __kernel_sin                  
UNDEFED   __mpu_init                    
20004000  __stack                       
20000000  __start___llvm_prf_cnts       
20000000  __stop___llvm_prf_cnts        
0000429d  _c_int00_noargs               
00004550  _ctypes_                      
UNDEFED   _system_post_cinit            
000043f1  _system_pre_init              
000043f5  abort                         
0000410d  atoi                          
ffffffff  binit                         
00001311  clearPinInterrupt             
0000433b  copysign                      
0000433b  copysignl                     
000012ed  disablePinInterrupt           
00001025  disablePinPulldown            
00000fdd  disablePinPullup              
00000d79  disablePort                   
000012c9  enablePinInterrupt            
00001001  enablePinPulldown             
00000faf  enablePinPullup               
00000cbd  enablePort                    
20004800  errno                         
00003a05  floor                         
00003a05  floorl                        
00003fad  frexp                         
00003fad  frexpl                        
00000000  g_pfnVectors                  
0000135b  getPinValue                   
00001411  getPortValue                  
000030b5  getcUart0                     
00003701  initAdc0Ss3                   
00003805  initAdc1Ss2                   
000021b9  initHw                        
00003259  initSpi1                      
000043a9  initSystemClockTo40Mhz        
00002211  initTimer                     
00002fb9  initUart0                     
000030c9  kbhitUart0                    
000035f1  ldexp                         
000035f1  ldexpl                        
000025ef  main                          
0000431f  memccpy                       
00003baf  memcpy                        
00003df5  memset                        
0000306d  putcUart0                     
00003089  putsUart0                     
000037b3  readAdc0Ss3                   
000038b7  readAdc1Ss2                   
0000336d  readSpi1Data                  
000035f1  scalbn                        
000035f1  scalbnl                       
00000ee3  selectPinAnalogInput          
00000e95  selectPinDigitalInput         
000011ff  selectPinInterruptBothEdges   
000011af  selectPinInterruptFallingEdge 
00001255  selectPinInterruptHighLevel   
0000128f  selectPinInterruptLowLevel    
0000115f  selectPinInterruptRisingEdge  
00000e47  selectPinOpenDrainOutput      
00000df9  selectPinPushPullOutput       
000023dd  sendData                      
00003747  setAdc0Ss3Log2AverageCount    
0000378b  setAdc0Ss3Mux                 
0000384b  setAdc1Ss2Log2AverageCount    
0000388f  setAdc1Ss2Mux                 
00002449  setDacVoltage                 
00002549  setOpampVoltageOut            
0000104d  setPinAuxFunction             
00000f33  setPinCommitControl           
00001335  setPinValue                   
00001395  setPortValue                  
000032d1  setSpi1BaudRate               
00003307  setSpi1Mode                   
00003041  setUart0BaudRate              
00001bd9  sin                           
00001bd9  sinl                          
00002285  sinusoidalFunction            
000041e5  sprintf                       
0000436d  strchr                        
00004383  strlen                        
00002259  timer1Isr                     
00004397  wcslen                        
00003355  writeSpi1Data                 


GLOBAL SYMBOLS: SORTED BY Symbol Address 

address   name                          
-------   ----                          
00000000  __TI_static_base__            
00000000  g_pfnVectors                  
0000026d  __TI_printfi                  
00000800  __STACK_SIZE                  
00000cbb  __aeabi_idiv0                 
00000cbb  __aeabi_ldiv0                 
00000cbd  enablePort                    
00000d79  disablePort                   
00000df9  selectPinPushPullOutput       
00000e47  selectPinOpenDrainOutput      
00000e95  selectPinDigitalInput         
00000ee3  selectPinAnalogInput          
00000f33  setPinCommitControl           
00000faf  enablePinPullup               
00000fdd  disablePinPullup              
00001001  enablePinPulldown             
00001025  disablePinPulldown            
0000104d  setPinAuxFunction             
0000115f  selectPinInterruptRisingEdge  
000011af  selectPinInterruptFallingEdge 
000011ff  selectPinInterruptBothEdges   
00001255  selectPinInterruptHighLevel   
0000128f  selectPinInterruptLowLevel    
000012c9  enablePinInterrupt            
000012ed  disablePinInterrupt           
00001311  clearPinInterrupt             
00001335  setPinValue                   
0000135b  getPinValue                   
00001395  setPortValue                  
00001411  getPortValue                  
000014a1  __kernel_rem_pio2             
00001bd9  sin                           
00001bd9  sinl                          
000021b9  initHw                        
00002211  initTimer                     
00002259  timer1Isr                     
00002285  sinusoidalFunction            
000023dd  sendData                      
00002449  setDacVoltage                 
00002549  setOpampVoltageOut            
000025ef  main                          
00002b1d  __aeabi_dsub                  
00002b27  __aeabi_dadd                  
00002cd5  __kernel_sin                  
00002e49  __kernel_cos                  
00002fb9  initUart0                     
00003041  setUart0BaudRate              
0000306d  putcUart0                     
00003089  putsUart0                     
000030b5  getcUart0                     
000030c9  kbhitUart0                    
00003259  initSpi1                      
000032d1  setSpi1BaudRate               
00003307  setSpi1Mode                   
00003355  writeSpi1Data                 
0000336d  readSpi1Data                  
00003395  __aeabi_ddiv                  
000035f1  ldexp                         
000035f1  ldexpl                        
000035f1  scalbn                        
000035f1  scalbnl                       
00003701  initAdc0Ss3                   
00003747  setAdc0Ss3Log2AverageCount    
0000378b  setAdc0Ss3Mux                 
000037b3  readAdc0Ss3                   
00003805  initAdc1Ss2                   
0000384b  setAdc1Ss2Log2AverageCount    
0000388f  setAdc1Ss2Mux                 
000038b7  readAdc1Ss2                   
00003909  __aeabi_dmul                  
00003a05  floor                         
00003a05  floorl                        
00003baf  __aeabi_memcpy                
00003baf  __aeabi_memcpy4               
00003baf  __aeabi_memcpy8               
00003baf  memcpy                        
00003c4b  __aeabi_uldivmod              
00003ce1  __aeabi_cdcmpeq               
00003ce1  __aeabi_cdcmple               
00003d67  __aeabi_cdrcmple              
00003ded  __aeabi_memclr                
00003ded  __aeabi_memclr4               
00003ded  __aeabi_memclr8               
00003def  __aeabi_memset                
00003def  __aeabi_memset4               
00003def  __aeabi_memset8               
00003df5  memset                        
00003ed5  __aeabi_d2f                   
00003f43  __TI_decompress_lzss          
00003fad  frexp                         
00003fad  frexpl                        
00004067  __TI_ltoa                     
0000410d  atoi                          
00004159  __aeabi_d2iz                  
000041a1  __TI_auto_init_nobinit_nopinit
000041e5  sprintf                       
00004263  __aeabi_f2d                   
0000429d  _c_int00_noargs               
000042d1  __aeabi_i2d                   
000042ff  __aeabi_ui2d                  
0000431f  memccpy                       
0000433b  copysign                      
0000433b  copysignl                     
0000436d  strchr                        
00004383  strlen                        
00004397  wcslen                        
000043a9  initSystemClockTo40Mhz        
000043b9  __TI_decompress_none          
000043c7  __TI_zero_init                
000043d3  ResetISR                      
000043e9  __aeabi_errno_addr            
000043f1  _system_pre_init              
000043f5  C$$EXIT                       
000043f5  abort                         
00004550  _ctypes_                      
00004658  __TI_Handler_Table_Base       
00004664  __TI_Handler_Table_Limit      
00004678  __TI_CINIT_Base               
00004688  __TI_CINIT_Limit              
20000000  LUT_DATA_A                    
20000000  __start___llvm_prf_cnts       
20000000  __stop___llvm_prf_cnts        
20002000  LUT_DATA_B                    
20004000  __stack                       
20004200  __STACK_TOP                   
20004800  __STACK_END                   
20004800  errno                         
ffffffff  __TI_pprof_out_hndl           
ffffffff  __TI_prof_data_size           
ffffffff  __TI_prof_data_start          
ffffffff  __binit__                     
ffffffff  __c_args__                    
ffffffff  binit                         
UNDEFED   __mpu_init                    
UNDEFED   _system_post_cinit            

[135 symbols]
