******************************************************************************
                  TI ARM Linker Unix v20.2.5                   
******************************************************************************
>> Linked Wed Mar 30 10:15:36 2022

OUTPUT FILE NAME:   <Project.out>
ENTRY POINT SYMBOL: "_c_int00_noargs"  address: 000042a1


MEMORY CONFIGURATION

         name            origin    length      used     unused   attr    fill
----------------------  --------  ---------  --------  --------  ----  --------
  FLASH                 00000000   00040000  00004685  0003b97b  R  X
  SRAM                  20000000   00008000  00004804  000037fc  RW X


SEGMENT ALLOCATION MAP

run origin  load origin   length   init length attrs members
----------  ----------- ---------- ----------- ----- -------
00000000    00000000    00004690   00004690    r-x
  00000000    00000000    0000026c   0000026c    r-- .intvecs
  0000026c    0000026c    00004190   00004190    r-x .text
  00004400    00004400    00000259   00000259    r-- .const
  00004660    00004660    00000030   00000030    r-- .cinit
20000000    20000000    00004804   00000000    rw-
  20000000    20000000    00004000   00000000    rw- .bss
  20004000    20004000    00000800   00000000    rw- .stack
  20004800    20004800    00000004   00000000    rw- .data


SECTION ALLOCATION MAP

 output                                  attributes/
section   page    origin      length       input sections
--------  ----  ----------  ----------   ----------------
.intvecs   0    00000000    0000026c     
                  00000000    0000026c     tm4c123gh6pm_startup_ccs.obj (.intvecs)

.text      0    0000026c    00004190     
                  0000026c    00000a4e     rtsv7M4_T_le_v4SPD16_eabi.lib : _printfi.c.obj (.text:__TI_printfi)
                  00000cba    00000002                                   : div0.asm.obj (.text)
                  00000cbc    000007e8     gpio.obj (.text)
                  000014a4    00000738     rtsv7M4_T_le_v4SPD16_eabi.lib : k_rem_pio2.c.obj (.text:__kernel_rem_pio2)
                  00001bdc    000005e0                                   : s_sin.c.obj (.text:sin)
                  000021bc    00000524     Project_Khaled_Ahmed.obj (.text)
                  000026e0    00000270     rtsv7M4_T_le_v4SPD16_eabi.lib : _printfi.c.obj (.text:_pconv_a)
                  00002950    000001d0                                   : _printfi.c.obj (.text:_pconv_g)
                  00002b20    000001b6                                   : fd_add_t2.asm.obj (.text)
                  00002cd6    00000002     --HOLE-- [fill = 0]
                  00002cd8    00000174                                   : k_sin.c.obj (.text:__kernel_sin)
                  00002e4c    00000170                                   : k_cos.c.obj (.text:__kernel_cos)
                  00002fbc    00000164     uart0.obj (.text)
                  00003120    0000013c     rtsv7M4_T_le_v4SPD16_eabi.lib : _printfi.c.obj (.text:_pconv_e)
                  0000325c    0000013c     spi1.obj (.text)
                  00003398    00000136     rtsv7M4_T_le_v4SPD16_eabi.lib : fd_div_t2.asm.obj (.text)
                  000034ce    00000002     --HOLE-- [fill = 0]
                  000034d0    00000124                                   : _printfi.c.obj (.text:fcvt)
                  000035f4    00000110                                   : s_scalbn.c.obj (.text:scalbn)
                  00003704    00000104     adc0.obj (.text)
                  00003808    00000104     adc1.obj (.text)
                  0000390c    000000fc     rtsv7M4_T_le_v4SPD16_eabi.lib : fd_mul_t2.asm.obj (.text)
                  00003a08    000000f8                                   : s_floor.c.obj (.text:floor)
                  00003b00    000000b1                                   : _printfi.c.obj (.text:_ltostr)
                  00003bb1    00000001     --HOLE-- [fill = 0]
                  00003bb2    0000009c                                   : memcpy_t2.asm.obj (.text)
                  00003c4e    00000096                                   : ull_div_t2.asm.obj (.text)
                  00003ce4    00000086                                   : fd_cmp_t2.asm.obj (.text:__aeabi_cdcmple)
                  00003d6a    00000086                                   : fd_cmp_t2.asm.obj (.text:__aeabi_cdrcmple)
                  00003df0    0000007a                                   : memset_t2.asm.obj (.text)
                  00003e6a    0000006e                                   : _printfi.c.obj (.text:_mcpy)
                  00003ed8    0000006e                                   : fd_tos_t2.asm.obj (.text)
                  00003f46    00000068                                   : copy_decompress_lzss.c.obj (.text:decompress:lzss:__TI_decompress_lzss)
                  00003fae    00000002     --HOLE-- [fill = 0]
                  00003fb0    00000064                                   : s_frexp.c.obj (.text:frexp)
                  00004014    00000056                                   : _printfi.c.obj (.text:_pconv_f)
                  0000406a    00000054                                   : _ltoa.c.obj (.text:__TI_ltoa)
                  000040be    00000052                                   : _printfi.c.obj (.text:_ecpy)
                  00004110    0000004c                                   : atoi.c.obj (.text:atoi)
                  0000415c    00000048                                   : fd_toi_t2.asm.obj (.text)
                  000041a4    00000044                                   : autoinit.c.obj (.text:__TI_auto_init_nobinit_nopinit:__TI_auto_init_nobinit_nopinit)
                  000041e8    00000040                                   : sprintf.c.obj (.text:sprintf)
                  00004228    0000003e                                   : _printfi.c.obj (.text:_fcpy)
                  00004266    00000038                                   : fs_tod_t2.asm.obj (.text)
                  0000429e    00000002     --HOLE-- [fill = 0]
                  000042a0    00000034                                   : boot_cortex_m.c.obj (.text:_c_int00_noargs:_c_int00_noargs)
                  000042d4    0000002e                                   : i_tofd_t2.asm.obj (.text)
                  00004302    00000020                                   : u_tofd_t2.asm.obj (.text)
                  00004322    0000001c                                   : memccpy.c.obj (.text:memccpy)
                  0000433e    0000001a                                   : s_copysign.c.obj (.text:copysign)
                  00004358    00000018                                   : sprintf.c.obj (.text:_outs)
                  00004370    00000016                                   : strchr.c.obj (.text:strchr)
                  00004386    00000014                                   : strlen.c.obj (.text:strlen)
                  0000439a    00000012                                   : wcslen.c.obj (.text:wcslen)
                  000043ac    00000010     clock.obj (.text)
                  000043bc    0000000e     rtsv7M4_T_le_v4SPD16_eabi.lib : copy_decompress_none.c.obj (.text:decompress:none:__TI_decompress_none)
                  000043ca    0000000c                                   : copy_zero_init.c.obj (.text:decompress:ZI:__TI_zero_init)
                  000043d6    0000000c     tm4c123gh6pm_startup_ccs.obj (.text)
                  000043e2    0000000a     rtsv7M4_T_le_v4SPD16_eabi.lib : sprintf.c.obj (.text:_outc)
                  000043ec    00000008                                   : errno.c.obj (.text:__aeabi_errno_addr)
                  000043f4    00000004                                   : pre_init.c.obj (.text:_system_pre_init)
                  000043f8    00000004                                   : exit.c.obj (.text:abort:abort)

.const     0    00004400    00000259     
                  00004400    00000158     rtsv7M4_T_le_v4SPD16_eabi.lib : k_rem_pio2.c.obj (.const:$O1$$)
                  00004558    00000101                                   : ctype.c.obj (.const:.string:_ctypes_)

.cinit     0    00004660    00000030     
                  00004660    0000000c     (__TI_handler_table)
                  0000466c    00000004     --HOLE-- [fill = 0]
                  00004670    00000008     (.cinit..bss.load) [load image, compression = zero_init]
                  00004678    00000007     (.cinit..data.load) [load image, compression = lzss]
                  0000467f    00000001     --HOLE-- [fill = 0]
                  00004680    00000010     (__TI_cinit_table)

.init_array 
*          0    00000000    00000000     UNINITIALIZED

.bss       0    20000000    00004000     UNINITIALIZED
                  20000000    00002000     (.common:LUT_DATA_A)
                  20002000    00002000     (.common:LUT_DATA_B)

.data      0    20004800    00000004     UNINITIALIZED
                  20004800    00000004     rtsv7M4_T_le_v4SPD16_eabi.lib : errno.c.obj (.data)

.stack     0    20004000    00000800     UNINITIALIZED
                  20004000    00000004     rtsv7M4_T_le_v4SPD16_eabi.lib : boot_cortex_m.c.obj (.stack)
                  20004004    000007fc     --HOLE--

__llvm_prf_cnts 
*          0    20000000    00000000     UNINITIALIZED

MODULE SUMMARY

       Module                         code    ro data   rw data
       ------                         ----    -------   -------
    ./
       Project_Khaled_Ahmed.obj       1316    0         16384  
       gpio.obj                       2024    0         0      
       tm4c123gh6pm_startup_ccs.obj   12      620       0      
       uart0.obj                      356     0         0      
       spi1.obj                       316     0         0      
       adc0.obj                       260     0         0      
       adc1.obj                       260     0         0      
       clock.obj                      16      0         0      
    +--+------------------------------+-------+---------+---------+
       Total:                         4560    620       16384  
                                                               
    /Applications/ti/ccs1040/ccs/tools/compiler/ti-cgt-arm_20.2.5.LTS/lib/rtsv7M4_T_le_v4SPD16_eabi.lib
       _printfi.c.obj                 4851    0         0      
       k_rem_pio2.c.obj               1848    344       0      
       s_sin.c.obj                    1504    0         0      
       fd_add_t2.asm.obj              438     0         0      
       k_sin.c.obj                    372     0         0      
       k_cos.c.obj                    368     0         0      
       fd_div_t2.asm.obj              310     0         0      
       s_scalbn.c.obj                 272     0         0      
       fd_cmp_t2.asm.obj              268     0         0      
       ctype.c.obj                    0       257       0      
       fd_mul_t2.asm.obj              252     0         0      
       s_floor.c.obj                  248     0         0      
       memcpy_t2.asm.obj              156     0         0      
       ull_div_t2.asm.obj             150     0         0      
       memset_t2.asm.obj              122     0         0      
       fd_tos_t2.asm.obj              110     0         0      
       copy_decompress_lzss.c.obj     104     0         0      
       s_frexp.c.obj                  100     0         0      
       sprintf.c.obj                  98      0         0      
       _ltoa.c.obj                    84      0         0      
       atoi.c.obj                     76      0         0      
       fd_toi_t2.asm.obj              72      0         0      
       autoinit.c.obj                 68      0         0      
       fs_tod_t2.asm.obj              56      0         0      
       boot_cortex_m.c.obj            52      0         0      
       i_tofd_t2.asm.obj              46      0         0      
       u_tofd_t2.asm.obj              32      0         0      
       memccpy.c.obj                  28      0         0      
       s_copysign.c.obj               26      0         0      
       strchr.c.obj                   22      0         0      
       strlen.c.obj                   20      0         0      
       wcslen.c.obj                   18      0         0      
       copy_decompress_none.c.obj     14      0         0      
       copy_zero_init.c.obj           12      0         0      
       errno.c.obj                    8       0         4      
       exit.c.obj                     4       0         0      
       pre_init.c.obj                 4       0         0      
       div0.asm.obj                   2       0         0      
    +--+------------------------------+-------+---------+---------+
       Total:                         12215   601       4      
                                                               
       Stack:                         0       0         2048   
       Linker Generated:              0       43        0      
    +--+------------------------------+-------+---------+---------+
       Grand Total:                   16775   1264      18436  


LINKER GENERATED COPY TABLES

__TI_cinit_table @ 00004680 records: 2, size/record: 8, table size: 16
	.bss: load addr=00004670, load size=00000008 bytes, run addr=20000000, run size=00004000 bytes, compression=zero_init
	.data: load addr=00004678, load size=00000007 bytes, run addr=20004800, run size=00000004 bytes, compression=lzss


LINKER GENERATED HANDLER TABLE

__TI_handler_table @ 00004660 records: 3, size/record: 4, table size: 12
	index: 0, handler: __TI_decompress_lzss
	index: 1, handler: __TI_decompress_none
	index: 2, handler: __TI_zero_init


GLOBAL SYMBOLS: SORTED ALPHABETICALLY BY Name 

address   name                          
-------   ----                          
000043f9  C$$EXIT                       
20000000  LUT_DATA_A                    
20002000  LUT_DATA_B                    
000043d7  ResetISR                      
20004800  __STACK_END                   
00000800  __STACK_SIZE                  
20004200  __STACK_TOP                   
00004680  __TI_CINIT_Base               
00004690  __TI_CINIT_Limit              
00004660  __TI_Handler_Table_Base       
0000466c  __TI_Handler_Table_Limit      
000041a5  __TI_auto_init_nobinit_nopinit
00003f47  __TI_decompress_lzss          
000043bd  __TI_decompress_none          
0000406b  __TI_ltoa                     
ffffffff  __TI_pprof_out_hndl           
0000026d  __TI_printfi                  
ffffffff  __TI_prof_data_size           
ffffffff  __TI_prof_data_start          
00000000  __TI_static_base__            
000043cb  __TI_zero_init                
00003ce5  __aeabi_cdcmpeq               
00003ce5  __aeabi_cdcmple               
00003d6b  __aeabi_cdrcmple              
00003ed9  __aeabi_d2f                   
0000415d  __aeabi_d2iz                  
00002b2b  __aeabi_dadd                  
00003399  __aeabi_ddiv                  
0000390d  __aeabi_dmul                  
00002b21  __aeabi_dsub                  
000043ed  __aeabi_errno_addr            
00004267  __aeabi_f2d                   
000042d5  __aeabi_i2d                   
00000cbb  __aeabi_idiv0                 
00000cbb  __aeabi_ldiv0                 
00003df1  __aeabi_memclr                
00003df1  __aeabi_memclr4               
00003df1  __aeabi_memclr8               
00003bb3  __aeabi_memcpy                
00003bb3  __aeabi_memcpy4               
00003bb3  __aeabi_memcpy8               
00003df3  __aeabi_memset                
00003df3  __aeabi_memset4               
00003df3  __aeabi_memset8               
00004303  __aeabi_ui2d                  
00003c4f  __aeabi_uldivmod              
ffffffff  __binit__                     
ffffffff  __c_args__                    
00002e4d  __kernel_cos                  
000014a5  __kernel_rem_pio2             
00002cd9  __kernel_sin                  
UNDEFED   __mpu_init                    
20004000  __stack                       
20000000  __start___llvm_prf_cnts       
20000000  __stop___llvm_prf_cnts        
000042a1  _c_int00_noargs               
00004558  _ctypes_                      
UNDEFED   _system_post_cinit            
000043f5  _system_pre_init              
000043f9  abort                         
00004111  atoi                          
ffffffff  binit                         
00001315  clearPinInterrupt             
0000433f  copysign                      
0000433f  copysignl                     
000012f1  disablePinInterrupt           
00001025  disablePinPulldown            
00000fdd  disablePinPullup              
00000d79  disablePort                   
000012cd  enablePinInterrupt            
00001001  enablePinPulldown             
00000faf  enablePinPullup               
00000cbd  enablePort                    
20004800  errno                         
00003a09  floor                         
00003a09  floorl                        
00003fb1  frexp                         
00003fb1  frexpl                        
00000000  g_pfnVectors                  
0000135f  getPinValue                   
00001415  getPortValue                  
000030b9  getcUart0                     
00003705  initAdc0Ss3                   
00003809  initAdc1Ss2                   
000021bd  initHw                        
0000325d  initSpi1                      
000043ad  initSystemClockTo40Mhz        
00002215  initTimer                     
00002fbd  initUart0                     
000030cd  kbhitUart0                    
000035f5  ldexp                         
000035f5  ldexpl                        
000025f3  main                          
00004323  memccpy                       
00003bb3  memcpy                        
00003df9  memset                        
00003071  putcUart0                     
0000308d  putsUart0                     
000037b7  readAdc0Ss3                   
000038bb  readAdc1Ss2                   
00003371  readSpi1Data                  
000035f5  scalbn                        
000035f5  scalbnl                       
00000ee3  selectPinAnalogInput          
00000e95  selectPinDigitalInput         
00001201  selectPinInterruptBothEdges   
000011b1  selectPinInterruptFallingEdge 
00001259  selectPinInterruptHighLevel   
00001293  selectPinInterruptLowLevel    
00001161  selectPinInterruptRisingEdge  
00000e47  selectPinOpenDrainOutput      
00000df9  selectPinPushPullOutput       
000023e3  sendData                      
0000374b  setAdc0Ss3Log2AverageCount    
0000378f  setAdc0Ss3Mux                 
0000384f  setAdc1Ss2Log2AverageCount    
00003893  setAdc1Ss2Mux                 
0000244d  setDacVoltage                 
0000254d  setOpampVoltageOut            
0000104d  setPinAuxFunction             
00000f33  setPinCommitControl           
00001339  setPinValue                   
00001395  setPortValue                  
000032d5  setSpi1BaudRate               
0000330b  setSpi1Mode                   
00003045  setUart0BaudRate              
00001bdd  sin                           
00001bdd  sinl                          
0000228b  sinusoidalFunction            
000041e9  sprintf                       
00004371  strchr                        
00004387  strlen                        
0000225d  timer1Isr                     
0000439b  wcslen                        
00003359  writeSpi1Data                 


GLOBAL SYMBOLS: SORTED BY Symbol Address 

address   name                          
-------   ----                          
00000000  __TI_static_base__            
00000000  g_pfnVectors                  
0000026d  __TI_printfi                  
00000800  __STACK_SIZE                  
00000cbb  __aeabi_idiv0                 
00000cbb  __aeabi_ldiv0                 
00000cbd  enablePort                    
00000d79  disablePort                   
00000df9  selectPinPushPullOutput       
00000e47  selectPinOpenDrainOutput      
00000e95  selectPinDigitalInput         
00000ee3  selectPinAnalogInput          
00000f33  setPinCommitControl           
00000faf  enablePinPullup               
00000fdd  disablePinPullup              
00001001  enablePinPulldown             
00001025  disablePinPulldown            
0000104d  setPinAuxFunction             
00001161  selectPinInterruptRisingEdge  
000011b1  selectPinInterruptFallingEdge 
00001201  selectPinInterruptBothEdges   
00001259  selectPinInterruptHighLevel   
00001293  selectPinInterruptLowLevel    
000012cd  enablePinInterrupt            
000012f1  disablePinInterrupt           
00001315  clearPinInterrupt             
00001339  setPinValue                   
0000135f  getPinValue                   
00001395  setPortValue                  
00001415  getPortValue                  
000014a5  __kernel_rem_pio2             
00001bdd  sin                           
00001bdd  sinl                          
000021bd  initHw                        
00002215  initTimer                     
0000225d  timer1Isr                     
0000228b  sinusoidalFunction            
000023e3  sendData                      
0000244d  setDacVoltage                 
0000254d  setOpampVoltageOut            
000025f3  main                          
00002b21  __aeabi_dsub                  
00002b2b  __aeabi_dadd                  
00002cd9  __kernel_sin                  
00002e4d  __kernel_cos                  
00002fbd  initUart0                     
00003045  setUart0BaudRate              
00003071  putcUart0                     
0000308d  putsUart0                     
000030b9  getcUart0                     
000030cd  kbhitUart0                    
0000325d  initSpi1                      
000032d5  setSpi1BaudRate               
0000330b  setSpi1Mode                   
00003359  writeSpi1Data                 
00003371  readSpi1Data                  
00003399  __aeabi_ddiv                  
000035f5  ldexp                         
000035f5  ldexpl                        
000035f5  scalbn                        
000035f5  scalbnl                       
00003705  initAdc0Ss3                   
0000374b  setAdc0Ss3Log2AverageCount    
0000378f  setAdc0Ss3Mux                 
000037b7  readAdc0Ss3                   
00003809  initAdc1Ss2                   
0000384f  setAdc1Ss2Log2AverageCount    
00003893  setAdc1Ss2Mux                 
000038bb  readAdc1Ss2                   
0000390d  __aeabi_dmul                  
00003a09  floor                         
00003a09  floorl                        
00003bb3  __aeabi_memcpy                
00003bb3  __aeabi_memcpy4               
00003bb3  __aeabi_memcpy8               
00003bb3  memcpy                        
00003c4f  __aeabi_uldivmod              
00003ce5  __aeabi_cdcmpeq               
00003ce5  __aeabi_cdcmple               
00003d6b  __aeabi_cdrcmple              
00003df1  __aeabi_memclr                
00003df1  __aeabi_memclr4               
00003df1  __aeabi_memclr8               
00003df3  __aeabi_memset                
00003df3  __aeabi_memset4               
00003df3  __aeabi_memset8               
00003df9  memset                        
00003ed9  __aeabi_d2f                   
00003f47  __TI_decompress_lzss          
00003fb1  frexp                         
00003fb1  frexpl                        
0000406b  __TI_ltoa                     
00004111  atoi                          
0000415d  __aeabi_d2iz                  
000041a5  __TI_auto_init_nobinit_nopinit
000041e9  sprintf                       
00004267  __aeabi_f2d                   
000042a1  _c_int00_noargs               
000042d5  __aeabi_i2d                   
00004303  __aeabi_ui2d                  
00004323  memccpy                       
0000433f  copysign                      
0000433f  copysignl                     
00004371  strchr                        
00004387  strlen                        
0000439b  wcslen                        
000043ad  initSystemClockTo40Mhz        
000043bd  __TI_decompress_none          
000043cb  __TI_zero_init                
000043d7  ResetISR                      
000043ed  __aeabi_errno_addr            
000043f5  _system_pre_init              
000043f9  C$$EXIT                       
000043f9  abort                         
00004558  _ctypes_                      
00004660  __TI_Handler_Table_Base       
0000466c  __TI_Handler_Table_Limit      
00004680  __TI_CINIT_Base               
00004690  __TI_CINIT_Limit              
20000000  LUT_DATA_A                    
20000000  __start___llvm_prf_cnts       
20000000  __stop___llvm_prf_cnts        
20002000  LUT_DATA_B                    
20004000  __stack                       
20004200  __STACK_TOP                   
20004800  __STACK_END                   
20004800  errno                         
ffffffff  __TI_pprof_out_hndl           
ffffffff  __TI_prof_data_size           
ffffffff  __TI_prof_data_start          
ffffffff  __binit__                     
ffffffff  __c_args__                    
ffffffff  binit                         
UNDEFED   __mpu_init                    
UNDEFED   _system_post_cinit            

[135 symbols]
