<?xml version="1.0" encoding="ISO-8859-1" ?>
<link_info>
   <banner>TI ARM Linker Unix v20.2.5.LTS</banner>
   <copyright>Copyright (c) 1996-2018 Texas Instruments Incorporated</copyright>
   <link_time>0x6244741a</link_time>
   <link_errors>0x0</link_errors>
   <output_file>Project.out</output_file>
   <entry_point>
      <name>_c_int00_noargs</name>
      <address>0x43dd</address>
   </entry_point>
   <input_file_list>
      <input_file id="fl-1">
         <path>./</path>
         <kind>object</kind>
         <file>Project_Khaled_Ahmed.obj</file>
         <name>Project_Khaled_Ahmed.obj</name>
      </input_file>
      <input_file id="fl-2">
         <path>./</path>
         <kind>object</kind>
         <file>adc0.obj</file>
         <name>adc0.obj</name>
      </input_file>
      <input_file id="fl-3">
         <path>./</path>
         <kind>object</kind>
         <file>adc1.obj</file>
         <name>adc1.obj</name>
      </input_file>
      <input_file id="fl-4">
         <path>./</path>
         <kind>object</kind>
         <file>clock.obj</file>
         <name>clock.obj</name>
      </input_file>
      <input_file id="fl-5">
         <path>./</path>
         <kind>object</kind>
         <file>gpio.obj</file>
         <name>gpio.obj</name>
      </input_file>
      <input_file id="fl-6">
         <path>./</path>
         <kind>object</kind>
         <file>nvic.obj</file>
         <name>nvic.obj</name>
      </input_file>
      <input_file id="fl-7">
         <path>./</path>
         <kind>object</kind>
         <file>project.obj</file>
         <name>project.obj</name>
      </input_file>
      <input_file id="fl-8">
         <path>./</path>
         <kind>object</kind>
         <file>spi1.obj</file>
         <name>spi1.obj</name>
      </input_file>
      <input_file id="fl-9">
         <path>./</path>
         <kind>object</kind>
         <file>tm4c123gh6pm_startup_ccs.obj</file>
         <name>tm4c123gh6pm_startup_ccs.obj</name>
      </input_file>
      <input_file id="fl-a">
         <path>./</path>
         <kind>object</kind>
         <file>uart0.obj</file>
         <name>uart0.obj</name>
      </input_file>
      <input_file id="fl-b">
         <path>./</path>
         <kind>object</kind>
         <file>wait.obj</file>
         <name>wait.obj</name>
      </input_file>
      <input_file id="fl-f">
         <kind>object</kind>
         <file>&lt;internal&gt;</file>
         <name>&lt;internal&gt;</name>
      </input_file>
      <input_file id="fl-c5">
         <path>/Applications/ti/ccs1040/ccs/tools/compiler/ti-cgt-arm_20.2.5.LTS/lib/</path>
         <kind>archive</kind>
         <file>rtsv7M4_T_le_v4SPD16_eabi.lib</file>
         <name>sprintf.c.obj</name>
      </input_file>
      <input_file id="fl-c6">
         <path>/Applications/ti/ccs1040/ccs/tools/compiler/ti-cgt-arm_20.2.5.LTS/lib/</path>
         <kind>archive</kind>
         <file>rtsv7M4_T_le_v4SPD16_eabi.lib</file>
         <name>s_sin.c.obj</name>
      </input_file>
      <input_file id="fl-c7">
         <path>/Applications/ti/ccs1040/ccs/tools/compiler/ti-cgt-arm_20.2.5.LTS/lib/</path>
         <kind>archive</kind>
         <file>rtsv7M4_T_le_v4SPD16_eabi.lib</file>
         <name>fd_add_t2.asm.obj</name>
      </input_file>
      <input_file id="fl-c8">
         <path>/Applications/ti/ccs1040/ccs/tools/compiler/ti-cgt-arm_20.2.5.LTS/lib/</path>
         <kind>archive</kind>
         <file>rtsv7M4_T_le_v4SPD16_eabi.lib</file>
         <name>fd_cmp_t2.asm.obj</name>
      </input_file>
      <input_file id="fl-c9">
         <path>/Applications/ti/ccs1040/ccs/tools/compiler/ti-cgt-arm_20.2.5.LTS/lib/</path>
         <kind>archive</kind>
         <file>rtsv7M4_T_le_v4SPD16_eabi.lib</file>
         <name>fd_div_t2.asm.obj</name>
      </input_file>
      <input_file id="fl-ca">
         <path>/Applications/ti/ccs1040/ccs/tools/compiler/ti-cgt-arm_20.2.5.LTS/lib/</path>
         <kind>archive</kind>
         <file>rtsv7M4_T_le_v4SPD16_eabi.lib</file>
         <name>fd_mul_t2.asm.obj</name>
      </input_file>
      <input_file id="fl-cb">
         <path>/Applications/ti/ccs1040/ccs/tools/compiler/ti-cgt-arm_20.2.5.LTS/lib/</path>
         <kind>archive</kind>
         <file>rtsv7M4_T_le_v4SPD16_eabi.lib</file>
         <name>fd_toi_t2.asm.obj</name>
      </input_file>
      <input_file id="fl-cc">
         <path>/Applications/ti/ccs1040/ccs/tools/compiler/ti-cgt-arm_20.2.5.LTS/lib/</path>
         <kind>archive</kind>
         <file>rtsv7M4_T_le_v4SPD16_eabi.lib</file>
         <name>fd_tos_t2.asm.obj</name>
      </input_file>
      <input_file id="fl-cd">
         <path>/Applications/ti/ccs1040/ccs/tools/compiler/ti-cgt-arm_20.2.5.LTS/lib/</path>
         <kind>archive</kind>
         <file>rtsv7M4_T_le_v4SPD16_eabi.lib</file>
         <name>fs_tod_t2.asm.obj</name>
      </input_file>
      <input_file id="fl-ce">
         <path>/Applications/ti/ccs1040/ccs/tools/compiler/ti-cgt-arm_20.2.5.LTS/lib/</path>
         <kind>archive</kind>
         <file>rtsv7M4_T_le_v4SPD16_eabi.lib</file>
         <name>i_tofd_t2.asm.obj</name>
      </input_file>
      <input_file id="fl-cf">
         <path>/Applications/ti/ccs1040/ccs/tools/compiler/ti-cgt-arm_20.2.5.LTS/lib/</path>
         <kind>archive</kind>
         <file>rtsv7M4_T_le_v4SPD16_eabi.lib</file>
         <name>memcpy_t2.asm.obj</name>
      </input_file>
      <input_file id="fl-d0">
         <path>/Applications/ti/ccs1040/ccs/tools/compiler/ti-cgt-arm_20.2.5.LTS/lib/</path>
         <kind>archive</kind>
         <file>rtsv7M4_T_le_v4SPD16_eabi.lib</file>
         <name>u_tofd_t2.asm.obj</name>
      </input_file>
      <input_file id="fl-d1">
         <path>/Applications/ti/ccs1040/ccs/tools/compiler/ti-cgt-arm_20.2.5.LTS/lib/</path>
         <kind>archive</kind>
         <file>rtsv7M4_T_le_v4SPD16_eabi.lib</file>
         <name>copy_zero_init.c.obj</name>
      </input_file>
      <input_file id="fl-d2">
         <path>/Applications/ti/ccs1040/ccs/tools/compiler/ti-cgt-arm_20.2.5.LTS/lib/</path>
         <kind>archive</kind>
         <file>rtsv7M4_T_le_v4SPD16_eabi.lib</file>
         <name>copy_decompress_none.c.obj</name>
      </input_file>
      <input_file id="fl-d3">
         <path>/Applications/ti/ccs1040/ccs/tools/compiler/ti-cgt-arm_20.2.5.LTS/lib/</path>
         <kind>archive</kind>
         <file>rtsv7M4_T_le_v4SPD16_eabi.lib</file>
         <name>copy_decompress_lzss.c.obj</name>
      </input_file>
      <input_file id="fl-d4">
         <path>/Applications/ti/ccs1040/ccs/tools/compiler/ti-cgt-arm_20.2.5.LTS/lib/</path>
         <kind>archive</kind>
         <file>rtsv7M4_T_le_v4SPD16_eabi.lib</file>
         <name>k_rem_pio2.c.obj</name>
      </input_file>
      <input_file id="fl-d5">
         <path>/Applications/ti/ccs1040/ccs/tools/compiler/ti-cgt-arm_20.2.5.LTS/lib/</path>
         <kind>archive</kind>
         <file>rtsv7M4_T_le_v4SPD16_eabi.lib</file>
         <name>boot_cortex_m.c.obj</name>
      </input_file>
      <input_file id="fl-d6">
         <path>/Applications/ti/ccs1040/ccs/tools/compiler/ti-cgt-arm_20.2.5.LTS/lib/</path>
         <kind>archive</kind>
         <file>rtsv7M4_T_le_v4SPD16_eabi.lib</file>
         <name>_printfi.c.obj</name>
      </input_file>
      <input_file id="fl-d7">
         <path>/Applications/ti/ccs1040/ccs/tools/compiler/ti-cgt-arm_20.2.5.LTS/lib/</path>
         <kind>archive</kind>
         <file>rtsv7M4_T_le_v4SPD16_eabi.lib</file>
         <name>k_cos.c.obj</name>
      </input_file>
      <input_file id="fl-d8">
         <path>/Applications/ti/ccs1040/ccs/tools/compiler/ti-cgt-arm_20.2.5.LTS/lib/</path>
         <kind>archive</kind>
         <file>rtsv7M4_T_le_v4SPD16_eabi.lib</file>
         <name>k_sin.c.obj</name>
      </input_file>
      <input_file id="fl-d9">
         <path>/Applications/ti/ccs1040/ccs/tools/compiler/ti-cgt-arm_20.2.5.LTS/lib/</path>
         <kind>archive</kind>
         <file>rtsv7M4_T_le_v4SPD16_eabi.lib</file>
         <name>s_floor.c.obj</name>
      </input_file>
      <input_file id="fl-da">
         <path>/Applications/ti/ccs1040/ccs/tools/compiler/ti-cgt-arm_20.2.5.LTS/lib/</path>
         <kind>archive</kind>
         <file>rtsv7M4_T_le_v4SPD16_eabi.lib</file>
         <name>s_frexp.c.obj</name>
      </input_file>
      <input_file id="fl-db">
         <path>/Applications/ti/ccs1040/ccs/tools/compiler/ti-cgt-arm_20.2.5.LTS/lib/</path>
         <kind>archive</kind>
         <file>rtsv7M4_T_le_v4SPD16_eabi.lib</file>
         <name>s_scalbn.c.obj</name>
      </input_file>
      <input_file id="fl-dc">
         <path>/Applications/ti/ccs1040/ccs/tools/compiler/ti-cgt-arm_20.2.5.LTS/lib/</path>
         <kind>archive</kind>
         <file>rtsv7M4_T_le_v4SPD16_eabi.lib</file>
         <name>wcslen.c.obj</name>
      </input_file>
      <input_file id="fl-dd">
         <path>/Applications/ti/ccs1040/ccs/tools/compiler/ti-cgt-arm_20.2.5.LTS/lib/</path>
         <kind>archive</kind>
         <file>rtsv7M4_T_le_v4SPD16_eabi.lib</file>
         <name>ull_div_t2.asm.obj</name>
      </input_file>
      <input_file id="fl-de">
         <path>/Applications/ti/ccs1040/ccs/tools/compiler/ti-cgt-arm_20.2.5.LTS/lib/</path>
         <kind>archive</kind>
         <file>rtsv7M4_T_le_v4SPD16_eabi.lib</file>
         <name>memset_t2.asm.obj</name>
      </input_file>
      <input_file id="fl-df">
         <path>/Applications/ti/ccs1040/ccs/tools/compiler/ti-cgt-arm_20.2.5.LTS/lib/</path>
         <kind>archive</kind>
         <file>rtsv7M4_T_le_v4SPD16_eabi.lib</file>
         <name>autoinit.c.obj</name>
      </input_file>
      <input_file id="fl-e0">
         <path>/Applications/ti/ccs1040/ccs/tools/compiler/ti-cgt-arm_20.2.5.LTS/lib/</path>
         <kind>archive</kind>
         <file>rtsv7M4_T_le_v4SPD16_eabi.lib</file>
         <name>pre_init.c.obj</name>
      </input_file>
      <input_file id="fl-e1">
         <path>/Applications/ti/ccs1040/ccs/tools/compiler/ti-cgt-arm_20.2.5.LTS/lib/</path>
         <kind>archive</kind>
         <file>rtsv7M4_T_le_v4SPD16_eabi.lib</file>
         <name>cpy_tbl.c.obj</name>
      </input_file>
      <input_file id="fl-e2">
         <path>/Applications/ti/ccs1040/ccs/tools/compiler/ti-cgt-arm_20.2.5.LTS/lib/</path>
         <kind>archive</kind>
         <file>rtsv7M4_T_le_v4SPD16_eabi.lib</file>
         <name>exit.c.obj</name>
      </input_file>
      <input_file id="fl-e3">
         <path>/Applications/ti/ccs1040/ccs/tools/compiler/ti-cgt-arm_20.2.5.LTS/lib/</path>
         <kind>archive</kind>
         <file>rtsv7M4_T_le_v4SPD16_eabi.lib</file>
         <name>_lock.c.obj</name>
      </input_file>
      <input_file id="fl-e4">
         <path>/Applications/ti/ccs1040/ccs/tools/compiler/ti-cgt-arm_20.2.5.LTS/lib/</path>
         <kind>archive</kind>
         <file>rtsv7M4_T_le_v4SPD16_eabi.lib</file>
         <name>_ltoa.c.obj</name>
      </input_file>
      <input_file id="fl-e5">
         <path>/Applications/ti/ccs1040/ccs/tools/compiler/ti-cgt-arm_20.2.5.LTS/lib/</path>
         <kind>archive</kind>
         <file>rtsv7M4_T_le_v4SPD16_eabi.lib</file>
         <name>args_main.c.obj</name>
      </input_file>
      <input_file id="fl-e6">
         <path>/Applications/ti/ccs1040/ccs/tools/compiler/ti-cgt-arm_20.2.5.LTS/lib/</path>
         <kind>archive</kind>
         <file>rtsv7M4_T_le_v4SPD16_eabi.lib</file>
         <name>atoi.c.obj</name>
      </input_file>
      <input_file id="fl-e7">
         <path>/Applications/ti/ccs1040/ccs/tools/compiler/ti-cgt-arm_20.2.5.LTS/lib/</path>
         <kind>archive</kind>
         <file>rtsv7M4_T_le_v4SPD16_eabi.lib</file>
         <name>ctype.c.obj</name>
      </input_file>
      <input_file id="fl-e8">
         <path>/Applications/ti/ccs1040/ccs/tools/compiler/ti-cgt-arm_20.2.5.LTS/lib/</path>
         <kind>archive</kind>
         <file>rtsv7M4_T_le_v4SPD16_eabi.lib</file>
         <name>memccpy.c.obj</name>
      </input_file>
      <input_file id="fl-e9">
         <path>/Applications/ti/ccs1040/ccs/tools/compiler/ti-cgt-arm_20.2.5.LTS/lib/</path>
         <kind>archive</kind>
         <file>rtsv7M4_T_le_v4SPD16_eabi.lib</file>
         <name>strchr.c.obj</name>
      </input_file>
      <input_file id="fl-ea">
         <path>/Applications/ti/ccs1040/ccs/tools/compiler/ti-cgt-arm_20.2.5.LTS/lib/</path>
         <kind>archive</kind>
         <file>rtsv7M4_T_le_v4SPD16_eabi.lib</file>
         <name>strlen.c.obj</name>
      </input_file>
      <input_file id="fl-eb">
         <path>/Applications/ti/ccs1040/ccs/tools/compiler/ti-cgt-arm_20.2.5.LTS/lib/</path>
         <kind>archive</kind>
         <file>rtsv7M4_T_le_v4SPD16_eabi.lib</file>
         <name>errno.c.obj</name>
      </input_file>
      <input_file id="fl-ec">
         <path>/Applications/ti/ccs1040/ccs/tools/compiler/ti-cgt-arm_20.2.5.LTS/lib/</path>
         <kind>archive</kind>
         <file>rtsv7M4_T_le_v4SPD16_eabi.lib</file>
         <name>s_copysign.c.obj</name>
      </input_file>
      <input_file id="fl-ed">
         <path>/Applications/ti/ccs1040/ccs/tools/compiler/ti-cgt-arm_20.2.5.LTS/lib/</path>
         <kind>archive</kind>
         <file>rtsv7M4_T_le_v4SPD16_eabi.lib</file>
         <name>div0.asm.obj</name>
      </input_file>
   </input_file_list>
   <object_component_list>
      <object_component id="oc-12">
         <name>.intvecs</name>
         <load_address>0x0</load_address>
         <run_address>0x0</run_address>
         <size>0x26c</size>
         <input_file_ref idref="fl-9"/>
      </object_component>
      <object_component id="oc-145">
         <name>.text:__TI_printfi</name>
         <load_address>0x270</load_address>
         <run_address>0x270</run_address>
         <size>0xa4e</size>
         <input_file_ref idref="fl-d6"/>
      </object_component>
      <object_component id="oc-2f1">
         <name>.text</name>
         <load_address>0xcbe</load_address>
         <run_address>0xcbe</run_address>
         <size>0x2</size>
         <input_file_ref idref="fl-ed"/>
      </object_component>
      <object_component id="oc-80">
         <name>.text</name>
         <load_address>0xcc0</load_address>
         <run_address>0xcc0</run_address>
         <size>0x8bc</size>
         <input_file_ref idref="fl-5"/>
      </object_component>
      <object_component id="oc-12e">
         <name>.text:__kernel_rem_pio2</name>
         <load_address>0x157c</load_address>
         <run_address>0x157c</run_address>
         <size>0x738</size>
         <input_file_ref idref="fl-d4"/>
      </object_component>
      <object_component id="oc-8b">
         <name>.text:sin</name>
         <load_address>0x1cb4</load_address>
         <run_address>0x1cb4</run_address>
         <size>0x5e0</size>
         <input_file_ref idref="fl-c6"/>
      </object_component>
      <object_component id="oc-102">
         <name>.text:_system_pre_init</name>
         <load_address>0x2294</load_address>
         <run_address>0x2294</run_address>
         <size>0x4</size>
         <input_file_ref idref="fl-e0"/>
      </object_component>
      <object_component id="oc-2d">
         <name>.text</name>
         <load_address>0x2298</load_address>
         <run_address>0x2298</run_address>
         <size>0x54c</size>
         <input_file_ref idref="fl-1"/>
      </object_component>
      <object_component id="oc-209">
         <name>.text:_pconv_a</name>
         <load_address>0x27e4</load_address>
         <run_address>0x27e4</run_address>
         <size>0x270</size>
         <input_file_ref idref="fl-d6"/>
      </object_component>
      <object_component id="oc-1f7">
         <name>.text:_pconv_g</name>
         <load_address>0x2a54</load_address>
         <run_address>0x2a54</run_address>
         <size>0x1d0</size>
         <input_file_ref idref="fl-d6"/>
      </object_component>
      <object_component id="oc-96">
         <name>.text</name>
         <load_address>0x2c24</load_address>
         <run_address>0x2c24</run_address>
         <size>0x1b6</size>
         <input_file_ref idref="fl-c7"/>
      </object_component>
      <object_component id="oc-11e">
         <name>.text:__kernel_sin</name>
         <load_address>0x2ddc</load_address>
         <run_address>0x2ddc</run_address>
         <size>0x174</size>
         <input_file_ref idref="fl-d8"/>
      </object_component>
      <object_component id="oc-ab">
         <name>.text</name>
         <load_address>0x2f50</load_address>
         <run_address>0x2f50</run_address>
         <size>0x174</size>
         <input_file_ref idref="fl-a"/>
      </object_component>
      <object_component id="oc-134">
         <name>.text:__kernel_cos</name>
         <load_address>0x30c4</load_address>
         <run_address>0x30c4</run_address>
         <size>0x170</size>
         <input_file_ref idref="fl-d7"/>
      </object_component>
      <object_component id="oc-181">
         <name>.text:abort:abort</name>
         <load_address>0x3234</load_address>
         <run_address>0x3234</run_address>
         <size>0x4</size>
         <input_file_ref idref="fl-e2"/>
      </object_component>
      <object_component id="oc-7a">
         <name>.text</name>
         <load_address>0x3238</load_address>
         <run_address>0x3238</run_address>
         <size>0x148</size>
         <input_file_ref idref="fl-8"/>
      </object_component>
      <object_component id="oc-203">
         <name>.text:_pconv_e</name>
         <load_address>0x3380</load_address>
         <run_address>0x3380</run_address>
         <size>0x13c</size>
         <input_file_ref idref="fl-d6"/>
      </object_component>
      <object_component id="oc-b1">
         <name>.text</name>
         <load_address>0x34bc</load_address>
         <run_address>0x34bc</run_address>
         <size>0x136</size>
         <input_file_ref idref="fl-c9"/>
      </object_component>
      <object_component id="oc-28a">
         <name>.text:fcvt</name>
         <load_address>0x35f4</load_address>
         <run_address>0x35f4</run_address>
         <size>0x124</size>
         <input_file_ref idref="fl-d6"/>
      </object_component>
      <object_component id="oc-c3">
         <name>.text</name>
         <load_address>0x3718</load_address>
         <run_address>0x3718</run_address>
         <size>0x110</size>
         <input_file_ref idref="fl-2"/>
      </object_component>
      <object_component id="oc-c9">
         <name>.text</name>
         <load_address>0x3828</load_address>
         <run_address>0x3828</run_address>
         <size>0x110</size>
         <input_file_ref idref="fl-3"/>
      </object_component>
      <object_component id="oc-1c5">
         <name>.text:scalbn</name>
         <load_address>0x3938</load_address>
         <run_address>0x3938</run_address>
         <size>0x110</size>
         <input_file_ref idref="fl-db"/>
      </object_component>
      <object_component id="oc-91">
         <name>.text</name>
         <load_address>0x3a48</load_address>
         <run_address>0x3a48</run_address>
         <size>0xfc</size>
         <input_file_ref idref="fl-ca"/>
      </object_component>
      <object_component id="oc-1cb">
         <name>.text:floor</name>
         <load_address>0x3b44</load_address>
         <run_address>0x3b44</run_address>
         <size>0xf8</size>
         <input_file_ref idref="fl-d9"/>
      </object_component>
      <object_component id="oc-1f1">
         <name>.text:_ltostr</name>
         <load_address>0x3c3c</load_address>
         <run_address>0x3c3c</run_address>
         <size>0xb1</size>
         <input_file_ref idref="fl-d6"/>
      </object_component>
      <object_component id="oc-41">
         <name>.text</name>
         <load_address>0x3cee</load_address>
         <run_address>0x3cee</run_address>
         <size>0x9c</size>
         <input_file_ref idref="fl-cf"/>
      </object_component>
      <object_component id="oc-271">
         <name>.text</name>
         <load_address>0x3d8a</load_address>
         <run_address>0x3d8a</run_address>
         <size>0x96</size>
         <input_file_ref idref="fl-dd"/>
      </object_component>
      <object_component id="oc-129">
         <name>.text:__aeabi_cdcmple</name>
         <load_address>0x3e20</load_address>
         <run_address>0x3e20</run_address>
         <size>0x86</size>
         <input_file_ref idref="fl-c8"/>
      </object_component>
      <object_component id="oc-bb">
         <name>.text:__aeabi_cdrcmple</name>
         <load_address>0x3ea6</load_address>
         <run_address>0x3ea6</run_address>
         <size>0x86</size>
         <input_file_ref idref="fl-c8"/>
      </object_component>
      <object_component id="oc-fc">
         <name>.text</name>
         <load_address>0x3f2c</load_address>
         <run_address>0x3f2c</run_address>
         <size>0x7a</size>
         <input_file_ref idref="fl-de"/>
      </object_component>
      <object_component id="oc-283">
         <name>.text:_mcpy</name>
         <load_address>0x3fa6</load_address>
         <run_address>0x3fa6</run_address>
         <size>0x6e</size>
         <input_file_ref idref="fl-d6"/>
      </object_component>
      <object_component id="oc-9b">
         <name>.text</name>
         <load_address>0x4014</load_address>
         <run_address>0x4014</run_address>
         <size>0x6e</size>
         <input_file_ref idref="fl-cc"/>
      </object_component>
      <object_component id="oc-15">
         <name>.text:decompress:lzss:__TI_decompress_lzss</name>
         <load_address>0x4082</load_address>
         <run_address>0x4082</run_address>
         <size>0x68</size>
         <input_file_ref idref="fl-d3"/>
      </object_component>
      <object_component id="oc-298">
         <name>.text:frexp</name>
         <load_address>0x40ec</load_address>
         <run_address>0x40ec</run_address>
         <size>0x64</size>
         <input_file_ref idref="fl-da"/>
      </object_component>
      <object_component id="oc-1fd">
         <name>.text:_pconv_f</name>
         <load_address>0x4150</load_address>
         <run_address>0x4150</run_address>
         <size>0x56</size>
         <input_file_ref idref="fl-d6"/>
      </object_component>
      <object_component id="oc-277">
         <name>.text:__TI_ltoa</name>
         <load_address>0x41a6</load_address>
         <run_address>0x41a6</run_address>
         <size>0x54</size>
         <input_file_ref idref="fl-e4"/>
      </object_component>
      <object_component id="oc-27d">
         <name>.text:_ecpy</name>
         <load_address>0x41fa</load_address>
         <run_address>0x41fa</run_address>
         <size>0x52</size>
         <input_file_ref idref="fl-d6"/>
      </object_component>
      <object_component id="oc-1eb">
         <name>.text:atoi</name>
         <load_address>0x424c</load_address>
         <run_address>0x424c</run_address>
         <size>0x4c</size>
         <input_file_ref idref="fl-e6"/>
      </object_component>
      <object_component id="oc-b6">
         <name>.text</name>
         <load_address>0x4298</load_address>
         <run_address>0x4298</run_address>
         <size>0x48</size>
         <input_file_ref idref="fl-cb"/>
      </object_component>
      <object_component id="oc-18d">
         <name>.text:__TI_auto_init_nobinit_nopinit:__TI_auto_init_nobinit_nopinit</name>
         <load_address>0x42e0</load_address>
         <run_address>0x42e0</run_address>
         <size>0x44</size>
         <input_file_ref idref="fl-df"/>
      </object_component>
      <object_component id="oc-a5">
         <name>.text:sprintf</name>
         <load_address>0x4324</load_address>
         <run_address>0x4324</run_address>
         <size>0x40</size>
         <input_file_ref idref="fl-c5"/>
      </object_component>
      <object_component id="oc-290">
         <name>.text:_fcpy</name>
         <load_address>0x4364</load_address>
         <run_address>0x4364</run_address>
         <size>0x3e</size>
         <input_file_ref idref="fl-d6"/>
      </object_component>
      <object_component id="oc-a0">
         <name>.text</name>
         <load_address>0x43a2</load_address>
         <run_address>0x43a2</run_address>
         <size>0x38</size>
         <input_file_ref idref="fl-cd"/>
      </object_component>
      <object_component id="oc-5f">
         <name>.text:_c_int00_noargs:_c_int00_noargs</name>
         <load_address>0x43dc</load_address>
         <run_address>0x43dc</run_address>
         <size>0x34</size>
         <input_file_ref idref="fl-d5"/>
      </object_component>
      <object_component id="oc-124">
         <name>.text</name>
         <load_address>0x4410</load_address>
         <run_address>0x4410</run_address>
         <size>0x2e</size>
         <input_file_ref idref="fl-ce"/>
      </object_component>
      <object_component id="oc-86">
         <name>.text</name>
         <load_address>0x443e</load_address>
         <run_address>0x443e</run_address>
         <size>0x20</size>
         <input_file_ref idref="fl-d0"/>
      </object_component>
      <object_component id="oc-20f">
         <name>.text:memccpy</name>
         <load_address>0x445e</load_address>
         <run_address>0x445e</run_address>
         <size>0x1c</size>
         <input_file_ref idref="fl-e8"/>
      </object_component>
      <object_component id="oc-255">
         <name>.text:copysign</name>
         <load_address>0x447a</load_address>
         <run_address>0x447a</run_address>
         <size>0x1a</size>
         <input_file_ref idref="fl-ec"/>
      </object_component>
      <object_component id="oc-27">
         <name>.text</name>
         <load_address>0x4498</load_address>
         <run_address>0x4498</run_address>
         <size>0x1a</size>
         <input_file_ref idref="fl-9"/>
      </object_component>
      <object_component id="oc-14b">
         <name>.text:_outs</name>
         <load_address>0x44b2</load_address>
         <run_address>0x44b2</run_address>
         <size>0x18</size>
         <input_file_ref idref="fl-c5"/>
      </object_component>
      <object_component id="oc-29e">
         <name>.text:strchr</name>
         <load_address>0x44ca</load_address>
         <run_address>0x44ca</run_address>
         <size>0x16</size>
         <input_file_ref idref="fl-e9"/>
      </object_component>
      <object_component id="oc-1e5">
         <name>.text:strlen</name>
         <load_address>0x44e0</load_address>
         <run_address>0x44e0</run_address>
         <size>0x14</size>
         <input_file_ref idref="fl-ea"/>
      </object_component>
      <object_component id="oc-215">
         <name>.text:wcslen</name>
         <load_address>0x44f4</load_address>
         <run_address>0x44f4</run_address>
         <size>0x12</size>
         <input_file_ref idref="fl-dc"/>
      </object_component>
      <object_component id="oc-74">
         <name>.text</name>
         <load_address>0x4508</load_address>
         <run_address>0x4508</run_address>
         <size>0x10</size>
         <input_file_ref idref="fl-4"/>
      </object_component>
      <object_component id="oc-1b">
         <name>.text:decompress:none:__TI_decompress_none</name>
         <load_address>0x4518</load_address>
         <run_address>0x4518</run_address>
         <size>0xe</size>
         <input_file_ref idref="fl-d2"/>
      </object_component>
      <object_component id="oc-53">
         <name>.text:decompress:ZI:__TI_zero_init</name>
         <load_address>0x4526</load_address>
         <run_address>0x4526</run_address>
         <size>0xc</size>
         <input_file_ref idref="fl-d1"/>
      </object_component>
      <object_component id="oc-151">
         <name>.text:_outc</name>
         <load_address>0x4532</load_address>
         <run_address>0x4532</run_address>
         <size>0xa</size>
         <input_file_ref idref="fl-c5"/>
      </object_component>
      <object_component id="oc-21b">
         <name>.text:__aeabi_errno_addr</name>
         <load_address>0x453c</load_address>
         <run_address>0x453c</run_address>
         <size>0x8</size>
         <input_file_ref idref="fl-eb"/>
      </object_component>
      <object_component id="oc-1d1">
         <name>.const:$O1$$</name>
         <load_address>0x4548</load_address>
         <run_address>0x4548</run_address>
         <size>0x158</size>
         <input_file_ref idref="fl-d4"/>
      </object_component>
      <object_component id="oc-26c">
         <name>.const:.string:_ctypes_</name>
         <load_address>0x46a0</load_address>
         <run_address>0x46a0</run_address>
         <size>0x101</size>
         <input_file_ref idref="fl-e7"/>
      </object_component>
      <object_component id="oc-354">
         <name>__TI_handler_table</name>
         <load_address>0x47a8</load_address>
         <run_address>0x47a8</run_address>
         <size>0xc</size>
      </object_component>
      <object_component id="oc-357">
         <name>.cinit..bss.load</name>
         <load_address>0x47b8</load_address>
         <run_address>0x47b8</run_address>
         <size>0x8</size>
      </object_component>
      <object_component id="oc-356">
         <name>.cinit..data.load</name>
         <load_address>0x47c0</load_address>
         <run_address>0x47c0</run_address>
         <size>0x7</size>
      </object_component>
      <object_component id="oc-355">
         <name>__TI_cinit_table</name>
         <load_address>0x47c8</load_address>
         <run_address>0x47c8</run_address>
         <size>0x10</size>
      </object_component>
      <object_component id="oc-2ae">
         <name>.data</name>
         <load_address>0x20004800</load_address>
         <run_address>0x20004800</run_address>
         <size>0x4</size>
         <input_file_ref idref="fl-eb"/>
      </object_component>
      <object_component id="oc-c0">
         <name>.common:LUT_DATA_A</name>
         <uninitialized>true</uninitialized>
         <run_address>0x20000000</run_address>
         <size>0x2000</size>
      </object_component>
      <object_component id="oc-cf">
         <name>.common:LUT_DATA_B</name>
         <uninitialized>true</uninitialized>
         <run_address>0x20002000</run_address>
         <size>0x2000</size>
      </object_component>
      <object_component id="oc-24">
         <name>.stack</name>
         <uninitialized>true</uninitialized>
         <run_address>0x20004000</run_address>
         <size>0x4</size>
         <input_file_ref idref="fl-d5"/>
      </object_component>
      <object_component id="oc-359">
         <name>.stack</name>
         <uninitialized>true</uninitialized>
         <run_address>0x20004000</run_address>
         <size>0x0</size>
      </object_component>
      <object_component id="oc-c1">
         <name>.debug_info</name>
         <load_address>0x0</load_address>
         <run_address>0x0</run_address>
         <size>0x74d</size>
         <input_file_ref idref="fl-1"/>
      </object_component>
      <object_component id="oc-2e">
         <name>.debug_info</name>
         <load_address>0x74d</load_address>
         <run_address>0x74d</run_address>
         <size>0xc48</size>
         <input_file_ref idref="fl-1"/>
      </object_component>
      <object_component id="oc-e2">
         <name>.debug_info</name>
         <load_address>0x1395</load_address>
         <run_address>0x1395</run_address>
         <size>0x26b</size>
         <input_file_ref idref="fl-1"/>
      </object_component>
      <object_component id="oc-db">
         <name>.debug_info</name>
         <load_address>0x1600</load_address>
         <run_address>0x1600</run_address>
         <size>0x4c</size>
         <input_file_ref idref="fl-1"/>
      </object_component>
      <object_component id="oc-117">
         <name>.debug_info</name>
         <load_address>0x164c</load_address>
         <run_address>0x164c</run_address>
         <size>0x88</size>
         <input_file_ref idref="fl-1"/>
      </object_component>
      <object_component id="oc-d1">
         <name>.debug_info</name>
         <load_address>0x16d4</load_address>
         <run_address>0x16d4</run_address>
         <size>0x8b</size>
         <input_file_ref idref="fl-1"/>
      </object_component>
      <object_component id="oc-16c">
         <name>.debug_info</name>
         <load_address>0x175f</load_address>
         <run_address>0x175f</run_address>
         <size>0x2a4</size>
         <input_file_ref idref="fl-1"/>
      </object_component>
      <object_component id="oc-d6">
         <name>.debug_info</name>
         <load_address>0x1a03</load_address>
         <run_address>0x1a03</run_address>
         <size>0xbb</size>
         <input_file_ref idref="fl-1"/>
      </object_component>
      <object_component id="oc-159">
         <name>.debug_info</name>
         <load_address>0x1abe</load_address>
         <run_address>0x1abe</run_address>
         <size>0x2c</size>
         <input_file_ref idref="fl-1"/>
      </object_component>
      <object_component id="oc-165">
         <name>.debug_info</name>
         <load_address>0x1aea</load_address>
         <run_address>0x1aea</run_address>
         <size>0x35</size>
         <input_file_ref idref="fl-1"/>
      </object_component>
      <object_component id="oc-c4">
         <name>.debug_info</name>
         <load_address>0x1b1f</load_address>
         <run_address>0x1b1f</run_address>
         <size>0x2a8</size>
         <input_file_ref idref="fl-2"/>
      </object_component>
      <object_component id="oc-3c">
         <name>.debug_info</name>
         <load_address>0x1dc7</load_address>
         <run_address>0x1dc7</run_address>
         <size>0x84</size>
         <input_file_ref idref="fl-2"/>
      </object_component>
      <object_component id="oc-ca">
         <name>.debug_info</name>
         <load_address>0x1e4b</load_address>
         <run_address>0x1e4b</run_address>
         <size>0x2a8</size>
         <input_file_ref idref="fl-3"/>
      </object_component>
      <object_component id="oc-75">
         <name>.debug_info</name>
         <load_address>0x20f3</load_address>
         <run_address>0x20f3</run_address>
         <size>0x146</size>
         <input_file_ref idref="fl-4"/>
      </object_component>
      <object_component id="oc-11c">
         <name>.debug_info</name>
         <load_address>0x2239</load_address>
         <run_address>0x2239</run_address>
         <size>0x28e</size>
         <input_file_ref idref="fl-5"/>
      </object_component>
      <object_component id="oc-81">
         <name>.debug_info</name>
         <load_address>0x24c7</load_address>
         <run_address>0x24c7</run_address>
         <size>0x1073</size>
         <input_file_ref idref="fl-5"/>
      </object_component>
      <object_component id="oc-7b">
         <name>.debug_info</name>
         <load_address>0x353a</load_address>
         <run_address>0x353a</run_address>
         <size>0x44c</size>
         <input_file_ref idref="fl-8"/>
      </object_component>
      <object_component id="oc-35">
         <name>.debug_info</name>
         <load_address>0x3986</load_address>
         <run_address>0x3986</run_address>
         <size>0x2f4</size>
         <input_file_ref idref="fl-9"/>
      </object_component>
      <object_component id="oc-13">
         <name>.debug_info</name>
         <load_address>0x3c7a</load_address>
         <run_address>0x3c7a</run_address>
         <size>0x119</size>
         <input_file_ref idref="fl-9"/>
      </object_component>
      <object_component id="oc-28">
         <name>.debug_info</name>
         <load_address>0x3d93</load_address>
         <run_address>0x3d93</run_address>
         <size>0x295</size>
         <input_file_ref idref="fl-9"/>
      </object_component>
      <object_component id="oc-15f">
         <name>.debug_info</name>
         <load_address>0x4028</load_address>
         <run_address>0x4028</run_address>
         <size>0x28f</size>
         <input_file_ref idref="fl-a"/>
      </object_component>
      <object_component id="oc-ac">
         <name>.debug_info</name>
         <load_address>0x42b7</load_address>
         <run_address>0x42b7</run_address>
         <size>0x377</size>
         <input_file_ref idref="fl-a"/>
      </object_component>
      <object_component id="oc-158">
         <name>.debug_info</name>
         <load_address>0x462e</load_address>
         <run_address>0x462e</run_address>
         <size>0x333</size>
         <input_file_ref idref="fl-c5"/>
      </object_component>
      <object_component id="oc-a6">
         <name>.debug_info</name>
         <load_address>0x4961</load_address>
         <run_address>0x4961</run_address>
         <size>0x1d1</size>
         <input_file_ref idref="fl-c5"/>
      </object_component>
      <object_component id="oc-14c">
         <name>.debug_info</name>
         <load_address>0x4b32</load_address>
         <run_address>0x4b32</run_address>
         <size>0x18d</size>
         <input_file_ref idref="fl-c5"/>
      </object_component>
      <object_component id="oc-152">
         <name>.debug_info</name>
         <load_address>0x4cbf</load_address>
         <run_address>0x4cbf</run_address>
         <size>0x16d</size>
         <input_file_ref idref="fl-c5"/>
      </object_component>
      <object_component id="oc-2b5">
         <name>.debug_info</name>
         <load_address>0x4e2c</load_address>
         <run_address>0x4e2c</run_address>
         <size>0x2c</size>
         <input_file_ref idref="fl-c5"/>
      </object_component>
      <object_component id="oc-13b">
         <name>.debug_info</name>
         <load_address>0x4e58</load_address>
         <run_address>0x4e58</run_address>
         <size>0x361</size>
         <input_file_ref idref="fl-c6"/>
      </object_component>
      <object_component id="oc-8c">
         <name>.debug_info</name>
         <load_address>0x51b9</load_address>
         <run_address>0x51b9</run_address>
         <size>0x7ae</size>
         <input_file_ref idref="fl-c6"/>
      </object_component>
      <object_component id="oc-1e0">
         <name>.debug_info</name>
         <load_address>0x5967</load_address>
         <run_address>0x5967</run_address>
         <size>0x46</size>
         <input_file_ref idref="fl-c6"/>
      </object_component>
      <object_component id="oc-13c">
         <name>.debug_info</name>
         <load_address>0x59ad</load_address>
         <run_address>0x59ad</run_address>
         <size>0x39</size>
         <input_file_ref idref="fl-c6"/>
      </object_component>
      <object_component id="oc-97">
         <name>.debug_info</name>
         <load_address>0x59e6</load_address>
         <run_address>0x59e6</run_address>
         <size>0x14c</size>
         <input_file_ref idref="fl-c7"/>
      </object_component>
      <object_component id="oc-12a">
         <name>.debug_info</name>
         <load_address>0x5b32</load_address>
         <run_address>0x5b32</run_address>
         <size>0x128</size>
         <input_file_ref idref="fl-c8"/>
      </object_component>
      <object_component id="oc-bc">
         <name>.debug_info</name>
         <load_address>0x5c5a</load_address>
         <run_address>0x5c5a</run_address>
         <size>0x12a</size>
         <input_file_ref idref="fl-c8"/>
      </object_component>
      <object_component id="oc-b2">
         <name>.debug_info</name>
         <load_address>0x5d84</load_address>
         <run_address>0x5d84</run_address>
         <size>0x13a</size>
         <input_file_ref idref="fl-c9"/>
      </object_component>
      <object_component id="oc-92">
         <name>.debug_info</name>
         <load_address>0x5ebe</load_address>
         <run_address>0x5ebe</run_address>
         <size>0x13a</size>
         <input_file_ref idref="fl-ca"/>
      </object_component>
      <object_component id="oc-b7">
         <name>.debug_info</name>
         <load_address>0x5ff8</load_address>
         <run_address>0x5ff8</run_address>
         <size>0x12e</size>
         <input_file_ref idref="fl-cb"/>
      </object_component>
      <object_component id="oc-9c">
         <name>.debug_info</name>
         <load_address>0x6126</load_address>
         <run_address>0x6126</run_address>
         <size>0x13e</size>
         <input_file_ref idref="fl-cc"/>
      </object_component>
      <object_component id="oc-a1">
         <name>.debug_info</name>
         <load_address>0x6264</load_address>
         <run_address>0x6264</run_address>
         <size>0x12c</size>
         <input_file_ref idref="fl-cd"/>
      </object_component>
      <object_component id="oc-125">
         <name>.debug_info</name>
         <load_address>0x6390</load_address>
         <run_address>0x6390</run_address>
         <size>0x12c</size>
         <input_file_ref idref="fl-ce"/>
      </object_component>
      <object_component id="oc-42">
         <name>.debug_info</name>
         <load_address>0x64bc</load_address>
         <run_address>0x64bc</run_address>
         <size>0x119</size>
         <input_file_ref idref="fl-cf"/>
      </object_component>
      <object_component id="oc-87">
         <name>.debug_info</name>
         <load_address>0x65d5</load_address>
         <run_address>0x65d5</run_address>
         <size>0x12e</size>
         <input_file_ref idref="fl-d0"/>
      </object_component>
      <object_component id="oc-fb">
         <name>.debug_info</name>
         <load_address>0x6703</load_address>
         <run_address>0x6703</run_address>
         <size>0x2d4</size>
         <input_file_ref idref="fl-d1"/>
      </object_component>
      <object_component id="oc-54">
         <name>.debug_info</name>
         <load_address>0x69d7</load_address>
         <run_address>0x69d7</run_address>
         <size>0x1b5</size>
         <input_file_ref idref="fl-d1"/>
      </object_component>
      <object_component id="oc-f6">
         <name>.debug_info</name>
         <load_address>0x6b8c</load_address>
         <run_address>0x6b8c</run_address>
         <size>0x46</size>
         <input_file_ref idref="fl-d1"/>
      </object_component>
      <object_component id="oc-178">
         <name>.debug_info</name>
         <load_address>0x6bd2</load_address>
         <run_address>0x6bd2</run_address>
         <size>0x2c</size>
         <input_file_ref idref="fl-d1"/>
      </object_component>
      <object_component id="oc-4c">
         <name>.debug_info</name>
         <load_address>0x6bfe</load_address>
         <run_address>0x6bfe</run_address>
         <size>0x2a8</size>
         <input_file_ref idref="fl-d2"/>
      </object_component>
      <object_component id="oc-1c">
         <name>.debug_info</name>
         <load_address>0x6ea6</load_address>
         <run_address>0x6ea6</run_address>
         <size>0x1ea</size>
         <input_file_ref idref="fl-d2"/>
      </object_component>
      <object_component id="oc-47">
         <name>.debug_info</name>
         <load_address>0x7090</load_address>
         <run_address>0x7090</run_address>
         <size>0x46</size>
         <input_file_ref idref="fl-d2"/>
      </object_component>
      <object_component id="oc-ee">
         <name>.debug_info</name>
         <load_address>0x70d6</load_address>
         <run_address>0x70d6</run_address>
         <size>0x2c</size>
         <input_file_ref idref="fl-d2"/>
      </object_component>
      <object_component id="oc-ec">
         <name>.debug_info</name>
         <load_address>0x7102</load_address>
         <run_address>0x7102</run_address>
         <size>0x29e</size>
         <input_file_ref idref="fl-d3"/>
      </object_component>
      <object_component id="oc-16">
         <name>.debug_info</name>
         <load_address>0x73a0</load_address>
         <run_address>0x73a0</run_address>
         <size>0x250</size>
         <input_file_ref idref="fl-d3"/>
      </object_component>
      <object_component id="oc-37">
         <name>.debug_info</name>
         <load_address>0x75f0</load_address>
         <run_address>0x75f0</run_address>
         <size>0x60</size>
         <input_file_ref idref="fl-d3"/>
      </object_component>
      <object_component id="oc-171">
         <name>.debug_info</name>
         <load_address>0x7650</load_address>
         <run_address>0x7650</run_address>
         <size>0x46</size>
         <input_file_ref idref="fl-d3"/>
      </object_component>
      <object_component id="oc-e7">
         <name>.debug_info</name>
         <load_address>0x7696</load_address>
         <run_address>0x7696</run_address>
         <size>0x39</size>
         <input_file_ref idref="fl-d3"/>
      </object_component>
      <object_component id="oc-1d5">
         <name>.debug_info</name>
         <load_address>0x76cf</load_address>
         <run_address>0x76cf</run_address>
         <size>0x3aa</size>
         <input_file_ref idref="fl-d4"/>
      </object_component>
      <object_component id="oc-1d2">
         <name>.debug_info</name>
         <load_address>0x7a79</load_address>
         <run_address>0x7a79</run_address>
         <size>0x13a</size>
         <input_file_ref idref="fl-d4"/>
      </object_component>
      <object_component id="oc-12f">
         <name>.debug_info</name>
         <load_address>0x7bb3</load_address>
         <run_address>0x7bb3</run_address>
         <size>0x72f</size>
         <input_file_ref idref="fl-d4"/>
      </object_component>
      <object_component id="oc-263">
         <name>.debug_info</name>
         <load_address>0x82e2</load_address>
         <run_address>0x82e2</run_address>
         <size>0x39</size>
         <input_file_ref idref="fl-d4"/>
      </object_component>
      <object_component id="oc-1d7">
         <name>.debug_info</name>
         <load_address>0x831b</load_address>
         <run_address>0x831b</run_address>
         <size>0x2c</size>
         <input_file_ref idref="fl-d4"/>
      </object_component>
      <object_component id="oc-25">
         <name>.debug_info</name>
         <load_address>0x8347</load_address>
         <run_address>0x8347</run_address>
         <size>0x10b</size>
         <input_file_ref idref="fl-d5"/>
      </object_component>
      <object_component id="oc-60">
         <name>.debug_info</name>
         <load_address>0x8452</load_address>
         <run_address>0x8452</run_address>
         <size>0x1a9</size>
         <input_file_ref idref="fl-d5"/>
      </object_component>
      <object_component id="oc-222">
         <name>.debug_info</name>
         <load_address>0x85fb</load_address>
         <run_address>0x85fb</run_address>
         <size>0x590</size>
         <input_file_ref idref="fl-d6"/>
      </object_component>
      <object_component id="oc-1f3">
         <name>.debug_info</name>
         <load_address>0x8b8b</load_address>
         <run_address>0x8b8b</run_address>
         <size>0x21e</size>
         <input_file_ref idref="fl-d6"/>
      </object_component>
      <object_component id="oc-27f">
         <name>.debug_info</name>
         <load_address>0x8da9</load_address>
         <run_address>0x8da9</run_address>
         <size>0x1b3</size>
         <input_file_ref idref="fl-d6"/>
      </object_component>
      <object_component id="oc-285">
         <name>.debug_info</name>
         <load_address>0x8f5c</load_address>
         <run_address>0x8f5c</run_address>
         <size>0x21b</size>
         <input_file_ref idref="fl-d6"/>
      </object_component>
      <object_component id="oc-1f9">
         <name>.debug_info</name>
         <load_address>0x9177</load_address>
         <run_address>0x9177</run_address>
         <size>0x3c0</size>
         <input_file_ref idref="fl-d6"/>
      </object_component>
      <object_component id="oc-28c">
         <name>.debug_info</name>
         <load_address>0x9537</load_address>
         <run_address>0x9537</run_address>
         <size>0x30a</size>
         <input_file_ref idref="fl-d6"/>
      </object_component>
      <object_component id="oc-292">
         <name>.debug_info</name>
         <load_address>0x9841</load_address>
         <run_address>0x9841</run_address>
         <size>0x215</size>
         <input_file_ref idref="fl-d6"/>
      </object_component>
      <object_component id="oc-1ff">
         <name>.debug_info</name>
         <load_address>0x9a56</load_address>
         <run_address>0x9a56</run_address>
         <size>0x215</size>
         <input_file_ref idref="fl-d6"/>
      </object_component>
      <object_component id="oc-205">
         <name>.debug_info</name>
         <load_address>0x9c6b</load_address>
         <run_address>0x9c6b</run_address>
         <size>0x304</size>
         <input_file_ref idref="fl-d6"/>
      </object_component>
      <object_component id="oc-20b">
         <name>.debug_info</name>
         <load_address>0x9f6f</load_address>
         <run_address>0x9f6f</run_address>
         <size>0x4b5</size>
         <input_file_ref idref="fl-d6"/>
      </object_component>
      <object_component id="oc-147">
         <name>.debug_info</name>
         <load_address>0xa424</load_address>
         <run_address>0xa424</run_address>
         <size>0x5f4</size>
         <input_file_ref idref="fl-d6"/>
      </object_component>
      <object_component id="oc-223">
         <name>.debug_info</name>
         <load_address>0xaa18</load_address>
         <run_address>0xaa18</run_address>
         <size>0x86</size>
         <input_file_ref idref="fl-d6"/>
      </object_component>
      <object_component id="oc-2ba">
         <name>.debug_info</name>
         <load_address>0xaa9e</load_address>
         <run_address>0xaa9e</run_address>
         <size>0x39</size>
         <input_file_ref idref="fl-d6"/>
      </object_component>
      <object_component id="oc-30e">
         <name>.debug_info</name>
         <load_address>0xaad7</load_address>
         <run_address>0xaad7</run_address>
         <size>0xb6</size>
         <input_file_ref idref="fl-d6"/>
      </object_component>
      <object_component id="oc-2bf">
         <name>.debug_info</name>
         <load_address>0xab8d</load_address>
         <run_address>0xab8d</run_address>
         <size>0x46</size>
         <input_file_ref idref="fl-d6"/>
      </object_component>
      <object_component id="oc-228">
         <name>.debug_info</name>
         <load_address>0xabd3</load_address>
         <run_address>0xabd3</run_address>
         <size>0x46</size>
         <input_file_ref idref="fl-d6"/>
      </object_component>
      <object_component id="oc-1dd">
         <name>.debug_info</name>
         <load_address>0xac19</load_address>
         <run_address>0xac19</run_address>
         <size>0x288</size>
         <input_file_ref idref="fl-d7"/>
      </object_component>
      <object_component id="oc-138">
         <name>.debug_info</name>
         <load_address>0xaea1</load_address>
         <run_address>0xaea1</run_address>
         <size>0x327</size>
         <input_file_ref idref="fl-d7"/>
      </object_component>
      <object_component id="oc-1c2">
         <name>.debug_info</name>
         <load_address>0xb1c8</load_address>
         <run_address>0xb1c8</run_address>
         <size>0x28d</size>
         <input_file_ref idref="fl-d8"/>
      </object_component>
      <object_component id="oc-120">
         <name>.debug_info</name>
         <load_address>0xb455</load_address>
         <run_address>0xb455</run_address>
         <size>0x380</size>
         <input_file_ref idref="fl-d8"/>
      </object_component>
      <object_component id="oc-25e">
         <name>.debug_info</name>
         <load_address>0xb7d5</load_address>
         <run_address>0xb7d5</run_address>
         <size>0x28a</size>
         <input_file_ref idref="fl-d9"/>
      </object_component>
      <object_component id="oc-1cd">
         <name>.debug_info</name>
         <load_address>0xba5f</load_address>
         <run_address>0xba5f</run_address>
         <size>0x22a</size>
         <input_file_ref idref="fl-d9"/>
      </object_component>
      <object_component id="oc-2fe">
         <name>.debug_info</name>
         <load_address>0xbc89</load_address>
         <run_address>0xbc89</run_address>
         <size>0x295</size>
         <input_file_ref idref="fl-da"/>
      </object_component>
      <object_component id="oc-29b">
         <name>.debug_info</name>
         <load_address>0xbf1e</load_address>
         <run_address>0xbf1e</run_address>
         <size>0x195</size>
         <input_file_ref idref="fl-da"/>
      </object_component>
      <object_component id="oc-25c">
         <name>.debug_info</name>
         <load_address>0xc0b3</load_address>
         <run_address>0xc0b3</run_address>
         <size>0x2f8</size>
         <input_file_ref idref="fl-db"/>
      </object_component>
      <object_component id="oc-1c6">
         <name>.debug_info</name>
         <load_address>0xc3ab</load_address>
         <run_address>0xc3ab</run_address>
         <size>0x225</size>
         <input_file_ref idref="fl-db"/>
      </object_component>
      <object_component id="oc-2ad">
         <name>.debug_info</name>
         <load_address>0xc5d0</load_address>
         <run_address>0xc5d0</run_address>
         <size>0x28f</size>
         <input_file_ref idref="fl-dc"/>
      </object_component>
      <object_component id="oc-217">
         <name>.debug_info</name>
         <load_address>0xc85f</load_address>
         <run_address>0xc85f</run_address>
         <size>0x15a</size>
         <input_file_ref idref="fl-dc"/>
      </object_component>
      <object_component id="oc-303">
         <name>.debug_info</name>
         <load_address>0xc9b9</load_address>
         <run_address>0xc9b9</run_address>
         <size>0x46</size>
         <input_file_ref idref="fl-dc"/>
      </object_component>
      <object_component id="oc-2a8">
         <name>.debug_info</name>
         <load_address>0xc9ff</load_address>
         <run_address>0xc9ff</run_address>
         <size>0x39</size>
         <input_file_ref idref="fl-dc"/>
      </object_component>
      <object_component id="oc-272">
         <name>.debug_info</name>
         <load_address>0xca38</load_address>
         <run_address>0xca38</run_address>
         <size>0x134</size>
         <input_file_ref idref="fl-dd"/>
      </object_component>
      <object_component id="oc-fd">
         <name>.debug_info</name>
         <load_address>0xcb6c</load_address>
         <run_address>0xcb6c</run_address>
         <size>0x147</size>
         <input_file_ref idref="fl-de"/>
      </object_component>
      <object_component id="oc-23e">
         <name>.debug_info</name>
         <load_address>0xccb3</load_address>
         <run_address>0xccb3</run_address>
         <size>0x4b3</size>
         <input_file_ref idref="fl-df"/>
      </object_component>
      <object_component id="oc-18e">
         <name>.debug_info</name>
         <load_address>0xd166</load_address>
         <run_address>0xd166</run_address>
         <size>0x1a6</size>
         <input_file_ref idref="fl-df"/>
      </object_component>
      <object_component id="oc-2d4">
         <name>.debug_info</name>
         <load_address>0xd30c</load_address>
         <run_address>0xd30c</run_address>
         <size>0x39</size>
         <input_file_ref idref="fl-df"/>
      </object_component>
      <object_component id="oc-316">
         <name>.debug_info</name>
         <load_address>0xd345</load_address>
         <run_address>0xd345</run_address>
         <size>0x39</size>
         <input_file_ref idref="fl-df"/>
      </object_component>
      <object_component id="oc-2d9">
         <name>.debug_info</name>
         <load_address>0xd37e</load_address>
         <run_address>0xd37e</run_address>
         <size>0x39</size>
         <input_file_ref idref="fl-df"/>
      </object_component>
      <object_component id="oc-2de">
         <name>.debug_info</name>
         <load_address>0xd3b7</load_address>
         <run_address>0xd3b7</run_address>
         <size>0xcd</size>
         <input_file_ref idref="fl-df"/>
      </object_component>
      <object_component id="oc-103">
         <name>.debug_info</name>
         <load_address>0xd484</load_address>
         <run_address>0xd484</run_address>
         <size>0x153</size>
         <input_file_ref idref="fl-e0"/>
      </object_component>
      <object_component id="oc-182">
         <name>.debug_info</name>
         <load_address>0xd5d7</load_address>
         <run_address>0xd5d7</run_address>
         <size>0x122</size>
         <input_file_ref idref="fl-e2"/>
      </object_component>
      <object_component id="oc-2f8">
         <name>.debug_info</name>
         <load_address>0xd6f9</load_address>
         <run_address>0xd6f9</run_address>
         <size>0x29c</size>
         <input_file_ref idref="fl-e4"/>
      </object_component>
      <object_component id="oc-278">
         <name>.debug_info</name>
         <load_address>0xd995</load_address>
         <run_address>0xd995</run_address>
         <size>0x1da</size>
         <input_file_ref idref="fl-e4"/>
      </object_component>
      <object_component id="oc-270">
         <name>.debug_info</name>
         <load_address>0xdb6f</load_address>
         <run_address>0xdb6f</run_address>
         <size>0x2b9</size>
         <input_file_ref idref="fl-e6"/>
      </object_component>
      <object_component id="oc-1ec">
         <name>.debug_info</name>
         <load_address>0xde28</load_address>
         <run_address>0xde28</run_address>
         <size>0x17c</size>
         <input_file_ref idref="fl-e6"/>
      </object_component>
      <object_component id="oc-2ee">
         <name>.debug_info</name>
         <load_address>0xdfa4</load_address>
         <run_address>0xdfa4</run_address>
         <size>0xf9</size>
         <input_file_ref idref="fl-e7"/>
      </object_component>
      <object_component id="oc-26d">
         <name>.debug_info</name>
         <load_address>0xe09d</load_address>
         <run_address>0xe09d</run_address>
         <size>0x105</size>
         <input_file_ref idref="fl-e7"/>
      </object_component>
      <object_component id="oc-2a6">
         <name>.debug_info</name>
         <load_address>0xe1a2</load_address>
         <run_address>0xe1a2</run_address>
         <size>0x2a7</size>
         <input_file_ref idref="fl-e8"/>
      </object_component>
      <object_component id="oc-210">
         <name>.debug_info</name>
         <load_address>0xe449</load_address>
         <run_address>0xe449</run_address>
         <size>0x1b8</size>
         <input_file_ref idref="fl-e8"/>
      </object_component>
      <object_component id="oc-300">
         <name>.debug_info</name>
         <load_address>0xe601</load_address>
         <run_address>0xe601</run_address>
         <size>0x29a</size>
         <input_file_ref idref="fl-e9"/>
      </object_component>
      <object_component id="oc-29f">
         <name>.debug_info</name>
         <load_address>0xe89b</load_address>
         <run_address>0xe89b</run_address>
         <size>0x262</size>
         <input_file_ref idref="fl-e9"/>
      </object_component>
      <object_component id="oc-26b">
         <name>.debug_info</name>
         <load_address>0xeafd</load_address>
         <run_address>0xeafd</run_address>
         <size>0x28f</size>
         <input_file_ref idref="fl-ea"/>
      </object_component>
      <object_component id="oc-1e6">
         <name>.debug_info</name>
         <load_address>0xed8c</load_address>
         <run_address>0xed8c</run_address>
         <size>0x245</size>
         <input_file_ref idref="fl-ea"/>
      </object_component>
      <object_component id="oc-2b2">
         <name>.debug_info</name>
         <load_address>0xefd1</load_address>
         <run_address>0xefd1</run_address>
         <size>0x289</size>
         <input_file_ref idref="fl-eb"/>
      </object_component>
      <object_component id="oc-2af">
         <name>.debug_info</name>
         <load_address>0xf25a</load_address>
         <run_address>0xf25a</run_address>
         <size>0x10e</size>
         <input_file_ref idref="fl-eb"/>
      </object_component>
      <object_component id="oc-21c">
         <name>.debug_info</name>
         <load_address>0xf368</load_address>
         <run_address>0xf368</run_address>
         <size>0x14e</size>
         <input_file_ref idref="fl-eb"/>
      </object_component>
      <object_component id="oc-256">
         <name>.debug_info</name>
         <load_address>0xf4b6</load_address>
         <run_address>0xf4b6</run_address>
         <size>0x161</size>
         <input_file_ref idref="fl-ec"/>
      </object_component>
      <object_component id="oc-2f2">
         <name>.debug_info</name>
         <load_address>0xf617</load_address>
         <run_address>0xf617</run_address>
         <size>0x115</size>
         <input_file_ref idref="fl-ed"/>
      </object_component>
      <object_component id="oc-35a">
         <name>.debug_info</name>
         <load_address>0xf72c</load_address>
         <run_address>0xf72c</run_address>
         <size>0xcc</size>
      </object_component>
      <object_component id="oc-164">
         <name>.debug_line</name>
         <load_address>0x0</load_address>
         <run_address>0x0</run_address>
         <size>0x136</size>
         <input_file_ref idref="fl-1"/>
      </object_component>
      <object_component id="oc-31">
         <name>.debug_line</name>
         <load_address>0x136</load_address>
         <run_address>0x136</run_address>
         <size>0x1c4</size>
         <input_file_ref idref="fl-1"/>
      </object_component>
      <object_component id="oc-e5">
         <name>.debug_line</name>
         <load_address>0x2fa</load_address>
         <run_address>0x2fa</run_address>
         <size>0x7a</size>
         <input_file_ref idref="fl-1"/>
      </object_component>
      <object_component id="oc-de">
         <name>.debug_line</name>
         <load_address>0x374</load_address>
         <run_address>0x374</run_address>
         <size>0x3d</size>
         <input_file_ref idref="fl-1"/>
      </object_component>
      <object_component id="oc-11a">
         <name>.debug_line</name>
         <load_address>0x3b1</load_address>
         <run_address>0x3b1</run_address>
         <size>0x2d</size>
         <input_file_ref idref="fl-1"/>
      </object_component>
      <object_component id="oc-d4">
         <name>.debug_line</name>
         <load_address>0x3de</load_address>
         <run_address>0x3de</run_address>
         <size>0x20</size>
         <input_file_ref idref="fl-1"/>
      </object_component>
      <object_component id="oc-16f">
         <name>.debug_line</name>
         <load_address>0x3fe</load_address>
         <run_address>0x3fe</run_address>
         <size>0x7e</size>
         <input_file_ref idref="fl-1"/>
      </object_component>
      <object_component id="oc-d9">
         <name>.debug_line</name>
         <load_address>0x47c</load_address>
         <run_address>0x47c</run_address>
         <size>0x7b</size>
         <input_file_ref idref="fl-1"/>
      </object_component>
      <object_component id="oc-15c">
         <name>.debug_line</name>
         <load_address>0x4f7</load_address>
         <run_address>0x4f7</run_address>
         <size>0x76</size>
         <input_file_ref idref="fl-1"/>
      </object_component>
      <object_component id="oc-168">
         <name>.debug_line</name>
         <load_address>0x56d</load_address>
         <run_address>0x56d</run_address>
         <size>0x7f</size>
         <input_file_ref idref="fl-1"/>
      </object_component>
      <object_component id="oc-c7">
         <name>.debug_line</name>
         <load_address>0x5ec</load_address>
         <run_address>0x5ec</run_address>
         <size>0xa8</size>
         <input_file_ref idref="fl-2"/>
      </object_component>
      <object_component id="oc-3f">
         <name>.debug_line</name>
         <load_address>0x694</load_address>
         <run_address>0x694</run_address>
         <size>0x20</size>
         <input_file_ref idref="fl-2"/>
      </object_component>
      <object_component id="oc-cd">
         <name>.debug_line</name>
         <load_address>0x6b4</load_address>
         <run_address>0x6b4</run_address>
         <size>0xa8</size>
         <input_file_ref idref="fl-3"/>
      </object_component>
      <object_component id="oc-78">
         <name>.debug_line</name>
         <load_address>0x75c</load_address>
         <run_address>0x75c</run_address>
         <size>0x43</size>
         <input_file_ref idref="fl-4"/>
      </object_component>
      <object_component id="oc-1c0">
         <name>.debug_line</name>
         <load_address>0x79f</load_address>
         <run_address>0x79f</run_address>
         <size>0x20</size>
         <input_file_ref idref="fl-5"/>
      </object_component>
      <object_component id="oc-84">
         <name>.debug_line</name>
         <load_address>0x7bf</load_address>
         <run_address>0x7bf</run_address>
         <size>0x3ba</size>
         <input_file_ref idref="fl-5"/>
      </object_component>
      <object_component id="oc-7e">
         <name>.debug_line</name>
         <load_address>0xb79</load_address>
         <run_address>0xb79</run_address>
         <size>0xd1</size>
         <input_file_ref idref="fl-8"/>
      </object_component>
      <object_component id="oc-e1">
         <name>.debug_line</name>
         <load_address>0xc4a</load_address>
         <run_address>0xc4a</run_address>
         <size>0x41</size>
         <input_file_ref idref="fl-9"/>
      </object_component>
      <object_component id="oc-34">
         <name>.debug_line</name>
         <load_address>0xc8b</load_address>
         <run_address>0xc8b</run_address>
         <size>0x41</size>
         <input_file_ref idref="fl-9"/>
      </object_component>
      <object_component id="oc-2b">
         <name>.debug_line</name>
         <load_address>0xccc</load_address>
         <run_address>0xccc</run_address>
         <size>0xa1</size>
         <input_file_ref idref="fl-9"/>
      </object_component>
      <object_component id="oc-232">
         <name>.debug_line</name>
         <load_address>0xd6d</load_address>
         <run_address>0xd6d</run_address>
         <size>0x20</size>
         <input_file_ref idref="fl-a"/>
      </object_component>
      <object_component id="oc-af">
         <name>.debug_line</name>
         <load_address>0xd8d</load_address>
         <run_address>0xd8d</run_address>
         <size>0xea</size>
         <input_file_ref idref="fl-a"/>
      </object_component>
      <object_component id="oc-230">
         <name>.debug_line</name>
         <load_address>0xe77</load_address>
         <run_address>0xe77</run_address>
         <size>0x2d</size>
         <input_file_ref idref="fl-c5"/>
      </object_component>
      <object_component id="oc-a9">
         <name>.debug_line</name>
         <load_address>0xea4</load_address>
         <run_address>0xea4</run_address>
         <size>0x4b</size>
         <input_file_ref idref="fl-c5"/>
      </object_component>
      <object_component id="oc-14f">
         <name>.debug_line</name>
         <load_address>0xeef</load_address>
         <run_address>0xeef</run_address>
         <size>0x4b</size>
         <input_file_ref idref="fl-c5"/>
      </object_component>
      <object_component id="oc-155">
         <name>.debug_line</name>
         <load_address>0xf3a</load_address>
         <run_address>0xf3a</run_address>
         <size>0x3f</size>
         <input_file_ref idref="fl-c5"/>
      </object_component>
      <object_component id="oc-2b8">
         <name>.debug_line</name>
         <load_address>0xf79</load_address>
         <run_address>0xf79</run_address>
         <size>0x91</size>
         <input_file_ref idref="fl-c5"/>
      </object_component>
      <object_component id="oc-1df">
         <name>.debug_line</name>
         <load_address>0x100a</load_address>
         <run_address>0x100a</run_address>
         <size>0x32</size>
         <input_file_ref idref="fl-c6"/>
      </object_component>
      <object_component id="oc-8f">
         <name>.debug_line</name>
         <load_address>0x103c</load_address>
         <run_address>0x103c</run_address>
         <size>0x218</size>
         <input_file_ref idref="fl-c6"/>
      </object_component>
      <object_component id="oc-1e3">
         <name>.debug_line</name>
         <load_address>0x1254</load_address>
         <run_address>0x1254</run_address>
         <size>0x9a</size>
         <input_file_ref idref="fl-c6"/>
      </object_component>
      <object_component id="oc-13f">
         <name>.debug_line</name>
         <load_address>0x12ee</load_address>
         <run_address>0x12ee</run_address>
         <size>0x97</size>
         <input_file_ref idref="fl-c6"/>
      </object_component>
      <object_component id="oc-9a">
         <name>.debug_line</name>
         <load_address>0x1385</load_address>
         <run_address>0x1385</run_address>
         <size>0xd2</size>
         <input_file_ref idref="fl-c7"/>
      </object_component>
      <object_component id="oc-12d">
         <name>.debug_line</name>
         <load_address>0x1457</load_address>
         <run_address>0x1457</run_address>
         <size>0x77</size>
         <input_file_ref idref="fl-c8"/>
      </object_component>
      <object_component id="oc-bf">
         <name>.debug_line</name>
         <load_address>0x14ce</load_address>
         <run_address>0x14ce</run_address>
         <size>0x77</size>
         <input_file_ref idref="fl-c8"/>
      </object_component>
      <object_component id="oc-b5">
         <name>.debug_line</name>
         <load_address>0x1545</load_address>
         <run_address>0x1545</run_address>
         <size>0xa8</size>
         <input_file_ref idref="fl-c9"/>
      </object_component>
      <object_component id="oc-95">
         <name>.debug_line</name>
         <load_address>0x15ed</load_address>
         <run_address>0x15ed</run_address>
         <size>0x8e</size>
         <input_file_ref idref="fl-ca"/>
      </object_component>
      <object_component id="oc-ba">
         <name>.debug_line</name>
         <load_address>0x167b</load_address>
         <run_address>0x167b</run_address>
         <size>0x5a</size>
         <input_file_ref idref="fl-cb"/>
      </object_component>
      <object_component id="oc-9f">
         <name>.debug_line</name>
         <load_address>0x16d5</load_address>
         <run_address>0x16d5</run_address>
         <size>0x67</size>
         <input_file_ref idref="fl-cc"/>
      </object_component>
      <object_component id="oc-a4">
         <name>.debug_line</name>
         <load_address>0x173c</load_address>
         <run_address>0x173c</run_address>
         <size>0x57</size>
         <input_file_ref idref="fl-cd"/>
      </object_component>
      <object_component id="oc-128">
         <name>.debug_line</name>
         <load_address>0x1793</load_address>
         <run_address>0x1793</run_address>
         <size>0x50</size>
         <input_file_ref idref="fl-ce"/>
      </object_component>
      <object_component id="oc-45">
         <name>.debug_line</name>
         <load_address>0x17e3</load_address>
         <run_address>0x17e3</run_address>
         <size>0x88</size>
         <input_file_ref idref="fl-cf"/>
      </object_component>
      <object_component id="oc-8a">
         <name>.debug_line</name>
         <load_address>0x186b</load_address>
         <run_address>0x186b</run_address>
         <size>0x4c</size>
         <input_file_ref idref="fl-d0"/>
      </object_component>
      <object_component id="oc-17e">
         <name>.debug_line</name>
         <load_address>0x18b7</load_address>
         <run_address>0x18b7</run_address>
         <size>0x92</size>
         <input_file_ref idref="fl-d1"/>
      </object_component>
      <object_component id="oc-57">
         <name>.debug_line</name>
         <load_address>0x1949</load_address>
         <run_address>0x1949</run_address>
         <size>0x53</size>
         <input_file_ref idref="fl-d1"/>
      </object_component>
      <object_component id="oc-f9">
         <name>.debug_line</name>
         <load_address>0x199c</load_address>
         <run_address>0x199c</run_address>
         <size>0x34</size>
         <input_file_ref idref="fl-d1"/>
      </object_component>
      <object_component id="oc-17b">
         <name>.debug_line</name>
         <load_address>0x19d0</load_address>
         <run_address>0x19d0</run_address>
         <size>0x92</size>
         <input_file_ref idref="fl-d1"/>
      </object_component>
      <object_component id="oc-f4">
         <name>.debug_line</name>
         <load_address>0x1a62</load_address>
         <run_address>0x1a62</run_address>
         <size>0x20</size>
         <input_file_ref idref="fl-d2"/>
      </object_component>
      <object_component id="oc-1f">
         <name>.debug_line</name>
         <load_address>0x1a82</load_address>
         <run_address>0x1a82</run_address>
         <size>0x55</size>
         <input_file_ref idref="fl-d2"/>
      </object_component>
      <object_component id="oc-4a">
         <name>.debug_line</name>
         <load_address>0x1ad7</load_address>
         <run_address>0x1ad7</run_address>
         <size>0x3a</size>
         <input_file_ref idref="fl-d2"/>
      </object_component>
      <object_component id="oc-f1">
         <name>.debug_line</name>
         <load_address>0x1b11</load_address>
         <run_address>0x1b11</run_address>
         <size>0x92</size>
         <input_file_ref idref="fl-d2"/>
      </object_component>
      <object_component id="oc-177">
         <name>.debug_line</name>
         <load_address>0x1ba3</load_address>
         <run_address>0x1ba3</run_address>
         <size>0x20</size>
         <input_file_ref idref="fl-d3"/>
      </object_component>
      <object_component id="oc-19">
         <name>.debug_line</name>
         <load_address>0x1bc3</load_address>
         <run_address>0x1bc3</run_address>
         <size>0xa9</size>
         <input_file_ref idref="fl-d3"/>
      </object_component>
      <object_component id="oc-3a">
         <name>.debug_line</name>
         <load_address>0x1c6c</load_address>
         <run_address>0x1c6c</run_address>
         <size>0x3a</size>
         <input_file_ref idref="fl-d3"/>
      </object_component>
      <object_component id="oc-174">
         <name>.debug_line</name>
         <load_address>0x1ca6</load_address>
         <run_address>0x1ca6</run_address>
         <size>0x9a</size>
         <input_file_ref idref="fl-d3"/>
      </object_component>
      <object_component id="oc-ea">
         <name>.debug_line</name>
         <load_address>0x1d40</load_address>
         <run_address>0x1d40</run_address>
         <size>0x96</size>
         <input_file_ref idref="fl-d3"/>
      </object_component>
      <object_component id="oc-262">
         <name>.debug_line</name>
         <load_address>0x1dd6</load_address>
         <run_address>0x1dd6</run_address>
         <size>0x2a</size>
         <input_file_ref idref="fl-d4"/>
      </object_component>
      <object_component id="oc-260">
         <name>.debug_line</name>
         <load_address>0x1e00</load_address>
         <run_address>0x1e00</run_address>
         <size>0x30</size>
         <input_file_ref idref="fl-d4"/>
      </object_component>
      <object_component id="oc-132">
         <name>.debug_line</name>
         <load_address>0x1e30</load_address>
         <run_address>0x1e30</run_address>
         <size>0x3fd</size>
         <input_file_ref idref="fl-d4"/>
      </object_component>
      <object_component id="oc-266">
         <name>.debug_line</name>
         <load_address>0x222d</load_address>
         <run_address>0x222d</run_address>
         <size>0x9a</size>
         <input_file_ref idref="fl-d4"/>
      </object_component>
      <object_component id="oc-1da">
         <name>.debug_line</name>
         <load_address>0x22c7</load_address>
         <run_address>0x22c7</run_address>
         <size>0x97</size>
         <input_file_ref idref="fl-d4"/>
      </object_component>
      <object_component id="oc-72">
         <name>.debug_line</name>
         <load_address>0x235e</load_address>
         <run_address>0x235e</run_address>
         <size>0x33</size>
         <input_file_ref idref="fl-d5"/>
      </object_component>
      <object_component id="oc-63">
         <name>.debug_line</name>
         <load_address>0x2391</load_address>
         <run_address>0x2391</run_address>
         <size>0x45</size>
         <input_file_ref idref="fl-d5"/>
      </object_component>
      <object_component id="oc-2b4">
         <name>.debug_line</name>
         <load_address>0x23d6</load_address>
         <run_address>0x23d6</run_address>
         <size>0x264</size>
         <input_file_ref idref="fl-d6"/>
      </object_component>
      <object_component id="oc-1f2">
         <name>.debug_line</name>
         <load_address>0x263a</load_address>
         <run_address>0x263a</run_address>
         <size>0x7a</size>
         <input_file_ref idref="fl-d6"/>
      </object_component>
      <object_component id="oc-27e">
         <name>.debug_line</name>
         <load_address>0x26b4</load_address>
         <run_address>0x26b4</run_address>
         <size>0x51</size>
         <input_file_ref idref="fl-d6"/>
      </object_component>
      <object_component id="oc-284">
         <name>.debug_line</name>
         <load_address>0x2705</load_address>
         <run_address>0x2705</run_address>
         <size>0x88</size>
         <input_file_ref idref="fl-d6"/>
      </object_component>
      <object_component id="oc-1f8">
         <name>.debug_line</name>
         <load_address>0x278d</load_address>
         <run_address>0x278d</run_address>
         <size>0x14d</size>
         <input_file_ref idref="fl-d6"/>
      </object_component>
      <object_component id="oc-28b">
         <name>.debug_line</name>
         <load_address>0x28da</load_address>
         <run_address>0x28da</run_address>
         <size>0xee</size>
         <input_file_ref idref="fl-d6"/>
      </object_component>
      <object_component id="oc-291">
         <name>.debug_line</name>
         <load_address>0x29c8</load_address>
         <run_address>0x29c8</run_address>
         <size>0x5d</size>
         <input_file_ref idref="fl-d6"/>
      </object_component>
      <object_component id="oc-1fe">
         <name>.debug_line</name>
         <load_address>0x2a25</load_address>
         <run_address>0x2a25</run_address>
         <size>0x5c</size>
         <input_file_ref idref="fl-d6"/>
      </object_component>
      <object_component id="oc-204">
         <name>.debug_line</name>
         <load_address>0x2a81</load_address>
         <run_address>0x2a81</run_address>
         <size>0xae</size>
         <input_file_ref idref="fl-d6"/>
      </object_component>
      <object_component id="oc-20a">
         <name>.debug_line</name>
         <load_address>0x2b2f</load_address>
         <run_address>0x2b2f</run_address>
         <size>0x1b0</size>
         <input_file_ref idref="fl-d6"/>
      </object_component>
      <object_component id="oc-146">
         <name>.debug_line</name>
         <load_address>0x2cdf</load_address>
         <run_address>0x2cdf</run_address>
         <size>0x76f</size>
         <input_file_ref idref="fl-d6"/>
      </object_component>
      <object_component id="oc-226">
         <name>.debug_line</name>
         <load_address>0x344e</load_address>
         <run_address>0x344e</run_address>
         <size>0x92</size>
         <input_file_ref idref="fl-d6"/>
      </object_component>
      <object_component id="oc-2bd">
         <name>.debug_line</name>
         <load_address>0x34e0</load_address>
         <run_address>0x34e0</run_address>
         <size>0x92</size>
         <input_file_ref idref="fl-d6"/>
      </object_component>
      <object_component id="oc-311">
         <name>.debug_line</name>
         <load_address>0x3572</load_address>
[...]
         <name>__TI_CINIT_Base</name>
         <value>0x47c8</value>
      </symbol>
      <symbol id="sm-5">
         <name>__TI_CINIT_Limit</name>
         <value>0x47d8</value>
      </symbol>
      <symbol id="sm-6">
         <name>__TI_Handler_Table_Base</name>
         <value>0x47a8</value>
      </symbol>
      <symbol id="sm-7">
         <name>__TI_Handler_Table_Limit</name>
         <value>0x47b4</value>
      </symbol>
      <symbol id="sm-8">
         <name>binit</name>
         <value>0xffffffff</value>
      </symbol>
      <symbol id="sm-9">
         <name>__binit__</name>
         <value>0xffffffff</value>
      </symbol>
      <symbol id="sm-a">
         <name>__STACK_SIZE</name>
         <value>0x800</value>
      </symbol>
      <symbol id="sm-b">
         <name>__STACK_END</name>
         <value>0x20004800</value>
      </symbol>
      <symbol id="sm-c">
         <name>__c_args__</name>
         <value>0xffffffff</value>
      </symbol>
      <symbol id="sm-d">
         <name>__TI_pprof_out_hndl</name>
         <value>0xffffffff</value>
      </symbol>
      <symbol id="sm-e">
         <name>__TI_prof_data_start</name>
         <value>0xffffffff</value>
      </symbol>
      <symbol id="sm-f">
         <name>__TI_prof_data_size</name>
         <value>0xffffffff</value>
      </symbol>
      <symbol id="sm-93">
         <name>LUT_DATA_A</name>
         <value>0x20000000</value>
      </symbol>
      <symbol id="sm-94">
         <name>LUT_DATA_B</name>
         <value>0x20002000</value>
      </symbol>
      <symbol id="sm-95">
         <name>timer1Isr</name>
         <value>0x2339</value>
         <object_component_ref idref="oc-2d"/>
      </symbol>
      <symbol id="sm-96">
         <name>initTimer</name>
         <value>0x22f1</value>
         <object_component_ref idref="oc-2d"/>
      </symbol>
      <symbol id="sm-97">
         <name>initHw</name>
         <value>0x2299</value>
         <object_component_ref idref="oc-2d"/>
      </symbol>
      <symbol id="sm-98">
         <name>sinusoidalFunction</name>
         <value>0x2369</value>
         <object_component_ref idref="oc-2d"/>
      </symbol>
      <symbol id="sm-99">
         <name>setOpampVoltageOut</name>
         <value>0x2649</value>
         <object_component_ref idref="oc-2d"/>
      </symbol>
      <symbol id="sm-9a">
         <name>setDacVoltage</name>
         <value>0x2541</value>
         <object_component_ref idref="oc-2d"/>
      </symbol>
      <symbol id="sm-9b">
         <name>main</name>
         <value>0x2709</value>
         <object_component_ref idref="oc-2d"/>
      </symbol>
      <symbol id="sm-9c">
         <name>sendData</name>
         <value>0x24d1</value>
         <object_component_ref idref="oc-2d"/>
      </symbol>
      <symbol id="sm-c0">
         <name>readAdc0Ss3</name>
         <value>0x37d1</value>
         <object_component_ref idref="oc-c3"/>
      </symbol>
      <symbol id="sm-c1">
         <name>setAdc0Ss3Log2AverageCount</name>
         <value>0x3761</value>
         <object_component_ref idref="oc-c3"/>
      </symbol>
      <symbol id="sm-c2">
         <name>initAdc0Ss3</name>
         <value>0x3719</value>
         <object_component_ref idref="oc-c3"/>
      </symbol>
      <symbol id="sm-c3">
         <name>setAdc0Ss3Mux</name>
         <value>0x37a9</value>
         <object_component_ref idref="oc-c3"/>
      </symbol>
      <symbol id="sm-e2">
         <name>setAdc1Ss2Log2AverageCount</name>
         <value>0x3871</value>
         <object_component_ref idref="oc-c9"/>
      </symbol>
      <symbol id="sm-e3">
         <name>setAdc1Ss2Mux</name>
         <value>0x38b9</value>
         <object_component_ref idref="oc-c9"/>
      </symbol>
      <symbol id="sm-e4">
         <name>initAdc1Ss2</name>
         <value>0x3829</value>
         <object_component_ref idref="oc-c9"/>
      </symbol>
      <symbol id="sm-e5">
         <name>readAdc1Ss2</name>
         <value>0x38e1</value>
         <object_component_ref idref="oc-c9"/>
      </symbol>
      <symbol id="sm-f2">
         <name>initSystemClockTo40Mhz</name>
         <value>0x4509</value>
         <object_component_ref idref="oc-74"/>
      </symbol>
      <symbol id="sm-168">
         <name>selectPinInterruptBothEdges</name>
         <value>0x1289</value>
         <object_component_ref idref="oc-80"/>
      </symbol>
      <symbol id="sm-169">
         <name>getPortValue</name>
         <value>0x14c9</value>
         <object_component_ref idref="oc-80"/>
      </symbol>
      <symbol id="sm-16a">
         <name>selectPinAnalogInput</name>
         <value>0xf11</value>
         <object_component_ref idref="oc-80"/>
      </symbol>
      <symbol id="sm-16b">
         <name>clearPinInterrupt</name>
         <value>0x1399</value>
         <object_component_ref idref="oc-80"/>
      </symbol>
      <symbol id="sm-16c">
         <name>selectPinPushPullOutput</name>
         <value>0xe21</value>
         <object_component_ref idref="oc-80"/>
      </symbol>
      <symbol id="sm-16d">
         <name>selectPinInterruptHighLevel</name>
         <value>0x12c9</value>
         <object_component_ref idref="oc-80"/>
      </symbol>
      <symbol id="sm-16e">
         <name>selectPinInterruptFallingEdge</name>
         <value>0x1221</value>
         <object_component_ref idref="oc-80"/>
      </symbol>
      <symbol id="sm-16f">
         <name>selectPinOpenDrainOutput</name>
         <value>0xe71</value>
         <object_component_ref idref="oc-80"/>
      </symbol>
      <symbol id="sm-170">
         <name>selectPinInterruptLowLevel</name>
         <value>0x1309</value>
         <object_component_ref idref="oc-80"/>
      </symbol>
      <symbol id="sm-171">
         <name>setPortValue</name>
         <value>0x1429</value>
         <object_component_ref idref="oc-80"/>
      </symbol>
      <symbol id="sm-172">
         <name>enablePinInterrupt</name>
         <value>0x1349</value>
         <object_component_ref idref="oc-80"/>
      </symbol>
      <symbol id="sm-173">
         <name>setPinAuxFunction</name>
         <value>0x1089</value>
         <object_component_ref idref="oc-80"/>
      </symbol>
      <symbol id="sm-174">
         <name>enablePort</name>
         <value>0xcc1</value>
         <object_component_ref idref="oc-80"/>
      </symbol>
      <symbol id="sm-175">
         <name>disablePinPulldown</name>
         <value>0x1061</value>
         <object_component_ref idref="oc-80"/>
      </symbol>
      <symbol id="sm-176">
         <name>setPinCommitControl</name>
         <value>0xf69</value>
         <object_component_ref idref="oc-80"/>
      </symbol>
      <symbol id="sm-177">
         <name>disablePort</name>
         <value>0xd89</value>
         <object_component_ref idref="oc-80"/>
      </symbol>
      <symbol id="sm-178">
         <name>disablePinInterrupt</name>
         <value>0x1371</value>
         <object_component_ref idref="oc-80"/>
      </symbol>
      <symbol id="sm-179">
         <name>enablePinPullup</name>
         <value>0xfe9</value>
         <object_component_ref idref="oc-80"/>
      </symbol>
      <symbol id="sm-17a">
         <name>getPinValue</name>
         <value>0x13f1</value>
         <object_component_ref idref="oc-80"/>
      </symbol>
      <symbol id="sm-17b">
         <name>enablePinPulldown</name>
         <value>0x1039</value>
         <object_component_ref idref="oc-80"/>
      </symbol>
      <symbol id="sm-17c">
         <name>disablePinPullup</name>
         <value>0x1011</value>
         <object_component_ref idref="oc-80"/>
      </symbol>
      <symbol id="sm-17d">
         <name>selectPinDigitalInput</name>
         <value>0xec1</value>
         <object_component_ref idref="oc-80"/>
      </symbol>
      <symbol id="sm-17e">
         <name>selectPinInterruptRisingEdge</name>
         <value>0x11c9</value>
         <object_component_ref idref="oc-80"/>
      </symbol>
      <symbol id="sm-17f">
         <name>setPinValue</name>
         <value>0x13c1</value>
         <object_component_ref idref="oc-80"/>
      </symbol>
      <symbol id="sm-19b">
         <name>setSpi1Mode</name>
         <value>0x32e9</value>
         <object_component_ref idref="oc-7a"/>
      </symbol>
      <symbol id="sm-19c">
         <name>readSpi1Data</name>
         <value>0x3359</value>
         <object_component_ref idref="oc-7a"/>
      </symbol>
      <symbol id="sm-19d">
         <name>setSpi1BaudRate</name>
         <value>0x32b1</value>
         <object_component_ref idref="oc-7a"/>
      </symbol>
      <symbol id="sm-19e">
         <name>writeSpi1Data</name>
         <value>0x3339</value>
         <object_component_ref idref="oc-7a"/>
      </symbol>
      <symbol id="sm-19f">
         <name>initSpi1</name>
         <value>0x3239</value>
         <object_component_ref idref="oc-7a"/>
      </symbol>
      <symbol id="sm-1bb">
         <name>ResetISR</name>
         <value>0x4499</value>
         <object_component_ref idref="oc-27"/>
      </symbol>
      <symbol id="sm-1bc">
         <name>g_pfnVectors</name>
         <value>0x0</value>
         <object_component_ref idref="oc-12"/>
      </symbol>
      <symbol id="sm-1e4">
         <name>getcUart0</name>
         <value>0x3059</value>
         <object_component_ref idref="oc-ab"/>
      </symbol>
      <symbol id="sm-1e5">
         <name>kbhitUart0</name>
         <value>0x3071</value>
         <object_component_ref idref="oc-ab"/>
      </symbol>
      <symbol id="sm-1e6">
         <name>setUart0BaudRate</name>
         <value>0x2fd9</value>
         <object_component_ref idref="oc-ab"/>
      </symbol>
      <symbol id="sm-1e7">
         <name>putsUart0</name>
         <value>0x3029</value>
         <object_component_ref idref="oc-ab"/>
      </symbol>
      <symbol id="sm-1e8">
         <name>initUart0</name>
         <value>0x2f51</value>
         <object_component_ref idref="oc-ab"/>
      </symbol>
      <symbol id="sm-1e9">
         <name>putcUart0</name>
         <value>0x3009</value>
         <object_component_ref idref="oc-ab"/>
      </symbol>
      <symbol id="sm-211">
         <name>sprintf</name>
         <value>0x4325</value>
         <object_component_ref idref="oc-a5"/>
      </symbol>
      <symbol id="sm-26b">
         <name>sin</name>
         <value>0x1cb5</value>
         <object_component_ref idref="oc-8b"/>
      </symbol>
      <symbol id="sm-26c">
         <name>sinl</name>
         <value>0x1cb5</value>
         <object_component_ref idref="oc-8b"/>
      </symbol>
      <symbol id="sm-283">
         <name>__aeabi_dsub</name>
         <value>0x2c25</value>
         <object_component_ref idref="oc-96"/>
      </symbol>
      <symbol id="sm-284">
         <name>__aeabi_dadd</name>
         <value>0x2c2f</value>
         <object_component_ref idref="oc-96"/>
      </symbol>
      <symbol id="sm-2a6">
         <name>__aeabi_cdcmpeq</name>
         <value>0x3e21</value>
         <object_component_ref idref="oc-129"/>
      </symbol>
      <symbol id="sm-2a7">
         <name>__aeabi_cdcmple</name>
         <value>0x3e21</value>
         <object_component_ref idref="oc-129"/>
      </symbol>
      <symbol id="sm-2a8">
         <name>__aeabi_cdrcmple</name>
         <value>0x3ea7</value>
         <object_component_ref idref="oc-bb"/>
      </symbol>
      <symbol id="sm-2bc">
         <name>__aeabi_ddiv</name>
         <value>0x34bd</value>
         <object_component_ref idref="oc-b1"/>
      </symbol>
      <symbol id="sm-2c7">
         <name>__aeabi_dmul</name>
         <value>0x3a49</value>
         <object_component_ref idref="oc-91"/>
      </symbol>
      <symbol id="sm-2d1">
         <name>__aeabi_d2iz</name>
         <value>0x4299</value>
         <object_component_ref idref="oc-b6"/>
      </symbol>
      <symbol id="sm-2dd">
         <name>__aeabi_d2f</name>
         <value>0x4015</value>
         <object_component_ref idref="oc-9b"/>
      </symbol>
      <symbol id="sm-2e8">
         <name>__aeabi_f2d</name>
         <value>0x43a3</value>
         <object_component_ref idref="oc-a0"/>
      </symbol>
      <symbol id="sm-2f2">
         <name>__aeabi_i2d</name>
         <value>0x4411</value>
         <object_component_ref idref="oc-124"/>
      </symbol>
      <symbol id="sm-30d">
         <name>memcpy</name>
         <value>0x3cef</value>
         <object_component_ref idref="oc-41"/>
      </symbol>
      <symbol id="sm-30e">
         <name>__aeabi_memcpy</name>
         <value>0x3cef</value>
         <object_component_ref idref="oc-41"/>
      </symbol>
      <symbol id="sm-30f">
         <name>__aeabi_memcpy8</name>
         <value>0x3cef</value>
         <object_component_ref idref="oc-41"/>
      </symbol>
      <symbol id="sm-310">
         <name>__aeabi_memcpy4</name>
         <value>0x3cef</value>
         <object_component_ref idref="oc-41"/>
      </symbol>
      <symbol id="sm-31a">
         <name>__aeabi_ui2d</name>
         <value>0x443f</value>
         <object_component_ref idref="oc-86"/>
      </symbol>
      <symbol id="sm-331">
         <name>__TI_zero_init</name>
         <value>0x4527</value>
         <object_component_ref idref="oc-53"/>
      </symbol>
      <symbol id="sm-348">
         <name>__TI_decompress_none</name>
         <value>0x4519</value>
         <object_component_ref idref="oc-1b"/>
      </symbol>
      <symbol id="sm-36b">
         <name>__TI_decompress_lzss</name>
         <value>0x4083</value>
         <object_component_ref idref="oc-15"/>
      </symbol>
      <symbol id="sm-3db">
         <name>__kernel_rem_pio2</name>
         <value>0x157d</value>
         <object_component_ref idref="oc-12e"/>
      </symbol>
      <symbol id="sm-3ee">
         <name>__stack</name>
         <value>0x20004000</value>
         <object_component_ref idref="oc-24"/>
      </symbol>
      <symbol id="sm-3ef">
         <name>_c_int00_noargs</name>
         <value>0x43dd</value>
         <object_component_ref idref="oc-5f"/>
      </symbol>
      <symbol id="sm-554">
         <name>__TI_printfi</name>
         <value>0x271</value>
         <object_component_ref idref="oc-145"/>
      </symbol>
      <symbol id="sm-56a">
         <name>__kernel_cos</name>
         <value>0x30c5</value>
         <object_component_ref idref="oc-134"/>
      </symbol>
      <symbol id="sm-581">
         <name>__kernel_sin</name>
         <value>0x2ddd</value>
         <object_component_ref idref="oc-11e"/>
      </symbol>
      <symbol id="sm-59e">
         <name>floorl</name>
         <value>0x3b45</value>
         <object_component_ref idref="oc-1cb"/>
      </symbol>
      <symbol id="sm-59f">
         <name>floor</name>
         <value>0x3b45</value>
         <object_component_ref idref="oc-1cb"/>
      </symbol>
      <symbol id="sm-5b5">
         <name>frexpl</name>
         <value>0x40ed</value>
         <object_component_ref idref="oc-298"/>
      </symbol>
      <symbol id="sm-5b6">
         <name>frexp</name>
         <value>0x40ed</value>
         <object_component_ref idref="oc-298"/>
      </symbol>
      <symbol id="sm-5d3">
         <name>scalbn</name>
         <value>0x3939</value>
         <object_component_ref idref="oc-1c5"/>
      </symbol>
      <symbol id="sm-5d4">
         <name>scalbnl</name>
         <value>0x3939</value>
         <object_component_ref idref="oc-1c5"/>
      </symbol>
      <symbol id="sm-5d5">
         <name>ldexpl</name>
         <value>0x3939</value>
         <object_component_ref idref="oc-1c5"/>
      </symbol>
      <symbol id="sm-5d6">
         <name>ldexp</name>
         <value>0x3939</value>
         <object_component_ref idref="oc-1c5"/>
      </symbol>
      <symbol id="sm-5ef">
         <name>wcslen</name>
         <value>0x44f5</value>
         <object_component_ref idref="oc-215"/>
      </symbol>
      <symbol id="sm-5fc">
         <name>__aeabi_uldivmod</name>
         <value>0x3d8b</value>
         <object_component_ref idref="oc-271"/>
      </symbol>
      <symbol id="sm-60b">
         <name>__aeabi_memset</name>
         <value>0x3f2f</value>
         <object_component_ref idref="oc-fc"/>
      </symbol>
      <symbol id="sm-60c">
         <name>memset</name>
         <value>0x3f35</value>
         <object_component_ref idref="oc-fc"/>
      </symbol>
      <symbol id="sm-60d">
         <name>__aeabi_memset8</name>
         <value>0x3f2f</value>
         <object_component_ref idref="oc-fc"/>
      </symbol>
      <symbol id="sm-60e">
         <name>__aeabi_memset4</name>
         <value>0x3f2f</value>
         <object_component_ref idref="oc-fc"/>
      </symbol>
      <symbol id="sm-60f">
         <name>__aeabi_memclr8</name>
         <value>0x3f2d</value>
         <object_component_ref idref="oc-fc"/>
      </symbol>
      <symbol id="sm-610">
         <name>__aeabi_memclr4</name>
         <value>0x3f2d</value>
         <object_component_ref idref="oc-fc"/>
      </symbol>
      <symbol id="sm-611">
         <name>__aeabi_memclr</name>
         <value>0x3f2d</value>
         <object_component_ref idref="oc-fc"/>
      </symbol>
      <symbol id="sm-639">
         <name>__TI_auto_init_nobinit_nopinit</name>
         <value>0x42e1</value>
         <object_component_ref idref="oc-18d"/>
      </symbol>
      <symbol id="sm-643">
         <name>_system_pre_init</name>
         <value>0x2295</value>
         <object_component_ref idref="oc-102"/>
      </symbol>
      <symbol id="sm-64f">
         <name>C$$EXIT</name>
         <value>0x3235</value>
         <object_component_ref idref="oc-181"/>
      </symbol>
      <symbol id="sm-650">
         <name>abort</name>
         <value>0x3235</value>
         <object_component_ref idref="oc-181"/>
      </symbol>
      <symbol id="sm-660">
         <name>__TI_ltoa</name>
         <value>0x41a7</value>
         <object_component_ref idref="oc-277"/>
      </symbol>
      <symbol id="sm-677">
         <name>atoi</name>
         <value>0x424d</value>
         <object_component_ref idref="oc-1eb"/>
      </symbol>
      <symbol id="sm-682">
         <name>_ctypes_</name>
         <value>0x46a0</value>
         <object_component_ref idref="oc-26c"/>
      </symbol>
      <symbol id="sm-692">
         <name>memccpy</name>
         <value>0x445f</value>
         <object_component_ref idref="oc-20f"/>
      </symbol>
      <symbol id="sm-6a2">
         <name>strchr</name>
         <value>0x44cb</value>
         <object_component_ref idref="oc-29e"/>
      </symbol>
      <symbol id="sm-6b0">
         <name>strlen</name>
         <value>0x44e1</value>
         <object_component_ref idref="oc-1e5"/>
      </symbol>
      <symbol id="sm-6c6">
         <name>__aeabi_errno_addr</name>
         <value>0x453d</value>
         <object_component_ref idref="oc-21b"/>
      </symbol>
      <symbol id="sm-6c7">
         <name>errno</name>
         <value>0x20004800</value>
         <object_component_ref idref="oc-2ae"/>
      </symbol>
      <symbol id="sm-6d1">
         <name>copysign</name>
         <value>0x447b</value>
         <object_component_ref idref="oc-255"/>
      </symbol>
      <symbol id="sm-6d2">
         <name>copysignl</name>
         <value>0x447b</value>
         <object_component_ref idref="oc-255"/>
      </symbol>
      <symbol id="sm-6dc">
         <name>__aeabi_idiv0</name>
         <value>0xcbf</value>
         <object_component_ref idref="oc-2f1"/>
      </symbol>
      <symbol id="sm-6dd">
         <name>__aeabi_ldiv0</name>
         <value>0xcbf</value>
         <object_component_ref idref="oc-2f1"/>
      </symbol>
      <symbol id="sm-6de">
         <name>__TI_static_base__</name>
         <value>0x0</value>
      </symbol>
      <symbol id="sm-6e1">
         <name>__mpu_init</name>
         <value>0x0</value>
      </symbol>
      <symbol id="sm-6e2">
         <name>_system_post_cinit</name>
         <value>0x0</value>
      </symbol>
   </symbol_table>
   <title>Link successful</title>
</link_info>
