<?xml version="1.0" encoding="ISO-8859-1" ?>
<link_info>
   <banner>TI ARM Linker Unix v20.2.5.LTS</banner>
   <copyright>Copyright (c) 1996-2018 Texas Instruments Incorporated</copyright>
   <link_time>0x6244741e</link_time>
   <link_errors>0x0</link_errors>
   <output_file>Project.out</output_file>
   <entry_point>
      <name>_c_int00_noargs</name>
      <address>0x46e9</address>
   </entry_point>
   <input_file_list>
      <input_file id="fl-1">
         <path>./</path>
         <kind>object</kind>
         <file>Project_Khaled_Ahmed.obj</file>
         <name>Project_Khaled_Ahmed.obj</name>
      </input_file>
      <input_file id="fl-2">
         <path>./</path>
         <kind>object</kind>
         <file>adc0.obj</file>
         <name>adc0.obj</name>
      </input_file>
      <input_file id="fl-3">
         <path>./</path>
         <kind>object</kind>
         <file>adc1.obj</file>
         <name>adc1.obj</name>
      </input_file>
      <input_file id="fl-4">
         <path>./</path>
         <kind>object</kind>
         <file>clock.obj</file>
         <name>clock.obj</name>
      </input_file>
      <input_file id="fl-5">
         <path>./</path>
         <kind>object</kind>
         <file>gpio.obj</file>
         <name>gpio.obj</name>
      </input_file>
      <input_file id="fl-6">
         <path>./</path>
         <kind>object</kind>
         <file>nvic.obj</file>
         <name>nvic.obj</name>
      </input_file>
      <input_file id="fl-7">
         <path>./</path>
         <kind>object</kind>
         <file>project.obj</file>
         <name>project.obj</name>
      </input_file>
      <input_file id="fl-8">
         <path>./</path>
         <kind>object</kind>
         <file>spi1.obj</file>
         <name>spi1.obj</name>
      </input_file>
      <input_file id="fl-9">
         <path>./</path>
         <kind>object</kind>
         <file>tm4c123gh6pm_startup_ccs.obj</file>
         <name>tm4c123gh6pm_startup_ccs.obj</name>
      </input_file>
      <input_file id="fl-a">
         <path>./</path>
         <kind>object</kind>
         <file>uart0.obj</file>
         <name>uart0.obj</name>
      </input_file>
      <input_file id="fl-b">
         <path>./</path>
         <kind>object</kind>
         <file>wait.obj</file>
         <name>wait.obj</name>
      </input_file>
      <input_file id="fl-f">
         <kind>object</kind>
         <file>&lt;internal&gt;</file>
         <name>&lt;internal&gt;</name>
      </input_file>
      <input_file id="fl-c5">
         <path>/Applications/ti/ccs1040/ccs/tools/compiler/ti-cgt-arm_20.2.5.LTS/lib/</path>
         <kind>archive</kind>
         <file>rtsv7M4_T_le_v4SPD16_eabi.lib</file>
         <name>sprintf.c.obj</name>
      </input_file>
      <input_file id="fl-c6">
         <path>/Applications/ti/ccs1040/ccs/tools/compiler/ti-cgt-arm_20.2.5.LTS/lib/</path>
         <kind>archive</kind>
         <file>rtsv7M4_T_le_v4SPD16_eabi.lib</file>
         <name>s_sin.c.obj</name>
      </input_file>
      <input_file id="fl-c7">
         <path>/Applications/ti/ccs1040/ccs/tools/compiler/ti-cgt-arm_20.2.5.LTS/lib/</path>
         <kind>archive</kind>
         <file>rtsv7M4_T_le_v4SPD16_eabi.lib</file>
         <name>fd_add_t2.asm.obj</name>
      </input_file>
      <input_file id="fl-c8">
         <path>/Applications/ti/ccs1040/ccs/tools/compiler/ti-cgt-arm_20.2.5.LTS/lib/</path>
         <kind>archive</kind>
         <file>rtsv7M4_T_le_v4SPD16_eabi.lib</file>
         <name>fd_cmp_t2.asm.obj</name>
      </input_file>
      <input_file id="fl-c9">
         <path>/Applications/ti/ccs1040/ccs/tools/compiler/ti-cgt-arm_20.2.5.LTS/lib/</path>
         <kind>archive</kind>
         <file>rtsv7M4_T_le_v4SPD16_eabi.lib</file>
         <name>fd_div_t2.asm.obj</name>
      </input_file>
      <input_file id="fl-ca">
         <path>/Applications/ti/ccs1040/ccs/tools/compiler/ti-cgt-arm_20.2.5.LTS/lib/</path>
         <kind>archive</kind>
         <file>rtsv7M4_T_le_v4SPD16_eabi.lib</file>
         <name>fd_mul_t2.asm.obj</name>
      </input_file>
      <input_file id="fl-cb">
         <path>/Applications/ti/ccs1040/ccs/tools/compiler/ti-cgt-arm_20.2.5.LTS/lib/</path>
         <kind>archive</kind>
         <file>rtsv7M4_T_le_v4SPD16_eabi.lib</file>
         <name>fd_toi_t2.asm.obj</name>
      </input_file>
      <input_file id="fl-cc">
         <path>/Applications/ti/ccs1040/ccs/tools/compiler/ti-cgt-arm_20.2.5.LTS/lib/</path>
         <kind>archive</kind>
         <file>rtsv7M4_T_le_v4SPD16_eabi.lib</file>
         <name>fd_tos_t2.asm.obj</name>
      </input_file>
      <input_file id="fl-cd">
         <path>/Applications/ti/ccs1040/ccs/tools/compiler/ti-cgt-arm_20.2.5.LTS/lib/</path>
         <kind>archive</kind>
         <file>rtsv7M4_T_le_v4SPD16_eabi.lib</file>
         <name>fs_tod_t2.asm.obj</name>
      </input_file>
      <input_file id="fl-ce">
         <path>/Applications/ti/ccs1040/ccs/tools/compiler/ti-cgt-arm_20.2.5.LTS/lib/</path>
         <kind>archive</kind>
         <file>rtsv7M4_T_le_v4SPD16_eabi.lib</file>
         <name>i_tofd_t2.asm.obj</name>
      </input_file>
      <input_file id="fl-cf">
         <path>/Applications/ti/ccs1040/ccs/tools/compiler/ti-cgt-arm_20.2.5.LTS/lib/</path>
         <kind>archive</kind>
         <file>rtsv7M4_T_le_v4SPD16_eabi.lib</file>
         <name>memcpy_t2.asm.obj</name>
      </input_file>
      <input_file id="fl-d0">
         <path>/Applications/ti/ccs1040/ccs/tools/compiler/ti-cgt-arm_20.2.5.LTS/lib/</path>
         <kind>archive</kind>
         <file>rtsv7M4_T_le_v4SPD16_eabi.lib</file>
         <name>u_tofd_t2.asm.obj</name>
      </input_file>
      <input_file id="fl-d1">
         <path>/Applications/ti/ccs1040/ccs/tools/compiler/ti-cgt-arm_20.2.5.LTS/lib/</path>
         <kind>archive</kind>
         <file>rtsv7M4_T_le_v4SPD16_eabi.lib</file>
         <name>copy_zero_init.c.obj</name>
      </input_file>
      <input_file id="fl-d2">
         <path>/Applications/ti/ccs1040/ccs/tools/compiler/ti-cgt-arm_20.2.5.LTS/lib/</path>
         <kind>archive</kind>
         <file>rtsv7M4_T_le_v4SPD16_eabi.lib</file>
         <name>copy_decompress_none.c.obj</name>
      </input_file>
      <input_file id="fl-d3">
         <path>/Applications/ti/ccs1040/ccs/tools/compiler/ti-cgt-arm_20.2.5.LTS/lib/</path>
         <kind>archive</kind>
         <file>rtsv7M4_T_le_v4SPD16_eabi.lib</file>
         <name>copy_decompress_lzss.c.obj</name>
      </input_file>
      <input_file id="fl-d4">
         <path>/Applications/ti/ccs1040/ccs/tools/compiler/ti-cgt-arm_20.2.5.LTS/lib/</path>
         <kind>archive</kind>
         <file>rtsv7M4_T_le_v4SPD16_eabi.lib</file>
         <name>k_rem_pio2.c.obj</name>
      </input_file>
      <input_file id="fl-d5">
         <path>/Applications/ti/ccs1040/ccs/tools/compiler/ti-cgt-arm_20.2.5.LTS/lib/</path>
         <kind>archive</kind>
         <file>rtsv7M4_T_le_v4SPD16_eabi.lib</file>
         <name>boot_cortex_m.c.obj</name>
      </input_file>
      <input_file id="fl-d6">
         <path>/Applications/ti/ccs1040/ccs/tools/compiler/ti-cgt-arm_20.2.5.LTS/lib/</path>
         <kind>archive</kind>
         <file>rtsv7M4_T_le_v4SPD16_eabi.lib</file>
         <name>_printfi.c.obj</name>
      </input_file>
      <input_file id="fl-d7">
         <path>/Applications/ti/ccs1040/ccs/tools/compiler/ti-cgt-arm_20.2.5.LTS/lib/</path>
         <kind>archive</kind>
         <file>rtsv7M4_T_le_v4SPD16_eabi.lib</file>
         <name>k_cos.c.obj</name>
      </input_file>
      <input_file id="fl-d8">
         <path>/Applications/ti/ccs1040/ccs/tools/compiler/ti-cgt-arm_20.2.5.LTS/lib/</path>
         <kind>archive</kind>
         <file>rtsv7M4_T_le_v4SPD16_eabi.lib</file>
         <name>k_sin.c.obj</name>
      </input_file>
      <input_file id="fl-d9">
         <path>/Applications/ti/ccs1040/ccs/tools/compiler/ti-cgt-arm_20.2.5.LTS/lib/</path>
         <kind>archive</kind>
         <file>rtsv7M4_T_le_v4SPD16_eabi.lib</file>
         <name>s_floor.c.obj</name>
      </input_file>
      <input_file id="fl-da">
         <path>/Applications/ti/ccs1040/ccs/tools/compiler/ti-cgt-arm_20.2.5.LTS/lib/</path>
         <kind>archive</kind>
         <file>rtsv7M4_T_le_v4SPD16_eabi.lib</file>
         <name>s_frexp.c.obj</name>
      </input_file>
      <input_file id="fl-db">
         <path>/Applications/ti/ccs1040/ccs/tools/compiler/ti-cgt-arm_20.2.5.LTS/lib/</path>
         <kind>archive</kind>
         <file>rtsv7M4_T_le_v4SPD16_eabi.lib</file>
         <name>s_scalbn.c.obj</name>
      </input_file>
      <input_file id="fl-dc">
         <path>/Applications/ti/ccs1040/ccs/tools/compiler/ti-cgt-arm_20.2.5.LTS/lib/</path>
         <kind>archive</kind>
         <file>rtsv7M4_T_le_v4SPD16_eabi.lib</file>
         <name>wcslen.c.obj</name>
      </input_file>
      <input_file id="fl-dd">
         <path>/Applications/ti/ccs1040/ccs/tools/compiler/ti-cgt-arm_20.2.5.LTS/lib/</path>
         <kind>archive</kind>
         <file>rtsv7M4_T_le_v4SPD16_eabi.lib</file>
         <name>ull_div_t2.asm.obj</name>
      </input_file>
      <input_file id="fl-de">
         <path>/Applications/ti/ccs1040/ccs/tools/compiler/ti-cgt-arm_20.2.5.LTS/lib/</path>
         <kind>archive</kind>
         <file>rtsv7M4_T_le_v4SPD16_eabi.lib</file>
         <name>memset_t2.asm.obj</name>
      </input_file>
      <input_file id="fl-df">
         <path>/Applications/ti/ccs1040/ccs/tools/compiler/ti-cgt-arm_20.2.5.LTS/lib/</path>
         <kind>archive</kind>
         <file>rtsv7M4_T_le_v4SPD16_eabi.lib</file>
         <name>autoinit.c.obj</name>
      </input_file>
      <input_file id="fl-e0">
         <path>/Applications/ti/ccs1040/ccs/tools/compiler/ti-cgt-arm_20.2.5.LTS/lib/</path>
         <kind>archive</kind>
         <file>rtsv7M4_T_le_v4SPD16_eabi.lib</file>
         <name>pre_init.c.obj</name>
      </input_file>
      <input_file id="fl-e1">
         <path>/Applications/ti/ccs1040/ccs/tools/compiler/ti-cgt-arm_20.2.5.LTS/lib/</path>
         <kind>archive</kind>
         <file>rtsv7M4_T_le_v4SPD16_eabi.lib</file>
         <name>cpy_tbl.c.obj</name>
      </input_file>
      <input_file id="fl-e2">
         <path>/Applications/ti/ccs1040/ccs/tools/compiler/ti-cgt-arm_20.2.5.LTS/lib/</path>
         <kind>archive</kind>
         <file>rtsv7M4_T_le_v4SPD16_eabi.lib</file>
         <name>exit.c.obj</name>
      </input_file>
      <input_file id="fl-e3">
         <path>/Applications/ti/ccs1040/ccs/tools/compiler/ti-cgt-arm_20.2.5.LTS/lib/</path>
         <kind>archive</kind>
         <file>rtsv7M4_T_le_v4SPD16_eabi.lib</file>
         <name>_lock.c.obj</name>
      </input_file>
      <input_file id="fl-e4">
         <path>/Applications/ti/ccs1040/ccs/tools/compiler/ti-cgt-arm_20.2.5.LTS/lib/</path>
         <kind>archive</kind>
         <file>rtsv7M4_T_le_v4SPD16_eabi.lib</file>
         <name>_ltoa.c.obj</name>
      </input_file>
      <input_file id="fl-e5">
         <path>/Applications/ti/ccs1040/ccs/tools/compiler/ti-cgt-arm_20.2.5.LTS/lib/</path>
         <kind>archive</kind>
         <file>rtsv7M4_T_le_v4SPD16_eabi.lib</file>
         <name>args_main.c.obj</name>
      </input_file>
      <input_file id="fl-e6">
         <path>/Applications/ti/ccs1040/ccs/tools/compiler/ti-cgt-arm_20.2.5.LTS/lib/</path>
         <kind>archive</kind>
         <file>rtsv7M4_T_le_v4SPD16_eabi.lib</file>
         <name>atoi.c.obj</name>
      </input_file>
      <input_file id="fl-e7">
         <path>/Applications/ti/ccs1040/ccs/tools/compiler/ti-cgt-arm_20.2.5.LTS/lib/</path>
         <kind>archive</kind>
         <file>rtsv7M4_T_le_v4SPD16_eabi.lib</file>
         <name>ctype.c.obj</name>
      </input_file>
      <input_file id="fl-e8">
         <path>/Applications/ti/ccs1040/ccs/tools/compiler/ti-cgt-arm_20.2.5.LTS/lib/</path>
         <kind>archive</kind>
         <file>rtsv7M4_T_le_v4SPD16_eabi.lib</file>
         <name>memccpy.c.obj</name>
      </input_file>
      <input_file id="fl-e9">
         <path>/Applications/ti/ccs1040/ccs/tools/compiler/ti-cgt-arm_20.2.5.LTS/lib/</path>
         <kind>archive</kind>
         <file>rtsv7M4_T_le_v4SPD16_eabi.lib</file>
         <name>strchr.c.obj</name>
      </input_file>
      <input_file id="fl-ea">
         <path>/Applications/ti/ccs1040/ccs/tools/compiler/ti-cgt-arm_20.2.5.LTS/lib/</path>
         <kind>archive</kind>
         <file>rtsv7M4_T_le_v4SPD16_eabi.lib</file>
         <name>strlen.c.obj</name>
      </input_file>
      <input_file id="fl-eb">
         <path>/Applications/ti/ccs1040/ccs/tools/compiler/ti-cgt-arm_20.2.5.LTS/lib/</path>
         <kind>archive</kind>
         <file>rtsv7M4_T_le_v4SPD16_eabi.lib</file>
         <name>errno.c.obj</name>
      </input_file>
      <input_file id="fl-ec">
         <path>/Applications/ti/ccs1040/ccs/tools/compiler/ti-cgt-arm_20.2.5.LTS/lib/</path>
         <kind>archive</kind>
         <file>rtsv7M4_T_le_v4SPD16_eabi.lib</file>
         <name>s_copysign.c.obj</name>
      </input_file>
      <input_file id="fl-ed">
         <path>/Applications/ti/ccs1040/ccs/tools/compiler/ti-cgt-arm_20.2.5.LTS/lib/</path>
         <kind>archive</kind>
         <file>rtsv7M4_T_le_v4SPD16_eabi.lib</file>
         <name>div0.asm.obj</name>
      </input_file>
   </input_file_list>
   <object_component_list>
      <object_component id="oc-12">
         <name>.intvecs</name>
         <load_address>0x0</load_address>
         <run_address>0x0</run_address>
         <size>0x26c</size>
         <input_file_ref idref="fl-9"/>
      </object_component>
      <object_component id="oc-145">
         <name>.text:__TI_printfi</name>
         <load_address>0x270</load_address>
         <run_address>0x270</run_address>
         <size>0xa4e</size>
         <input_file_ref idref="fl-d6"/>
      </object_component>
      <object_component id="oc-2f1">
         <name>.text</name>
         <load_address>0xcbe</load_address>
         <run_address>0xcbe</run_address>
         <size>0x2</size>
         <input_file_ref idref="fl-ed"/>
      </object_component>
      <object_component id="oc-80">
         <name>.text</name>
         <load_address>0xcc0</load_address>
         <run_address>0xcc0</run_address>
         <size>0x9ac</size>
         <input_file_ref idref="fl-5"/>
      </object_component>
      <object_component id="oc-12e">
         <name>.text:__kernel_rem_pio2</name>
         <load_address>0x166c</load_address>
         <run_address>0x166c</run_address>
         <size>0x738</size>
         <input_file_ref idref="fl-d4"/>
      </object_component>
      <object_component id="oc-8b">
         <name>.text:sin</name>
         <load_address>0x1da4</load_address>
         <run_address>0x1da4</run_address>
         <size>0x5e0</size>
         <input_file_ref idref="fl-c6"/>
      </object_component>
      <object_component id="oc-102">
         <name>.text:_system_pre_init</name>
         <load_address>0x2384</load_address>
         <run_address>0x2384</run_address>
         <size>0x4</size>
         <input_file_ref idref="fl-e0"/>
      </object_component>
      <object_component id="oc-2d">
         <name>.text</name>
         <load_address>0x2388</load_address>
         <run_address>0x2388</run_address>
         <size>0x5b0</size>
         <input_file_ref idref="fl-1"/>
      </object_component>
      <object_component id="oc-209">
         <name>.text:_pconv_a</name>
         <load_address>0x2938</load_address>
         <run_address>0x2938</run_address>
         <size>0x270</size>
         <input_file_ref idref="fl-d6"/>
      </object_component>
      <object_component id="oc-ab">
         <name>.text</name>
         <load_address>0x2ba8</load_address>
         <run_address>0x2ba8</run_address>
         <size>0x1e8</size>
         <input_file_ref idref="fl-a"/>
      </object_component>
      <object_component id="oc-1f7">
         <name>.text:_pconv_g</name>
         <load_address>0x2d90</load_address>
         <run_address>0x2d90</run_address>
         <size>0x1d0</size>
         <input_file_ref idref="fl-d6"/>
      </object_component>
      <object_component id="oc-7a">
         <name>.text</name>
         <load_address>0x2f60</load_address>
         <run_address>0x2f60</run_address>
         <size>0x1c4</size>
         <input_file_ref idref="fl-8"/>
      </object_component>
      <object_component id="oc-96">
         <name>.text</name>
         <load_address>0x3124</load_address>
         <run_address>0x3124</run_address>
         <size>0x1b6</size>
         <input_file_ref idref="fl-c7"/>
      </object_component>
      <object_component id="oc-11e">
         <name>.text:__kernel_sin</name>
         <load_address>0x32dc</load_address>
         <run_address>0x32dc</run_address>
         <size>0x174</size>
         <input_file_ref idref="fl-d8"/>
      </object_component>
      <object_component id="oc-c4">
         <name>.text</name>
         <load_address>0x3450</load_address>
         <run_address>0x3450</run_address>
         <size>0x174</size>
         <input_file_ref idref="fl-2"/>
      </object_component>
      <object_component id="oc-181">
         <name>.text:abort:abort</name>
         <load_address>0x35c4</load_address>
         <run_address>0x35c4</run_address>
         <size>0x4</size>
         <input_file_ref idref="fl-e2"/>
      </object_component>
      <object_component id="oc-ca">
         <name>.text</name>
         <load_address>0x35c8</load_address>
         <run_address>0x35c8</run_address>
         <size>0x174</size>
         <input_file_ref idref="fl-3"/>
      </object_component>
      <object_component id="oc-134">
         <name>.text:__kernel_cos</name>
         <load_address>0x373c</load_address>
         <run_address>0x373c</run_address>
         <size>0x170</size>
         <input_file_ref idref="fl-d7"/>
      </object_component>
      <object_component id="oc-203">
         <name>.text:_pconv_e</name>
         <load_address>0x38ac</load_address>
         <run_address>0x38ac</run_address>
         <size>0x13c</size>
         <input_file_ref idref="fl-d6"/>
      </object_component>
      <object_component id="oc-b1">
         <name>.text</name>
         <load_address>0x39e8</load_address>
         <run_address>0x39e8</run_address>
         <size>0x136</size>
         <input_file_ref idref="fl-c9"/>
      </object_component>
      <object_component id="oc-28a">
         <name>.text:fcvt</name>
         <load_address>0x3b20</load_address>
         <run_address>0x3b20</run_address>
         <size>0x124</size>
         <input_file_ref idref="fl-d6"/>
      </object_component>
      <object_component id="oc-1c5">
         <name>.text:scalbn</name>
         <load_address>0x3c44</load_address>
         <run_address>0x3c44</run_address>
         <size>0x110</size>
         <input_file_ref idref="fl-db"/>
      </object_component>
      <object_component id="oc-91">
         <name>.text</name>
         <load_address>0x3d54</load_address>
         <run_address>0x3d54</run_address>
         <size>0xfc</size>
         <input_file_ref idref="fl-ca"/>
      </object_component>
      <object_component id="oc-1cb">
         <name>.text:floor</name>
         <load_address>0x3e50</load_address>
         <run_address>0x3e50</run_address>
         <size>0xf8</size>
         <input_file_ref idref="fl-d9"/>
      </object_component>
      <object_component id="oc-1f1">
         <name>.text:_ltostr</name>
         <load_address>0x3f48</load_address>
         <run_address>0x3f48</run_address>
         <size>0xb1</size>
         <input_file_ref idref="fl-d6"/>
      </object_component>
      <object_component id="oc-41">
         <name>.text</name>
         <load_address>0x3ffa</load_address>
         <run_address>0x3ffa</run_address>
         <size>0x9c</size>
         <input_file_ref idref="fl-cf"/>
      </object_component>
      <object_component id="oc-271">
         <name>.text</name>
         <load_address>0x4096</load_address>
         <run_address>0x4096</run_address>
         <size>0x96</size>
         <input_file_ref idref="fl-dd"/>
      </object_component>
      <object_component id="oc-129">
         <name>.text:__aeabi_cdcmple</name>
         <load_address>0x412c</load_address>
         <run_address>0x412c</run_address>
         <size>0x86</size>
         <input_file_ref idref="fl-c8"/>
      </object_component>
      <object_component id="oc-bf">
         <name>.text:__aeabi_cdrcmple</name>
         <load_address>0x41b2</load_address>
         <run_address>0x41b2</run_address>
         <size>0x86</size>
         <input_file_ref idref="fl-c8"/>
      </object_component>
      <object_component id="oc-fc">
         <name>.text</name>
         <load_address>0x4238</load_address>
         <run_address>0x4238</run_address>
         <size>0x7a</size>
         <input_file_ref idref="fl-de"/>
      </object_component>
      <object_component id="oc-283">
         <name>.text:_mcpy</name>
         <load_address>0x42b2</load_address>
         <run_address>0x42b2</run_address>
         <size>0x6e</size>
         <input_file_ref idref="fl-d6"/>
      </object_component>
      <object_component id="oc-9b">
         <name>.text</name>
         <load_address>0x4320</load_address>
         <run_address>0x4320</run_address>
         <size>0x6e</size>
         <input_file_ref idref="fl-cc"/>
      </object_component>
      <object_component id="oc-15">
         <name>.text:decompress:lzss:__TI_decompress_lzss</name>
         <load_address>0x438e</load_address>
         <run_address>0x438e</run_address>
         <size>0x68</size>
         <input_file_ref idref="fl-d3"/>
      </object_component>
      <object_component id="oc-298">
         <name>.text:frexp</name>
         <load_address>0x43f8</load_address>
         <run_address>0x43f8</run_address>
         <size>0x64</size>
         <input_file_ref idref="fl-da"/>
      </object_component>
      <object_component id="oc-1fd">
         <name>.text:_pconv_f</name>
         <load_address>0x445c</load_address>
         <run_address>0x445c</run_address>
         <size>0x56</size>
         <input_file_ref idref="fl-d6"/>
      </object_component>
      <object_component id="oc-277">
         <name>.text:__TI_ltoa</name>
         <load_address>0x44b2</load_address>
         <run_address>0x44b2</run_address>
         <size>0x54</size>
         <input_file_ref idref="fl-e4"/>
      </object_component>
      <object_component id="oc-27d">
         <name>.text:_ecpy</name>
         <load_address>0x4506</load_address>
         <run_address>0x4506</run_address>
         <size>0x52</size>
         <input_file_ref idref="fl-d6"/>
      </object_component>
      <object_component id="oc-1eb">
         <name>.text:atoi</name>
         <load_address>0x4558</load_address>
         <run_address>0x4558</run_address>
         <size>0x4c</size>
         <input_file_ref idref="fl-e6"/>
      </object_component>
      <object_component id="oc-b6">
         <name>.text</name>
         <load_address>0x45a4</load_address>
         <run_address>0x45a4</run_address>
         <size>0x48</size>
         <input_file_ref idref="fl-cb"/>
      </object_component>
      <object_component id="oc-18d">
         <name>.text:__TI_auto_init_nobinit_nopinit:__TI_auto_init_nobinit_nopinit</name>
         <load_address>0x45ec</load_address>
         <run_address>0x45ec</run_address>
         <size>0x44</size>
         <input_file_ref idref="fl-df"/>
      </object_component>
      <object_component id="oc-a5">
         <name>.text:sprintf</name>
         <load_address>0x4630</load_address>
         <run_address>0x4630</run_address>
         <size>0x40</size>
         <input_file_ref idref="fl-c5"/>
      </object_component>
      <object_component id="oc-290">
         <name>.text:_fcpy</name>
         <load_address>0x4670</load_address>
         <run_address>0x4670</run_address>
         <size>0x3e</size>
         <input_file_ref idref="fl-d6"/>
      </object_component>
      <object_component id="oc-a0">
         <name>.text</name>
         <load_address>0x46ae</load_address>
         <run_address>0x46ae</run_address>
         <size>0x38</size>
         <input_file_ref idref="fl-cd"/>
      </object_component>
      <object_component id="oc-5f">
         <name>.text:_c_int00_noargs:_c_int00_noargs</name>
         <load_address>0x46e8</load_address>
         <run_address>0x46e8</run_address>
         <size>0x34</size>
         <input_file_ref idref="fl-d5"/>
      </object_component>
      <object_component id="oc-124">
         <name>.text</name>
         <load_address>0x471c</load_address>
         <run_address>0x471c</run_address>
         <size>0x2e</size>
         <input_file_ref idref="fl-ce"/>
      </object_component>
      <object_component id="oc-86">
         <name>.text</name>
         <load_address>0x474a</load_address>
         <run_address>0x474a</run_address>
         <size>0x20</size>
         <input_file_ref idref="fl-d0"/>
      </object_component>
      <object_component id="oc-20f">
         <name>.text:memccpy</name>
         <load_address>0x476a</load_address>
         <run_address>0x476a</run_address>
         <size>0x1c</size>
         <input_file_ref idref="fl-e8"/>
      </object_component>
      <object_component id="oc-255">
         <name>.text:copysign</name>
         <load_address>0x4786</load_address>
         <run_address>0x4786</run_address>
         <size>0x1a</size>
         <input_file_ref idref="fl-ec"/>
      </object_component>
      <object_component id="oc-27">
         <name>.text</name>
         <load_address>0x47a0</load_address>
         <run_address>0x47a0</run_address>
         <size>0x1a</size>
         <input_file_ref idref="fl-9"/>
      </object_component>
      <object_component id="oc-14b">
         <name>.text:_outs</name>
         <load_address>0x47ba</load_address>
         <run_address>0x47ba</run_address>
         <size>0x18</size>
         <input_file_ref idref="fl-c5"/>
      </object_component>
      <object_component id="oc-29e">
         <name>.text:strchr</name>
         <load_address>0x47d2</load_address>
         <run_address>0x47d2</run_address>
         <size>0x16</size>
         <input_file_ref idref="fl-e9"/>
      </object_component>
      <object_component id="oc-74">
         <name>.text</name>
         <load_address>0x47e8</load_address>
         <run_address>0x47e8</run_address>
         <size>0x14</size>
         <input_file_ref idref="fl-4"/>
      </object_component>
      <object_component id="oc-1e5">
         <name>.text:strlen</name>
         <load_address>0x47fc</load_address>
         <run_address>0x47fc</run_address>
         <size>0x14</size>
         <input_file_ref idref="fl-ea"/>
      </object_component>
      <object_component id="oc-215">
         <name>.text:wcslen</name>
         <load_address>0x4810</load_address>
         <run_address>0x4810</run_address>
         <size>0x12</size>
         <input_file_ref idref="fl-dc"/>
      </object_component>
      <object_component id="oc-1b">
         <name>.text:decompress:none:__TI_decompress_none</name>
         <load_address>0x4822</load_address>
         <run_address>0x4822</run_address>
         <size>0xe</size>
         <input_file_ref idref="fl-d2"/>
      </object_component>
      <object_component id="oc-53">
         <name>.text:decompress:ZI:__TI_zero_init</name>
         <load_address>0x4830</load_address>
         <run_address>0x4830</run_address>
         <size>0xc</size>
         <input_file_ref idref="fl-d1"/>
      </object_component>
      <object_component id="oc-151">
         <name>.text:_outc</name>
         <load_address>0x483c</load_address>
         <run_address>0x483c</run_address>
         <size>0xa</size>
         <input_file_ref idref="fl-c5"/>
      </object_component>
      <object_component id="oc-21b">
         <name>.text:__aeabi_errno_addr</name>
         <load_address>0x4848</load_address>
         <run_address>0x4848</run_address>
         <size>0x8</size>
         <input_file_ref idref="fl-eb"/>
      </object_component>
      <object_component id="oc-1d1">
         <name>.const:$O1$$</name>
         <load_address>0x4850</load_address>
         <run_address>0x4850</run_address>
         <size>0x158</size>
         <input_file_ref idref="fl-d4"/>
      </object_component>
      <object_component id="oc-26c">
         <name>.const:.string:_ctypes_</name>
         <load_address>0x49a8</load_address>
         <run_address>0x49a8</run_address>
         <size>0x101</size>
         <input_file_ref idref="fl-e7"/>
      </object_component>
      <object_component id="oc-354">
         <name>__TI_handler_table</name>
         <load_address>0x4ab0</load_address>
         <run_address>0x4ab0</run_address>
         <size>0xc</size>
      </object_component>
      <object_component id="oc-357">
         <name>.cinit..bss.load</name>
         <load_address>0x4ac0</load_address>
         <run_address>0x4ac0</run_address>
         <size>0x8</size>
      </object_component>
      <object_component id="oc-356">
         <name>.cinit..data.load</name>
         <load_address>0x4ac8</load_address>
         <run_address>0x4ac8</run_address>
         <size>0x7</size>
      </object_component>
      <object_component id="oc-355">
         <name>__TI_cinit_table</name>
         <load_address>0x4ad0</load_address>
         <run_address>0x4ad0</run_address>
         <size>0x10</size>
      </object_component>
      <object_component id="oc-2ae">
         <name>.data</name>
         <load_address>0x20004800</load_address>
         <run_address>0x20004800</run_address>
         <size>0x4</size>
         <input_file_ref idref="fl-eb"/>
      </object_component>
      <object_component id="oc-bb">
         <name>.common:LUT_DATA_A</name>
         <uninitialized>true</uninitialized>
         <run_address>0x20000000</run_address>
         <size>0x2000</size>
      </object_component>
      <object_component id="oc-be">
         <name>.common:LUT_DATA_B</name>
         <uninitialized>true</uninitialized>
         <run_address>0x20002000</run_address>
         <size>0x2000</size>
      </object_component>
      <object_component id="oc-24">
         <name>.stack</name>
         <uninitialized>true</uninitialized>
         <run_address>0x20004000</run_address>
         <size>0x4</size>
         <input_file_ref idref="fl-d5"/>
      </object_component>
      <object_component id="oc-359">
         <name>.stack</name>
         <uninitialized>true</uninitialized>
         <run_address>0x20004000</run_address>
         <size>0x0</size>
      </object_component>
      <object_component id="oc-bc">
         <name>.debug_info</name>
         <load_address>0x0</load_address>
         <run_address>0x0</run_address>
         <size>0x74d</size>
         <input_file_ref idref="fl-1"/>
      </object_component>
      <object_component id="oc-2e">
         <name>.debug_info</name>
         <load_address>0x74d</load_address>
         <run_address>0x74d</run_address>
         <size>0xc48</size>
         <input_file_ref idref="fl-1"/>
      </object_component>
      <object_component id="oc-e2">
         <name>.debug_info</name>
         <load_address>0x1395</load_address>
         <run_address>0x1395</run_address>
         <size>0x26b</size>
         <input_file_ref idref="fl-1"/>
      </object_component>
      <object_component id="oc-db">
         <name>.debug_info</name>
         <load_address>0x1600</load_address>
         <run_address>0x1600</run_address>
         <size>0x4c</size>
         <input_file_ref idref="fl-1"/>
      </object_component>
      <object_component id="oc-117">
         <name>.debug_info</name>
         <load_address>0x164c</load_address>
         <run_address>0x164c</run_address>
         <size>0x88</size>
         <input_file_ref idref="fl-1"/>
      </object_component>
      <object_component id="oc-d1">
         <name>.debug_info</name>
         <load_address>0x16d4</load_address>
         <run_address>0x16d4</run_address>
         <size>0x8b</size>
         <input_file_ref idref="fl-1"/>
      </object_component>
      <object_component id="oc-16c">
         <name>.debug_info</name>
         <load_address>0x175f</load_address>
         <run_address>0x175f</run_address>
         <size>0x2a4</size>
         <input_file_ref idref="fl-1"/>
      </object_component>
      <object_component id="oc-d6">
         <name>.debug_info</name>
         <load_address>0x1a03</load_address>
         <run_address>0x1a03</run_address>
         <size>0xbb</size>
         <input_file_ref idref="fl-1"/>
      </object_component>
      <object_component id="oc-159">
         <name>.debug_info</name>
         <load_address>0x1abe</load_address>
         <run_address>0x1abe</run_address>
         <size>0x2c</size>
         <input_file_ref idref="fl-1"/>
      </object_component>
      <object_component id="oc-164">
         <name>.debug_info</name>
         <load_address>0x1aea</load_address>
         <run_address>0x1aea</run_address>
         <size>0x35</size>
         <input_file_ref idref="fl-1"/>
      </object_component>
      <object_component id="oc-c5">
         <name>.debug_info</name>
         <load_address>0x1b1f</load_address>
         <run_address>0x1b1f</run_address>
         <size>0x2a8</size>
         <input_file_ref idref="fl-2"/>
      </object_component>
      <object_component id="oc-3c">
         <name>.debug_info</name>
         <load_address>0x1dc7</load_address>
         <run_address>0x1dc7</run_address>
         <size>0x84</size>
         <input_file_ref idref="fl-2"/>
      </object_component>
      <object_component id="oc-cb">
         <name>.debug_info</name>
         <load_address>0x1e4b</load_address>
         <run_address>0x1e4b</run_address>
         <size>0x2a8</size>
         <input_file_ref idref="fl-3"/>
      </object_component>
      <object_component id="oc-75">
         <name>.debug_info</name>
         <load_address>0x20f3</load_address>
         <run_address>0x20f3</run_address>
         <size>0x146</size>
         <input_file_ref idref="fl-4"/>
      </object_component>
      <object_component id="oc-11c">
         <name>.debug_info</name>
         <load_address>0x2239</load_address>
         <run_address>0x2239</run_address>
         <size>0x28e</size>
         <input_file_ref idref="fl-5"/>
      </object_component>
      <object_component id="oc-81">
         <name>.debug_info</name>
         <load_address>0x24c7</load_address>
         <run_address>0x24c7</run_address>
         <size>0x1073</size>
         <input_file_ref idref="fl-5"/>
      </object_component>
      <object_component id="oc-7b">
         <name>.debug_info</name>
         <load_address>0x353a</load_address>
         <run_address>0x353a</run_address>
         <size>0x44c</size>
         <input_file_ref idref="fl-8"/>
      </object_component>
      <object_component id="oc-35">
         <name>.debug_info</name>
         <load_address>0x3986</load_address>
         <run_address>0x3986</run_address>
         <size>0x2f4</size>
         <input_file_ref idref="fl-9"/>
      </object_component>
      <object_component id="oc-13">
         <name>.debug_info</name>
         <load_address>0x3c7a</load_address>
         <run_address>0x3c7a</run_address>
         <size>0x119</size>
         <input_file_ref idref="fl-9"/>
      </object_component>
      <object_component id="oc-28">
         <name>.debug_info</name>
         <load_address>0x3d93</load_address>
         <run_address>0x3d93</run_address>
         <size>0x295</size>
         <input_file_ref idref="fl-9"/>
      </object_component>
      <object_component id="oc-15f">
         <name>.debug_info</name>
         <load_address>0x4028</load_address>
         <run_address>0x4028</run_address>
         <size>0x28f</size>
         <input_file_ref idref="fl-a"/>
      </object_component>
      <object_component id="oc-ac">
         <name>.debug_info</name>
         <load_address>0x42b7</load_address>
         <run_address>0x42b7</run_address>
         <size>0x377</size>
         <input_file_ref idref="fl-a"/>
      </object_component>
      <object_component id="oc-158">
         <name>.debug_info</name>
         <load_address>0x462e</load_address>
         <run_address>0x462e</run_address>
         <size>0x333</size>
         <input_file_ref idref="fl-c5"/>
      </object_component>
      <object_component id="oc-a6">
         <name>.debug_info</name>
         <load_address>0x4961</load_address>
         <run_address>0x4961</run_address>
         <size>0x1d1</size>
         <input_file_ref idref="fl-c5"/>
      </object_component>
      <object_component id="oc-14c">
         <name>.debug_info</name>
         <load_address>0x4b32</load_address>
         <run_address>0x4b32</run_address>
         <size>0x18d</size>
         <input_file_ref idref="fl-c5"/>
      </object_component>
      <object_component id="oc-152">
         <name>.debug_info</name>
         <load_address>0x4cbf</load_address>
         <run_address>0x4cbf</run_address>
         <size>0x16d</size>
         <input_file_ref idref="fl-c5"/>
      </object_component>
      <object_component id="oc-2b5">
         <name>.debug_info</name>
         <load_address>0x4e2c</load_address>
         <run_address>0x4e2c</run_address>
         <size>0x2c</size>
         <input_file_ref idref="fl-c5"/>
      </object_component>
      <object_component id="oc-13b">
         <name>.debug_info</name>
         <load_address>0x4e58</load_address>
         <run_address>0x4e58</run_address>
         <size>0x361</size>
         <input_file_ref idref="fl-c6"/>
      </object_component>
      <object_component id="oc-8c">
         <name>.debug_info</name>
         <load_address>0x51b9</load_address>
         <run_address>0x51b9</run_address>
         <size>0x7ae</size>
         <input_file_ref idref="fl-c6"/>
      </object_component>
      <object_component id="oc-1e0">
         <name>.debug_info</name>
         <load_address>0x5967</load_address>
         <run_address>0x5967</run_address>
         <size>0x46</size>
         <input_file_ref idref="fl-c6"/>
      </object_component>
      <object_component id="oc-13c">
         <name>.debug_info</name>
         <load_address>0x59ad</load_address>
         <run_address>0x59ad</run_address>
         <size>0x39</size>
         <input_file_ref idref="fl-c6"/>
      </object_component>
      <object_component id="oc-97">
         <name>.debug_info</name>
         <load_address>0x59e6</load_address>
         <run_address>0x59e6</run_address>
         <size>0x14c</size>
         <input_file_ref idref="fl-c7"/>
      </object_component>
      <object_component id="oc-12a">
         <name>.debug_info</name>
         <load_address>0x5b32</load_address>
         <run_address>0x5b32</run_address>
         <size>0x128</size>
         <input_file_ref idref="fl-c8"/>
      </object_component>
      <object_component id="oc-c0">
         <name>.debug_info</name>
         <load_address>0x5c5a</load_address>
         <run_address>0x5c5a</run_address>
         <size>0x12a</size>
         <input_file_ref idref="fl-c8"/>
      </object_component>
      <object_component id="oc-b2">
         <name>.debug_info</name>
         <load_address>0x5d84</load_address>
         <run_address>0x5d84</run_address>
         <size>0x13a</size>
         <input_file_ref idref="fl-c9"/>
      </object_component>
      <object_component id="oc-92">
         <name>.debug_info</name>
         <load_address>0x5ebe</load_address>
         <run_address>0x5ebe</run_address>
         <size>0x13a</size>
         <input_file_ref idref="fl-ca"/>
      </object_component>
      <object_component id="oc-b7">
         <name>.debug_info</name>
         <load_address>0x5ff8</load_address>
         <run_address>0x5ff8</run_address>
         <size>0x12e</size>
         <input_file_ref idref="fl-cb"/>
      </object_component>
      <object_component id="oc-9c">
         <name>.debug_info</name>
         <load_address>0x6126</load_address>
         <run_address>0x6126</run_address>
         <size>0x13e</size>
         <input_file_ref idref="fl-cc"/>
      </object_component>
      <object_component id="oc-a1">
         <name>.debug_info</name>
         <load_address>0x6264</load_address>
         <run_address>0x6264</run_address>
         <size>0x12c</size>
         <input_file_ref idref="fl-cd"/>
      </object_component>
      <object_component id="oc-125">
         <name>.debug_info</name>
         <load_address>0x6390</load_address>
         <run_address>0x6390</run_address>
         <size>0x12c</size>
         <input_file_ref idref="fl-ce"/>
      </object_component>
      <object_component id="oc-42">
         <name>.debug_info</name>
         <load_address>0x64bc</load_address>
         <run_address>0x64bc</run_address>
         <size>0x119</size>
         <input_file_ref idref="fl-cf"/>
      </object_component>
      <object_component id="oc-87">
         <name>.debug_info</name>
         <load_address>0x65d5</load_address>
         <run_address>0x65d5</run_address>
         <size>0x12e</size>
         <input_file_ref idref="fl-d0"/>
      </object_component>
      <object_component id="oc-fb">
         <name>.debug_info</name>
         <load_address>0x6703</load_address>
         <run_address>0x6703</run_address>
         <size>0x2d4</size>
         <input_file_ref idref="fl-d1"/>
      </object_component>
      <object_component id="oc-54">
         <name>.debug_info</name>
         <load_address>0x69d7</load_address>
         <run_address>0x69d7</run_address>
         <size>0x1b5</size>
         <input_file_ref idref="fl-d1"/>
      </object_component>
      <object_component id="oc-f6">
         <name>.debug_info</name>
         <load_address>0x6b8c</load_address>
         <run_address>0x6b8c</run_address>
         <size>0x46</size>
         <input_file_ref idref="fl-d1"/>
      </object_component>
      <object_component id="oc-178">
         <name>.debug_info</name>
         <load_address>0x6bd2</load_address>
         <run_address>0x6bd2</run_address>
         <size>0x2c</size>
         <input_file_ref idref="fl-d1"/>
      </object_component>
      <object_component id="oc-4c">
         <name>.debug_info</name>
         <load_address>0x6bfe</load_address>
         <run_address>0x6bfe</run_address>
         <size>0x2a8</size>
         <input_file_ref idref="fl-d2"/>
      </object_component>
      <object_component id="oc-1c">
         <name>.debug_info</name>
         <load_address>0x6ea6</load_address>
         <run_address>0x6ea6</run_address>
         <size>0x1ea</size>
         <input_file_ref idref="fl-d2"/>
      </object_component>
      <object_component id="oc-47">
         <name>.debug_info</name>
         <load_address>0x7090</load_address>
         <run_address>0x7090</run_address>
         <size>0x46</size>
         <input_file_ref idref="fl-d2"/>
      </object_component>
      <object_component id="oc-ee">
         <name>.debug_info</name>
         <load_address>0x70d6</load_address>
         <run_address>0x70d6</run_address>
         <size>0x2c</size>
         <input_file_ref idref="fl-d2"/>
      </object_component>
      <object_component id="oc-ec">
         <name>.debug_info</name>
         <load_address>0x7102</load_address>
         <run_address>0x7102</run_address>
         <size>0x29e</size>
         <input_file_ref idref="fl-d3"/>
      </object_component>
      <object_component id="oc-16">
         <name>.debug_info</name>
         <load_address>0x73a0</load_address>
         <run_address>0x73a0</run_address>
         <size>0x250</size>
         <input_file_ref idref="fl-d3"/>
      </object_component>
      <object_component id="oc-37">
         <name>.debug_info</name>
         <load_address>0x75f0</load_address>
         <run_address>0x75f0</run_address>
         <size>0x60</size>
         <input_file_ref idref="fl-d3"/>
      </object_component>
      <object_component id="oc-171">
         <name>.debug_info</name>
         <load_address>0x7650</load_address>
         <run_address>0x7650</run_address>
         <size>0x46</size>
         <input_file_ref idref="fl-d3"/>
      </object_component>
      <object_component id="oc-e7">
         <name>.debug_info</name>
         <load_address>0x7696</load_address>
         <run_address>0x7696</run_address>
         <size>0x39</size>
         <input_file_ref idref="fl-d3"/>
      </object_component>
      <object_component id="oc-1d5">
         <name>.debug_info</name>
         <load_address>0x76cf</load_address>
         <run_address>0x76cf</run_address>
         <size>0x3aa</size>
         <input_file_ref idref="fl-d4"/>
      </object_component>
      <object_component id="oc-1d2">
         <name>.debug_info</name>
         <load_address>0x7a79</load_address>
         <run_address>0x7a79</run_address>
         <size>0x13a</size>
         <input_file_ref idref="fl-d4"/>
      </object_component>
      <object_component id="oc-12f">
         <name>.debug_info</name>
         <load_address>0x7bb3</load_address>
         <run_address>0x7bb3</run_address>
         <size>0x72f</size>
         <input_file_ref idref="fl-d4"/>
      </object_component>
      <object_component id="oc-263">
         <name>.debug_info</name>
         <load_address>0x82e2</load_address>
         <run_address>0x82e2</run_address>
         <size>0x39</size>
         <input_file_ref idref="fl-d4"/>
      </object_component>
      <object_component id="oc-1d7">
         <name>.debug_info</name>
         <load_address>0x831b</load_address>
         <run_address>0x831b</run_address>
         <size>0x2c</size>
         <input_file_ref idref="fl-d4"/>
      </object_component>
      <object_component id="oc-25">
         <name>.debug_info</name>
         <load_address>0x8347</load_address>
         <run_address>0x8347</run_address>
         <size>0x10b</size>
         <input_file_ref idref="fl-d5"/>
      </object_component>
      <object_component id="oc-60">
         <name>.debug_info</name>
         <load_address>0x8452</load_address>
         <run_address>0x8452</run_address>
         <size>0x1a9</size>
         <input_file_ref idref="fl-d5"/>
      </object_component>
      <object_component id="oc-222">
         <name>.debug_info</name>
         <load_address>0x85fb</load_address>
         <run_address>0x85fb</run_address>
         <size>0x590</size>
         <input_file_ref idref="fl-d6"/>
      </object_component>
      <object_component id="oc-1f3">
         <name>.debug_info</name>
         <load_address>0x8b8b</load_address>
         <run_address>0x8b8b</run_address>
         <size>0x21e</size>
         <input_file_ref idref="fl-d6"/>
      </object_component>
      <object_component id="oc-27f">
         <name>.debug_info</name>
         <load_address>0x8da9</load_address>
         <run_address>0x8da9</run_address>
         <size>0x1b3</size>
         <input_file_ref idref="fl-d6"/>
      </object_component>
      <object_component id="oc-285">
         <name>.debug_info</name>
         <load_address>0x8f5c</load_address>
         <run_address>0x8f5c</run_address>
         <size>0x21b</size>
         <input_file_ref idref="fl-d6"/>
      </object_component>
      <object_component id="oc-1f9">
         <name>.debug_info</name>
         <load_address>0x9177</load_address>
         <run_address>0x9177</run_address>
         <size>0x3c0</size>
         <input_file_ref idref="fl-d6"/>
      </object_component>
      <object_component id="oc-28c">
         <name>.debug_info</name>
         <load_address>0x9537</load_address>
         <run_address>0x9537</run_address>
         <size>0x30a</size>
         <input_file_ref idref="fl-d6"/>
      </object_component>
      <object_component id="oc-292">
         <name>.debug_info</name>
         <load_address>0x9841</load_address>
         <run_address>0x9841</run_address>
         <size>0x215</size>
         <input_file_ref idref="fl-d6"/>
      </object_component>
      <object_component id="oc-1ff">
         <name>.debug_info</name>
         <load_address>0x9a56</load_address>
         <run_address>0x9a56</run_address>
         <size>0x215</size>
         <input_file_ref idref="fl-d6"/>
      </object_component>
      <object_component id="oc-205">
         <name>.debug_info</name>
         <load_address>0x9c6b</load_address>
         <run_address>0x9c6b</run_address>
         <size>0x304</size>
         <input_file_ref idref="fl-d6"/>
      </object_component>
      <object_component id="oc-20b">
         <name>.debug_info</name>
         <load_address>0x9f6f</load_address>
         <run_address>0x9f6f</run_address>
         <size>0x4b5</size>
         <input_file_ref idref="fl-d6"/>
      </object_component>
      <object_component id="oc-147">
         <name>.debug_info</name>
         <load_address>0xa424</load_address>
         <run_address>0xa424</run_address>
         <size>0x5f4</size>
         <input_file_ref idref="fl-d6"/>
      </object_component>
      <object_component id="oc-223">
         <name>.debug_info</name>
         <load_address>0xaa18</load_address>
         <run_address>0xaa18</run_address>
         <size>0x86</size>
         <input_file_ref idref="fl-d6"/>
      </object_component>
      <object_component id="oc-2ba">
         <name>.debug_info</name>
         <load_address>0xaa9e</load_address>
         <run_address>0xaa9e</run_address>
         <size>0x39</size>
         <input_file_ref idref="fl-d6"/>
      </object_component>
      <object_component id="oc-30e">
         <name>.debug_info</name>
         <load_address>0xaad7</load_address>
         <run_address>0xaad7</run_address>
         <size>0xb6</size>
         <input_file_ref idref="fl-d6"/>
      </object_component>
      <object_component id="oc-2bf">
         <name>.debug_info</name>
         <load_address>0xab8d</load_address>
         <run_address>0xab8d</run_address>
         <size>0x46</size>
         <input_file_ref idref="fl-d6"/>
      </object_component>
      <object_component id="oc-228">
         <name>.debug_info</name>
         <load_address>0xabd3</load_address>
         <run_address>0xabd3</run_address>
         <size>0x46</size>
         <input_file_ref idref="fl-d6"/>
      </object_component>
      <object_component id="oc-1dd">
         <name>.debug_info</name>
         <load_address>0xac19</load_address>
         <run_address>0xac19</run_address>
         <size>0x288</size>
         <input_file_ref idref="fl-d7"/>
      </object_component>
      <object_component id="oc-138">
         <name>.debug_info</name>
         <load_address>0xaea1</load_address>
         <run_address>0xaea1</run_address>
         <size>0x327</size>
         <input_file_ref idref="fl-d7"/>
      </object_component>
      <object_component id="oc-1c2">
         <name>.debug_info</name>
         <load_address>0xb1c8</load_address>
         <run_address>0xb1c8</run_address>
         <size>0x28d</size>
         <input_file_ref idref="fl-d8"/>
      </object_component>
      <object_component id="oc-122">
         <name>.debug_info</name>
         <load_address>0xb455</load_address>
         <run_address>0xb455</run_address>
         <size>0x380</size>
         <input_file_ref idref="fl-d8"/>
      </object_component>
      <object_component id="oc-25e">
         <name>.debug_info</name>
         <load_address>0xb7d5</load_address>
         <run_address>0xb7d5</run_address>
         <size>0x28a</size>
         <input_file_ref idref="fl-d9"/>
      </object_component>
      <object_component id="oc-1cd">
         <name>.debug_info</name>
         <load_address>0xba5f</load_address>
         <run_address>0xba5f</run_address>
         <size>0x22a</size>
         <input_file_ref idref="fl-d9"/>
      </object_component>
      <object_component id="oc-2fe">
         <name>.debug_info</name>
         <load_address>0xbc89</load_address>
         <run_address>0xbc89</run_address>
         <size>0x295</size>
         <input_file_ref idref="fl-da"/>
      </object_component>
      <object_component id="oc-29b">
         <name>.debug_info</name>
         <load_address>0xbf1e</load_address>
         <run_address>0xbf1e</run_address>
         <size>0x195</size>
         <input_file_ref idref="fl-da"/>
      </object_component>
      <object_component id="oc-25c">
         <name>.debug_info</name>
         <load_address>0xc0b3</load_address>
         <run_address>0xc0b3</run_address>
         <size>0x2f8</size>
         <input_file_ref idref="fl-db"/>
      </object_component>
      <object_component id="oc-1c9">
         <name>.debug_info</name>
         <load_address>0xc3ab</load_address>
         <run_address>0xc3ab</run_address>
         <size>0x225</size>
         <input_file_ref idref="fl-db"/>
      </object_component>
      <object_component id="oc-2ad">
         <name>.debug_info</name>
         <load_address>0xc5d0</load_address>
         <run_address>0xc5d0</run_address>
         <size>0x28f</size>
         <input_file_ref idref="fl-dc"/>
      </object_component>
      <object_component id="oc-219">
         <name>.debug_info</name>
         <load_address>0xc85f</load_address>
         <run_address>0xc85f</run_address>
         <size>0x15a</size>
         <input_file_ref idref="fl-dc"/>
      </object_component>
      <object_component id="oc-303">
         <name>.debug_info</name>
         <load_address>0xc9b9</load_address>
         <run_address>0xc9b9</run_address>
         <size>0x46</size>
         <input_file_ref idref="fl-dc"/>
      </object_component>
      <object_component id="oc-2a8">
         <name>.debug_info</name>
         <load_address>0xc9ff</load_address>
         <run_address>0xc9ff</run_address>
         <size>0x39</size>
         <input_file_ref idref="fl-dc"/>
      </object_component>
      <object_component id="oc-272">
         <name>.debug_info</name>
         <load_address>0xca38</load_address>
         <run_address>0xca38</run_address>
         <size>0x134</size>
         <input_file_ref idref="fl-dd"/>
      </object_component>
      <object_component id="oc-ff">
         <name>.debug_info</name>
         <load_address>0xcb6c</load_address>
         <run_address>0xcb6c</run_address>
         <size>0x147</size>
         <input_file_ref idref="fl-de"/>
      </object_component>
      <object_component id="oc-23e">
         <name>.debug_info</name>
         <load_address>0xccb3</load_address>
         <run_address>0xccb3</run_address>
         <size>0x4b3</size>
         <input_file_ref idref="fl-df"/>
      </object_component>
      <object_component id="oc-191">
         <name>.debug_info</name>
         <load_address>0xd166</load_address>
         <run_address>0xd166</run_address>
         <size>0x1a6</size>
         <input_file_ref idref="fl-df"/>
      </object_component>
      <object_component id="oc-2d4">
         <name>.debug_info</name>
         <load_address>0xd30c</load_address>
         <run_address>0xd30c</run_address>
         <size>0x39</size>
         <input_file_ref idref="fl-df"/>
      </object_component>
      <object_component id="oc-316">
         <name>.debug_info</name>
         <load_address>0xd345</load_address>
         <run_address>0xd345</run_address>
         <size>0x39</size>
         <input_file_ref idref="fl-df"/>
      </object_component>
      <object_component id="oc-2d9">
         <name>.debug_info</name>
         <load_address>0xd37e</load_address>
         <run_address>0xd37e</run_address>
         <size>0x39</size>
         <input_file_ref idref="fl-df"/>
      </object_component>
      <object_component id="oc-2de">
         <name>.debug_info</name>
         <load_address>0xd3b7</load_address>
         <run_address>0xd3b7</run_address>
         <size>0xcd</size>
         <input_file_ref idref="fl-df"/>
      </object_component>
      <object_component id="oc-103">
         <name>.debug_info</name>
         <load_address>0xd484</load_address>
         <run_address>0xd484</run_address>
         <size>0x153</size>
         <input_file_ref idref="fl-e0"/>
      </object_component>
      <object_component id="oc-182">
         <name>.debug_info</name>
         <load_address>0xd5d7</load_address>
         <run_address>0xd5d7</run_address>
         <size>0x122</size>
         <input_file_ref idref="fl-e2"/>
      </object_component>
      <object_component id="oc-2f8">
         <name>.debug_info</name>
         <load_address>0xd6f9</load_address>
         <run_address>0xd6f9</run_address>
         <size>0x29c</size>
         <input_file_ref idref="fl-e4"/>
      </object_component>
      <object_component id="oc-278">
         <name>.debug_info</name>
         <load_address>0xd995</load_address>
         <run_address>0xd995</run_address>
         <size>0x1da</size>
         <input_file_ref idref="fl-e4"/>
      </object_component>
      <object_component id="oc-270">
         <name>.debug_info</name>
         <load_address>0xdb6f</load_address>
         <run_address>0xdb6f</run_address>
         <size>0x2b9</size>
         <input_file_ref idref="fl-e6"/>
      </object_component>
      <object_component id="oc-1ec">
         <name>.debug_info</name>
         <load_address>0xde28</load_address>
         <run_address>0xde28</run_address>
         <size>0x17c</size>
         <input_file_ref idref="fl-e6"/>
      </object_component>
      <object_component id="oc-2ee">
         <name>.debug_info</name>
         <load_address>0xdfa4</load_address>
         <run_address>0xdfa4</run_address>
         <size>0xf9</size>
         <input_file_ref idref="fl-e7"/>
      </object_component>
      <object_component id="oc-26d">
         <name>.debug_info</name>
         <load_address>0xe09d</load_address>
         <run_address>0xe09d</run_address>
         <size>0x105</size>
         <input_file_ref idref="fl-e7"/>
      </object_component>
      <object_component id="oc-2a6">
         <name>.debug_info</name>
         <load_address>0xe1a2</load_address>
         <run_address>0xe1a2</run_address>
         <size>0x2a7</size>
         <input_file_ref idref="fl-e8"/>
      </object_component>
      <object_component id="oc-210">
         <name>.debug_info</name>
         <load_address>0xe449</load_address>
         <run_address>0xe449</run_address>
         <size>0x1b8</size>
         <input_file_ref idref="fl-e8"/>
      </object_component>
      <object_component id="oc-300">
         <name>.debug_info</name>
         <load_address>0xe601</load_address>
         <run_address>0xe601</run_address>
         <size>0x29a</size>
         <input_file_ref idref="fl-e9"/>
      </object_component>
      <object_component id="oc-29f">
         <name>.debug_info</name>
         <load_address>0xe89b</load_address>
         <run_address>0xe89b</run_address>
         <size>0x262</size>
         <input_file_ref idref="fl-e9"/>
      </object_component>
      <object_component id="oc-26b">
         <name>.debug_info</name>
         <load_address>0xeafd</load_address>
         <run_address>0xeafd</run_address>
         <size>0x28f</size>
         <input_file_ref idref="fl-ea"/>
      </object_component>
      <object_component id="oc-1e6">
         <name>.debug_info</name>
         <load_address>0xed8c</load_address>
         <run_address>0xed8c</run_address>
         <size>0x245</size>
         <input_file_ref idref="fl-ea"/>
      </object_component>
      <object_component id="oc-2b2">
         <name>.debug_info</name>
         <load_address>0xefd1</load_address>
         <run_address>0xefd1</run_address>
         <size>0x289</size>
         <input_file_ref idref="fl-eb"/>
      </object_component>
      <object_component id="oc-2af">
         <name>.debug_info</name>
         <load_address>0xf25a</load_address>
         <run_address>0xf25a</run_address>
         <size>0x10e</size>
         <input_file_ref idref="fl-eb"/>
      </object_component>
      <object_component id="oc-21c">
         <name>.debug_info</name>
         <load_address>0xf368</load_address>
         <run_address>0xf368</run_address>
         <size>0x14e</size>
         <input_file_ref idref="fl-eb"/>
      </object_component>
      <object_component id="oc-259">
         <name>.debug_info</name>
         <load_address>0xf4b6</load_address>
         <run_address>0xf4b6</run_address>
         <size>0x161</size>
         <input_file_ref idref="fl-ec"/>
      </object_component>
      <object_component id="oc-2f3">
         <name>.debug_info</name>
         <load_address>0xf617</load_address>
         <run_address>0xf617</run_address>
         <size>0x115</size>
         <input_file_ref idref="fl-ed"/>
      </object_component>
      <object_component id="oc-35a">
         <name>.debug_info</name>
         <load_address>0xf72c</load_address>
         <run_address>0xf72c</run_address>
         <size>0xcc</size>
      </object_component>
      <object_component id="oc-163">
         <name>.debug_line</name>
         <load_address>0x0</load_address>
         <run_address>0x0</run_address>
         <size>0x136</size>
         <input_file_ref idref="fl-1"/>
      </object_component>
      <object_component id="oc-31">
         <name>.debug_line</name>
         <load_address>0x136</load_address>
         <run_address>0x136</run_address>
         <size>0x1dc</size>
         <input_file_ref idref="fl-1"/>
      </object_component>
      <object_component id="oc-e5">
         <name>.debug_line</name>
         <load_address>0x312</load_address>
         <run_address>0x312</run_address>
         <size>0x7a</size>
         <input_file_ref idref="fl-1"/>
      </object_component>
      <object_component id="oc-de">
         <name>.debug_line</name>
         <load_address>0x38c</load_address>
         <run_address>0x38c</run_address>
         <size>0x3d</size>
         <input_file_ref idref="fl-1"/>
      </object_component>
      <object_component id="oc-11a">
         <name>.debug_line</name>
         <load_address>0x3c9</load_address>
         <run_address>0x3c9</run_address>
         <size>0x2d</size>
         <input_file_ref idref="fl-1"/>
      </object_component>
      <object_component id="oc-d4">
         <name>.debug_line</name>
         <load_address>0x3f6</load_address>
         <run_address>0x3f6</run_address>
         <size>0x20</size>
         <input_file_ref idref="fl-1"/>
      </object_component>
      <object_component id="oc-16f">
         <name>.debug_line</name>
         <load_address>0x416</load_address>
         <run_address>0x416</run_address>
         <size>0x7e</size>
         <input_file_ref idref="fl-1"/>
      </object_component>
      <object_component id="oc-d9">
         <name>.debug_line</name>
         <load_address>0x494</load_address>
         <run_address>0x494</run_address>
         <size>0x7b</size>
         <input_file_ref idref="fl-1"/>
      </object_component>
      <object_component id="oc-15c">
         <name>.debug_line</name>
         <load_address>0x50f</load_address>
         <run_address>0x50f</run_address>
         <size>0x76</size>
         <input_file_ref idref="fl-1"/>
      </object_component>
      <object_component id="oc-167">
         <name>.debug_line</name>
         <load_address>0x585</load_address>
         <run_address>0x585</run_address>
         <size>0x7f</size>
         <input_file_ref idref="fl-1"/>
      </object_component>
      <object_component id="oc-c8">
         <name>.debug_line</name>
         <load_address>0x604</load_address>
         <run_address>0x604</run_address>
         <size>0xa8</size>
         <input_file_ref idref="fl-2"/>
      </object_component>
      <object_component id="oc-3f">
         <name>.debug_line</name>
         <load_address>0x6ac</load_address>
         <run_address>0x6ac</run_address>
         <size>0x20</size>
         <input_file_ref idref="fl-2"/>
      </object_component>
      <object_component id="oc-ce">
         <name>.debug_line</name>
         <load_address>0x6cc</load_address>
         <run_address>0x6cc</run_address>
         <size>0xa8</size>
         <input_file_ref idref="fl-3"/>
      </object_component>
      <object_component id="oc-78">
         <name>.debug_line</name>
         <load_address>0x774</load_address>
         <run_address>0x774</run_address>
         <size>0x45</size>
         <input_file_ref idref="fl-4"/>
      </object_component>
      <object_component id="oc-1c0">
         <name>.debug_line</name>
         <load_address>0x7b9</load_address>
         <run_address>0x7b9</run_address>
         <size>0x20</size>
         <input_file_ref idref="fl-5"/>
      </object_component>
      <object_component id="oc-84">
         <name>.debug_line</name>
         <load_address>0x7d9</load_address>
         <run_address>0x7d9</run_address>
         <size>0x3e8</size>
         <input_file_ref idref="fl-5"/>
      </object_component>
      <object_component id="oc-7e">
         <name>.debug_line</name>
         <load_address>0xbc1</load_address>
         <run_address>0xbc1</run_address>
         <size>0xd1</size>
         <input_file_ref idref="fl-8"/>
      </object_component>
      <object_component id="oc-e1">
         <name>.debug_line</name>
         <load_address>0xc92</load_address>
         <run_address>0xc92</run_address>
         <size>0x41</size>
         <input_file_ref idref="fl-9"/>
      </object_component>
      <object_component id="oc-34">
         <name>.debug_line</name>
         <load_address>0xcd3</load_address>
         <run_address>0xcd3</run_address>
         <size>0x41</size>
         <input_file_ref idref="fl-9"/>
      </object_component>
      <object_component id="oc-2b">
         <name>.debug_line</name>
         <load_address>0xd14</load_address>
         <run_address>0xd14</run_address>
         <size>0xa1</size>
         <input_file_ref idref="fl-9"/>
      </object_component>
      <object_component id="oc-232">
         <name>.debug_line</name>
         <load_address>0xdb5</load_address>
         <run_address>0xdb5</run_address>
         <size>0x20</size>
         <input_file_ref idref="fl-a"/>
      </object_component>
      <object_component id="oc-af">
         <name>.debug_line</name>
         <load_address>0xdd5</load_address>
         <run_address>0xdd5</run_address>
         <size>0xea</size>
         <input_file_ref idref="fl-a"/>
      </object_component>
      <object_component id="oc-230">
         <name>.debug_line</name>
         <load_address>0xebf</load_address>
         <run_address>0xebf</run_address>
         <size>0x2d</size>
         <input_file_ref idref="fl-c5"/>
      </object_component>
      <object_component id="oc-a9">
         <name>.debug_line</name>
         <load_address>0xeec</load_address>
         <run_address>0xeec</run_address>
         <size>0x4b</size>
         <input_file_ref idref="fl-c5"/>
      </object_component>
      <object_component id="oc-14f">
         <name>.debug_line</name>
         <load_address>0xf37</load_address>
         <run_address>0xf37</run_address>
         <size>0x4b</size>
         <input_file_ref idref="fl-c5"/>
      </object_component>
      <object_component id="oc-155">
         <name>.debug_line</name>
         <load_address>0xf82</load_address>
         <run_address>0xf82</run_address>
         <size>0x3f</size>
         <input_file_ref idref="fl-c5"/>
      </object_component>
      <object_component id="oc-2b8">
         <name>.debug_line</name>
         <load_address>0xfc1</load_address>
         <run_address>0xfc1</run_address>
         <size>0x91</size>
         <input_file_ref idref="fl-c5"/>
      </object_component>
      <object_component id="oc-1df">
         <name>.debug_line</name>
         <load_address>0x1052</load_address>
         <run_address>0x1052</run_address>
         <size>0x32</size>
         <input_file_ref idref="fl-c6"/>
      </object_component>
      <object_component id="oc-8f">
         <name>.debug_line</name>
         <load_address>0x1084</load_address>
         <run_address>0x1084</run_address>
         <size>0x218</size>
         <input_file_ref idref="fl-c6"/>
      </object_component>
      <object_component id="oc-1e3">
         <name>.debug_line</name>
         <load_address>0x129c</load_address>
         <run_address>0x129c</run_address>
         <size>0x9a</size>
         <input_file_ref idref="fl-c6"/>
      </object_component>
      <object_component id="oc-13f">
         <name>.debug_line</name>
         <load_address>0x1336</load_address>
         <run_address>0x1336</run_address>
         <size>0x97</size>
         <input_file_ref idref="fl-c6"/>
      </object_component>
      <object_component id="oc-9a">
         <name>.debug_line</name>
         <load_address>0x13cd</load_address>
         <run_address>0x13cd</run_address>
         <size>0xd2</size>
         <input_file_ref idref="fl-c7"/>
      </object_component>
      <object_component id="oc-12d">
         <name>.debug_line</name>
         <load_address>0x149f</load_address>
         <run_address>0x149f</run_address>
         <size>0x77</size>
         <input_file_ref idref="fl-c8"/>
      </object_component>
      <object_component id="oc-c3">
         <name>.debug_line</name>
         <load_address>0x1516</load_address>
         <run_address>0x1516</run_address>
         <size>0x77</size>
         <input_file_ref idref="fl-c8"/>
      </object_component>
      <object_component id="oc-b5">
         <name>.debug_line</name>
         <load_address>0x158d</load_address>
         <run_address>0x158d</run_address>
         <size>0xa8</size>
         <input_file_ref idref="fl-c9"/>
      </object_component>
      <object_component id="oc-95">
         <name>.debug_line</name>
         <load_address>0x1635</load_address>
         <run_address>0x1635</run_address>
         <size>0x8e</size>
         <input_file_ref idref="fl-ca"/>
      </object_component>
      <object_component id="oc-ba">
         <name>.debug_line</name>
         <load_address>0x16c3</load_address>
         <run_address>0x16c3</run_address>
         <size>0x5a</size>
         <input_file_ref idref="fl-cb"/>
      </object_component>
      <object_component id="oc-9f">
         <name>.debug_line</name>
         <load_address>0x171d</load_address>
         <run_address>0x171d</run_address>
         <size>0x67</size>
         <input_file_ref idref="fl-cc"/>
      </object_component>
      <object_component id="oc-a4">
         <name>.debug_line</name>
         <load_address>0x1784</load_address>
         <run_address>0x1784</run_address>
         <size>0x57</size>
         <input_file_ref idref="fl-cd"/>
      </object_component>
      <object_component id="oc-128">
         <name>.debug_line</name>
         <load_address>0x17db</load_address>
         <run_address>0x17db</run_address>
         <size>0x50</size>
         <input_file_ref idref="fl-ce"/>
      </object_component>
      <object_component id="oc-45">
         <name>.debug_line</name>
         <load_address>0x182b</load_address>
         <run_address>0x182b</run_address>
         <size>0x88</size>
         <input_file_ref idref="fl-cf"/>
      </object_component>
      <object_component id="oc-8a">
         <name>.debug_line</name>
         <load_address>0x18b3</load_address>
         <run_address>0x18b3</run_address>
         <size>0x4c</size>
         <input_file_ref idref="fl-d0"/>
      </object_component>
      <object_component id="oc-17e">
         <name>.debug_line</name>
         <load_address>0x18ff</load_address>
         <run_address>0x18ff</run_address>
         <size>0x92</size>
         <input_file_ref idref="fl-d1"/>
      </object_component>
      <object_component id="oc-57">
         <name>.debug_line</name>
         <load_address>0x1991</load_address>
         <run_address>0x1991</run_address>
         <size>0x53</size>
         <input_file_ref idref="fl-d1"/>
      </object_component>
      <object_component id="oc-f9">
         <name>.debug_line</name>
         <load_address>0x19e4</load_address>
         <run_address>0x19e4</run_address>
         <size>0x34</size>
         <input_file_ref idref="fl-d1"/>
      </object_component>
      <object_component id="oc-17b">
         <name>.debug_line</name>
         <load_address>0x1a18</load_address>
         <run_address>0x1a18</run_address>
         <size>0x92</size>
         <input_file_ref idref="fl-d1"/>
      </object_component>
      <object_component id="oc-f4">
         <name>.debug_line</name>
         <load_address>0x1aaa</load_address>
         <run_address>0x1aaa</run_address>
         <size>0x20</size>
         <input_file_ref idref="fl-d2"/>
      </object_component>
      <object_component id="oc-1f">
         <name>.debug_line</name>
         <load_address>0x1aca</load_address>
         <run_address>0x1aca</run_address>
         <size>0x55</size>
         <input_file_ref idref="fl-d2"/>
      </object_component>
      <object_component id="oc-4a">
         <name>.debug_line</name>
         <load_address>0x1b1f</load_address>
         <run_address>0x1b1f</run_address>
         <size>0x3a</size>
         <input_file_ref idref="fl-d2"/>
      </object_component>
      <object_component id="oc-f1">
         <name>.debug_line</name>
         <load_address>0x1b59</load_address>
         <run_address>0x1b59</run_address>
         <size>0x92</size>
         <input_file_ref idref="fl-d2"/>
      </object_component>
      <object_component id="oc-177">
         <name>.debug_line</name>
         <load_address>0x1beb</load_address>
         <run_address>0x1beb</run_address>
         <size>0x20</size>
         <input_file_ref idref="fl-d3"/>
      </object_component>
      <object_component id="oc-19">
         <name>.debug_line</name>
         <load_address>0x1c0b</load_address>
         <run_address>0x1c0b</run_address>
         <size>0xa9</size>
         <input_file_ref idref="fl-d3"/>
      </object_component>
      <object_component id="oc-3a">
         <name>.debug_line</name>
         <load_address>0x1cb4</load_address>
         <run_address>0x1cb4</run_address>
         <size>0x3a</size>
         <input_file_ref idref="fl-d3"/>
      </object_component>
      <object_component id="oc-174">
         <name>.debug_line</name>
         <load_address>0x1cee</load_address>
         <run_address>0x1cee</run_address>
         <size>0x9a</size>
         <input_file_ref idref="fl-d3"/>
      </object_component>
      <object_component id="oc-ea">
         <name>.debug_line</name>
         <load_address>0x1d88</load_address>
         <run_address>0x1d88</run_address>
         <size>0x96</size>
         <input_file_ref idref="fl-d3"/>
      </object_component>
      <object_component id="oc-262">
         <name>.debug_line</name>
         <load_address>0x1e1e</load_address>
         <run_address>0x1e1e</run_address>
         <size>0x2a</size>
         <input_file_ref idref="fl-d4"/>
      </object_component>
      <object_component id="oc-260">
         <name>.debug_line</name>
         <load_address>0x1e48</load_address>
         <run_address>0x1e48</run_address>
         <size>0x30</size>
         <input_file_ref idref="fl-d4"/>
      </object_component>
      <object_component id="oc-132">
         <name>.debug_line</name>
         <load_address>0x1e78</load_address>
         <run_address>0x1e78</run_address>
         <size>0x3fd</size>
         <input_file_ref idref="fl-d4"/>
      </object_component>
      <object_component id="oc-266">
         <name>.debug_line</name>
         <load_address>0x2275</load_address>
         <run_address>0x2275</run_address>
         <size>0x9a</size>
         <input_file_ref idref="fl-d4"/>
      </object_component>
      <object_component id="oc-1da">
         <name>.debug_line</name>
         <load_address>0x230f</load_address>
         <run_address>0x230f</run_address>
         <size>0x97</size>
         <input_file_ref idref="fl-d4"/>
      </object_component>
      <object_component id="oc-72">
         <name>.debug_line</name>
         <load_address>0x23a6</load_address>
         <run_address>0x23a6</run_address>
         <size>0x33</size>
         <input_file_ref idref="fl-d5"/>
      </object_component>
      <object_component id="oc-63">
         <name>.debug_line</name>
         <load_address>0x23d9</load_address>
         <run_address>0x23d9</run_address>
         <size>0x45</size>
         <input_file_ref idref="fl-d5"/>
      </object_component>
      <object_component id="oc-2b4">
         <name>.debug_line</name>
         <load_address>0x241e</load_address>
         <run_address>0x241e</run_address>
         <size>0x264</size>
         <input_file_ref idref="fl-d6"/>
      </object_component>
      <object_component id="oc-1f2">
         <name>.debug_line</name>
         <load_address>0x2682</load_address>
         <run_address>0x2682</run_address>
         <size>0x7a</size>
         <input_file_ref idref="fl-d6"/>
      </object_component>
      <object_component id="oc-27e">
         <name>.debug_line</name>
         <load_address>0x26fc</load_address>
         <run_address>0x26fc</run_address>
         <size>0x51</size>
         <input_file_ref idref="fl-d6"/>
      </object_component>
      <object_component id="oc-284">
         <name>.debug_line</name>
         <load_address>0x274d</load_address>
         <run_address>0x274d</run_address>
         <size>0x88</size>
         <input_file_ref idref="fl-d6"/>
      </object_component>
      <object_component id="oc-1f8">
         <name>.debug_line</name>
         <load_address>0x27d5</load_address>
         <run_address>0x27d5</run_address>
         <size>0x14d</size>
         <input_file_ref idref="fl-d6"/>
      </object_component>
      <object_component id="oc-28b">
         <name>.debug_line</name>
         <load_address>0x2922</load_address>
         <run_address>0x2922</run_address>
         <size>0xee</size>
         <input_file_ref idref="fl-d6"/>
      </object_component>
      <object_component id="oc-291">
         <name>.debug_line</name>
         <load_address>0x2a10</load_address>
         <run_address>0x2a10</run_address>
         <size>0x5d</size>
         <input_file_ref idref="fl-d6"/>
      </object_component>
      <object_component id="oc-1fe">
         <name>.debug_line</name>
         <load_address>0x2a6d</load_address>
         <run_address>0x2a6d</run_address>
         <size>0x5c</size>
         <input_file_ref idref="fl-d6"/>
      </object_component>
      <object_component id="oc-204">
         <name>.debug_line</name>
         <load_address>0x2ac9</load_address>
         <run_address>0x2ac9</run_address>
         <size>0xae</size>
         <input_file_ref idref="fl-d6"/>
      </object_component>
      <object_component id="oc-20a">
         <name>.debug_line</name>
         <load_address>0x2b77</load_address>
         <run_address>0x2b77</run_address>
         <size>0x1b0</size>
         <input_file_ref idref="fl-d6"/>
      </object_component>
      <object_component id="oc-146">
         <name>.debug_line</name>
         <load_address>0x2d27</load_address>
         <run_address>0x2d27</run_address>
         <size>0x76f</size>
         <input_file_ref idref="fl-d6"/>
      </object_component>
      <object_component id="oc-226">
         <name>.debug_line</name>
         <load_address>0x3496</load_address>
         <run_address>0x3496</run_address>
         <size>0x92</size>
         <input_file_ref idref="fl-d6"/>
      </object_component>
      <object_component id="oc-2bd">
         <name>.debug_line</name>
         <load_address>0x3528</load_address>
         <run_address>0x3528</run_address>
         <size>0x92</size>
         <input_file_ref idref="fl-d6"/>
      </object_component>
      <object_component id="oc-311">
         <name>.debug_line</name>
         <load_address>0x35ba</load_address>
[...]
         <name>__TI_CINIT_Base</name>
         <value>0x4ad0</value>
      </symbol>
      <symbol id="sm-5">
         <name>__TI_CINIT_Limit</name>
         <value>0x4ae0</value>
      </symbol>
      <symbol id="sm-6">
         <name>__TI_Handler_Table_Base</name>
         <value>0x4ab0</value>
      </symbol>
      <symbol id="sm-7">
         <name>__TI_Handler_Table_Limit</name>
         <value>0x4abc</value>
      </symbol>
      <symbol id="sm-8">
         <name>binit</name>
         <value>0xffffffff</value>
      </symbol>
      <symbol id="sm-9">
         <name>__binit__</name>
         <value>0xffffffff</value>
      </symbol>
      <symbol id="sm-a">
         <name>__STACK_SIZE</name>
         <value>0x800</value>
      </symbol>
      <symbol id="sm-b">
         <name>__STACK_END</name>
         <value>0x20004800</value>
      </symbol>
      <symbol id="sm-c">
         <name>__c_args__</name>
         <value>0xffffffff</value>
      </symbol>
      <symbol id="sm-d">
         <name>__TI_pprof_out_hndl</name>
         <value>0xffffffff</value>
      </symbol>
      <symbol id="sm-e">
         <name>__TI_prof_data_start</name>
         <value>0xffffffff</value>
      </symbol>
      <symbol id="sm-f">
         <name>__TI_prof_data_size</name>
         <value>0xffffffff</value>
      </symbol>
      <symbol id="sm-7c">
         <name>LUT_DATA_A</name>
         <value>0x20000000</value>
      </symbol>
      <symbol id="sm-7d">
         <name>LUT_DATA_B</name>
         <value>0x20002000</value>
      </symbol>
      <symbol id="sm-7e">
         <name>timer1Isr</name>
         <value>0x24a1</value>
         <object_component_ref idref="oc-2d"/>
      </symbol>
      <symbol id="sm-7f">
         <name>initTimer</name>
         <value>0x2421</value>
         <object_component_ref idref="oc-2d"/>
      </symbol>
      <symbol id="sm-80">
         <name>initHw</name>
         <value>0x2389</value>
         <object_component_ref idref="oc-2d"/>
      </symbol>
      <symbol id="sm-81">
         <name>sinusoidalFunction</name>
         <value>0x24e1</value>
         <object_component_ref idref="oc-2d"/>
      </symbol>
      <symbol id="sm-82">
         <name>setOpampVoltageOut</name>
         <value>0x27b1</value>
         <object_component_ref idref="oc-2d"/>
      </symbol>
      <symbol id="sm-83">
         <name>setDacVoltage</name>
         <value>0x26a1</value>
         <object_component_ref idref="oc-2d"/>
      </symbol>
      <symbol id="sm-84">
         <name>main</name>
         <value>0x2869</value>
         <object_component_ref idref="oc-2d"/>
      </symbol>
      <symbol id="sm-85">
         <name>sendData</name>
         <value>0x2659</value>
         <object_component_ref idref="oc-2d"/>
      </symbol>
      <symbol id="sm-9e">
         <name>readAdc0Ss3</name>
         <value>0x3569</value>
         <object_component_ref idref="oc-c4"/>
      </symbol>
      <symbol id="sm-9f">
         <name>setAdc0Ss3Log2AverageCount</name>
         <value>0x34c1</value>
         <object_component_ref idref="oc-c4"/>
      </symbol>
      <symbol id="sm-a0">
         <name>initAdc0Ss3</name>
         <value>0x3451</value>
         <object_component_ref idref="oc-c4"/>
      </symbol>
      <symbol id="sm-a1">
         <name>setAdc0Ss3Mux</name>
         <value>0x3529</value>
         <object_component_ref idref="oc-c4"/>
      </symbol>
      <symbol id="sm-b5">
         <name>setAdc1Ss2Log2AverageCount</name>
         <value>0x3639</value>
         <object_component_ref idref="oc-ca"/>
      </symbol>
      <symbol id="sm-b6">
         <name>setAdc1Ss2Mux</name>
         <value>0x36a1</value>
         <object_component_ref idref="oc-ca"/>
      </symbol>
      <symbol id="sm-b7">
         <name>initAdc1Ss2</name>
         <value>0x35c9</value>
         <object_component_ref idref="oc-ca"/>
      </symbol>
      <symbol id="sm-b8">
         <name>readAdc1Ss2</name>
         <value>0x36e1</value>
         <object_component_ref idref="oc-ca"/>
      </symbol>
      <symbol id="sm-c2">
         <name>initSystemClockTo40Mhz</name>
         <value>0x47e9</value>
         <object_component_ref idref="oc-74"/>
      </symbol>
      <symbol id="sm-119">
         <name>selectPinInterruptBothEdges</name>
         <value>0x13a1</value>
         <object_component_ref idref="oc-80"/>
      </symbol>
      <symbol id="sm-11a">
         <name>getPortValue</name>
         <value>0x15d1</value>
         <object_component_ref idref="oc-80"/>
      </symbol>
      <symbol id="sm-11b">
         <name>selectPinAnalogInput</name>
         <value>0xfb1</value>
         <object_component_ref idref="oc-80"/>
      </symbol>
      <symbol id="sm-11c">
         <name>clearPinInterrupt</name>
         <value>0x14b1</value>
         <object_component_ref idref="oc-80"/>
      </symbol>
      <symbol id="sm-11d">
         <name>selectPinPushPullOutput</name>
         <value>0xec1</value>
         <object_component_ref idref="oc-80"/>
      </symbol>
      <symbol id="sm-11e">
         <name>selectPinInterruptHighLevel</name>
         <value>0x13e1</value>
         <object_component_ref idref="oc-80"/>
      </symbol>
      <symbol id="sm-11f">
         <name>selectPinInterruptFallingEdge</name>
         <value>0x1351</value>
         <object_component_ref idref="oc-80"/>
      </symbol>
      <symbol id="sm-120">
         <name>selectPinOpenDrainOutput</name>
         <value>0xf11</value>
         <object_component_ref idref="oc-80"/>
      </symbol>
      <symbol id="sm-121">
         <name>selectPinInterruptLowLevel</name>
         <value>0x1421</value>
         <object_component_ref idref="oc-80"/>
      </symbol>
      <symbol id="sm-122">
         <name>setPortValue</name>
         <value>0x1529</value>
         <object_component_ref idref="oc-80"/>
      </symbol>
      <symbol id="sm-123">
         <name>enablePinInterrupt</name>
         <value>0x1461</value>
         <object_component_ref idref="oc-80"/>
      </symbol>
      <symbol id="sm-124">
         <name>setPinAuxFunction</name>
         <value>0x1189</value>
         <object_component_ref idref="oc-80"/>
      </symbol>
      <symbol id="sm-125">
         <name>enablePort</name>
         <value>0xcc1</value>
         <object_component_ref idref="oc-80"/>
      </symbol>
      <symbol id="sm-126">
         <name>disablePinPulldown</name>
         <value>0x1161</value>
         <object_component_ref idref="oc-80"/>
      </symbol>
      <symbol id="sm-127">
         <name>setPinCommitControl</name>
         <value>0x1001</value>
         <object_component_ref idref="oc-80"/>
      </symbol>
      <symbol id="sm-128">
         <name>disablePort</name>
         <value>0xdf1</value>
         <object_component_ref idref="oc-80"/>
      </symbol>
      <symbol id="sm-129">
         <name>disablePinInterrupt</name>
         <value>0x1489</value>
         <object_component_ref idref="oc-80"/>
      </symbol>
      <symbol id="sm-12a">
         <name>enablePinPullup</name>
         <value>0x10e9</value>
         <object_component_ref idref="oc-80"/>
      </symbol>
      <symbol id="sm-12b">
         <name>getPinValue</name>
         <value>0x1501</value>
         <object_component_ref idref="oc-80"/>
      </symbol>
      <symbol id="sm-12c">
         <name>enablePinPulldown</name>
         <value>0x1139</value>
         <object_component_ref idref="oc-80"/>
      </symbol>
      <symbol id="sm-12d">
         <name>disablePinPullup</name>
         <value>0x1111</value>
         <object_component_ref idref="oc-80"/>
      </symbol>
      <symbol id="sm-12e">
         <name>selectPinDigitalInput</name>
         <value>0xf61</value>
         <object_component_ref idref="oc-80"/>
      </symbol>
      <symbol id="sm-12f">
         <name>selectPinInterruptRisingEdge</name>
         <value>0x1301</value>
         <object_component_ref idref="oc-80"/>
      </symbol>
      <symbol id="sm-130">
         <name>setPinValue</name>
         <value>0x14d9</value>
         <object_component_ref idref="oc-80"/>
      </symbol>
      <symbol id="sm-144">
         <name>setSpi1Mode</name>
         <value>0x3071</value>
         <object_component_ref idref="oc-7a"/>
      </symbol>
      <symbol id="sm-145">
         <name>readSpi1Data</name>
         <value>0x3119</value>
         <object_component_ref idref="oc-7a"/>
      </symbol>
      <symbol id="sm-146">
         <name>setSpi1BaudRate</name>
         <value>0x3029</value>
         <object_component_ref idref="oc-7a"/>
      </symbol>
      <symbol id="sm-147">
         <name>writeSpi1Data</name>
         <value>0x30e1</value>
         <object_component_ref idref="oc-7a"/>
      </symbol>
      <symbol id="sm-148">
         <name>initSpi1</name>
         <value>0x2f61</value>
         <object_component_ref idref="oc-7a"/>
      </symbol>
      <symbol id="sm-164">
         <name>ResetISR</name>
         <value>0x47a1</value>
         <object_component_ref idref="oc-27"/>
      </symbol>
      <symbol id="sm-165">
         <name>g_pfnVectors</name>
         <value>0x0</value>
         <object_component_ref idref="oc-12"/>
      </symbol>
      <symbol id="sm-180">
         <name>getcUart0</name>
         <value>0x2d41</value>
         <object_component_ref idref="oc-ab"/>
      </symbol>
      <symbol id="sm-181">
         <name>kbhitUart0</name>
         <value>0x2d71</value>
         <object_component_ref idref="oc-ab"/>
      </symbol>
      <symbol id="sm-182">
         <name>setUart0BaudRate</name>
         <value>0x2c91</value>
         <object_component_ref idref="oc-ab"/>
      </symbol>
      <symbol id="sm-183">
         <name>putsUart0</name>
         <value>0x2d01</value>
         <object_component_ref idref="oc-ab"/>
      </symbol>
      <symbol id="sm-184">
         <name>initUart0</name>
         <value>0x2ba9</value>
         <object_component_ref idref="oc-ab"/>
      </symbol>
      <symbol id="sm-185">
         <name>putcUart0</name>
         <value>0x2cc9</value>
         <object_component_ref idref="oc-ab"/>
      </symbol>
      <symbol id="sm-1ad">
         <name>sprintf</name>
         <value>0x4631</value>
         <object_component_ref idref="oc-a5"/>
      </symbol>
      <symbol id="sm-207">
         <name>sin</name>
         <value>0x1da5</value>
         <object_component_ref idref="oc-8b"/>
      </symbol>
      <symbol id="sm-208">
         <name>sinl</name>
         <value>0x1da5</value>
         <object_component_ref idref="oc-8b"/>
      </symbol>
      <symbol id="sm-21f">
         <name>__aeabi_dsub</name>
         <value>0x3125</value>
         <object_component_ref idref="oc-96"/>
      </symbol>
      <symbol id="sm-220">
         <name>__aeabi_dadd</name>
         <value>0x312f</value>
         <object_component_ref idref="oc-96"/>
      </symbol>
      <symbol id="sm-242">
         <name>__aeabi_cdcmpeq</name>
         <value>0x412d</value>
         <object_component_ref idref="oc-129"/>
      </symbol>
      <symbol id="sm-243">
         <name>__aeabi_cdcmple</name>
         <value>0x412d</value>
         <object_component_ref idref="oc-129"/>
      </symbol>
      <symbol id="sm-244">
         <name>__aeabi_cdrcmple</name>
         <value>0x41b3</value>
         <object_component_ref idref="oc-bf"/>
      </symbol>
      <symbol id="sm-258">
         <name>__aeabi_ddiv</name>
         <value>0x39e9</value>
         <object_component_ref idref="oc-b1"/>
      </symbol>
      <symbol id="sm-263">
         <name>__aeabi_dmul</name>
         <value>0x3d55</value>
         <object_component_ref idref="oc-91"/>
      </symbol>
      <symbol id="sm-26d">
         <name>__aeabi_d2iz</name>
         <value>0x45a5</value>
         <object_component_ref idref="oc-b6"/>
      </symbol>
      <symbol id="sm-279">
         <name>__aeabi_d2f</name>
         <value>0x4321</value>
         <object_component_ref idref="oc-9b"/>
      </symbol>
      <symbol id="sm-284">
         <name>__aeabi_f2d</name>
         <value>0x46af</value>
         <object_component_ref idref="oc-a0"/>
      </symbol>
      <symbol id="sm-28e">
         <name>__aeabi_i2d</name>
         <value>0x471d</value>
         <object_component_ref idref="oc-124"/>
      </symbol>
      <symbol id="sm-2a9">
         <name>memcpy</name>
         <value>0x3ffb</value>
         <object_component_ref idref="oc-41"/>
      </symbol>
      <symbol id="sm-2aa">
         <name>__aeabi_memcpy</name>
         <value>0x3ffb</value>
         <object_component_ref idref="oc-41"/>
      </symbol>
      <symbol id="sm-2ab">
         <name>__aeabi_memcpy8</name>
         <value>0x3ffb</value>
         <object_component_ref idref="oc-41"/>
      </symbol>
      <symbol id="sm-2ac">
         <name>__aeabi_memcpy4</name>
         <value>0x3ffb</value>
         <object_component_ref idref="oc-41"/>
      </symbol>
      <symbol id="sm-2b6">
         <name>__aeabi_ui2d</name>
         <value>0x474b</value>
         <object_component_ref idref="oc-86"/>
      </symbol>
      <symbol id="sm-2cd">
         <name>__TI_zero_init</name>
         <value>0x4831</value>
         <object_component_ref idref="oc-53"/>
      </symbol>
      <symbol id="sm-2e4">
         <name>__TI_decompress_none</name>
         <value>0x4823</value>
         <object_component_ref idref="oc-1b"/>
      </symbol>
      <symbol id="sm-307">
         <name>__TI_decompress_lzss</name>
         <value>0x438f</value>
         <object_component_ref idref="oc-15"/>
      </symbol>
      <symbol id="sm-377">
         <name>__kernel_rem_pio2</name>
         <value>0x166d</value>
         <object_component_ref idref="oc-12e"/>
      </symbol>
      <symbol id="sm-38a">
         <name>__stack</name>
         <value>0x20004000</value>
         <object_component_ref idref="oc-24"/>
      </symbol>
      <symbol id="sm-38b">
         <name>_c_int00_noargs</name>
         <value>0x46e9</value>
         <object_component_ref idref="oc-5f"/>
      </symbol>
      <symbol id="sm-4f0">
         <name>__TI_printfi</name>
         <value>0x271</value>
         <object_component_ref idref="oc-145"/>
      </symbol>
      <symbol id="sm-506">
         <name>__kernel_cos</name>
         <value>0x373d</value>
         <object_component_ref idref="oc-134"/>
      </symbol>
      <symbol id="sm-51d">
         <name>__kernel_sin</name>
         <value>0x32dd</value>
         <object_component_ref idref="oc-11e"/>
      </symbol>
      <symbol id="sm-53a">
         <name>floorl</name>
         <value>0x3e51</value>
         <object_component_ref idref="oc-1cb"/>
      </symbol>
      <symbol id="sm-53b">
         <name>floor</name>
         <value>0x3e51</value>
         <object_component_ref idref="oc-1cb"/>
      </symbol>
      <symbol id="sm-551">
         <name>frexpl</name>
         <value>0x43f9</value>
         <object_component_ref idref="oc-298"/>
      </symbol>
      <symbol id="sm-552">
         <name>frexp</name>
         <value>0x43f9</value>
         <object_component_ref idref="oc-298"/>
      </symbol>
      <symbol id="sm-56f">
         <name>scalbn</name>
         <value>0x3c45</value>
         <object_component_ref idref="oc-1c5"/>
      </symbol>
      <symbol id="sm-570">
         <name>scalbnl</name>
         <value>0x3c45</value>
         <object_component_ref idref="oc-1c5"/>
      </symbol>
      <symbol id="sm-571">
         <name>ldexpl</name>
         <value>0x3c45</value>
         <object_component_ref idref="oc-1c5"/>
      </symbol>
      <symbol id="sm-572">
         <name>ldexp</name>
         <value>0x3c45</value>
         <object_component_ref idref="oc-1c5"/>
      </symbol>
      <symbol id="sm-58b">
         <name>wcslen</name>
         <value>0x4811</value>
         <object_component_ref idref="oc-215"/>
      </symbol>
      <symbol id="sm-598">
         <name>__aeabi_uldivmod</name>
         <value>0x4097</value>
         <object_component_ref idref="oc-271"/>
      </symbol>
      <symbol id="sm-5a7">
         <name>__aeabi_memset</name>
         <value>0x423b</value>
         <object_component_ref idref="oc-fc"/>
      </symbol>
      <symbol id="sm-5a8">
         <name>memset</name>
         <value>0x4241</value>
         <object_component_ref idref="oc-fc"/>
      </symbol>
      <symbol id="sm-5a9">
         <name>__aeabi_memset8</name>
         <value>0x423b</value>
         <object_component_ref idref="oc-fc"/>
      </symbol>
      <symbol id="sm-5aa">
         <name>__aeabi_memset4</name>
         <value>0x423b</value>
         <object_component_ref idref="oc-fc"/>
      </symbol>
      <symbol id="sm-5ab">
         <name>__aeabi_memclr8</name>
         <value>0x4239</value>
         <object_component_ref idref="oc-fc"/>
      </symbol>
      <symbol id="sm-5ac">
         <name>__aeabi_memclr4</name>
         <value>0x4239</value>
         <object_component_ref idref="oc-fc"/>
      </symbol>
      <symbol id="sm-5ad">
         <name>__aeabi_memclr</name>
         <value>0x4239</value>
         <object_component_ref idref="oc-fc"/>
      </symbol>
      <symbol id="sm-5d5">
         <name>__TI_auto_init_nobinit_nopinit</name>
         <value>0x45ed</value>
         <object_component_ref idref="oc-18d"/>
      </symbol>
      <symbol id="sm-5df">
         <name>_system_pre_init</name>
         <value>0x2385</value>
         <object_component_ref idref="oc-102"/>
      </symbol>
      <symbol id="sm-5eb">
         <name>C$$EXIT</name>
         <value>0x35c5</value>
         <object_component_ref idref="oc-181"/>
      </symbol>
      <symbol id="sm-5ec">
         <name>abort</name>
         <value>0x35c5</value>
         <object_component_ref idref="oc-181"/>
      </symbol>
      <symbol id="sm-5fc">
         <name>__TI_ltoa</name>
         <value>0x44b3</value>
         <object_component_ref idref="oc-277"/>
      </symbol>
      <symbol id="sm-613">
         <name>atoi</name>
         <value>0x4559</value>
         <object_component_ref idref="oc-1eb"/>
      </symbol>
      <symbol id="sm-61e">
         <name>_ctypes_</name>
         <value>0x49a8</value>
         <object_component_ref idref="oc-26c"/>
      </symbol>
      <symbol id="sm-62e">
         <name>memccpy</name>
         <value>0x476b</value>
         <object_component_ref idref="oc-20f"/>
      </symbol>
      <symbol id="sm-63e">
         <name>strchr</name>
         <value>0x47d3</value>
         <object_component_ref idref="oc-29e"/>
      </symbol>
      <symbol id="sm-64c">
         <name>strlen</name>
         <value>0x47fd</value>
         <object_component_ref idref="oc-1e5"/>
      </symbol>
      <symbol id="sm-662">
         <name>__aeabi_errno_addr</name>
         <value>0x4849</value>
         <object_component_ref idref="oc-21b"/>
      </symbol>
      <symbol id="sm-663">
         <name>errno</name>
         <value>0x20004800</value>
         <object_component_ref idref="oc-2ae"/>
      </symbol>
      <symbol id="sm-66d">
         <name>copysign</name>
         <value>0x4787</value>
         <object_component_ref idref="oc-255"/>
      </symbol>
      <symbol id="sm-66e">
         <name>copysignl</name>
         <value>0x4787</value>
         <object_component_ref idref="oc-255"/>
      </symbol>
      <symbol id="sm-678">
         <name>__aeabi_idiv0</name>
         <value>0xcbf</value>
         <object_component_ref idref="oc-2f1"/>
      </symbol>
      <symbol id="sm-679">
         <name>__aeabi_ldiv0</name>
         <value>0xcbf</value>
         <object_component_ref idref="oc-2f1"/>
      </symbol>
      <symbol id="sm-67a">
         <name>__TI_static_base__</name>
         <value>0x0</value>
      </symbol>
      <symbol id="sm-67d">
         <name>__mpu_init</name>
         <value>0x0</value>
      </symbol>
      <symbol id="sm-67e">
         <name>_system_post_cinit</name>
         <value>0x0</value>
      </symbol>
   </symbol_table>
   <title>Link successful</title>
</link_info>
